mode: atomic
github.com/swarm-editor/swarm-editor/internal/a2a/coordinator.go:133.76,134.31 1 48
github.com/swarm-editor/swarm-editor/internal/a2a/coordinator.go:134.31,136.3 1 43
github.com/swarm-editor/swarm-editor/internal/a2a/coordinator.go:137.2,137.29 1 48
github.com/swarm-editor/swarm-editor/internal/a2a/coordinator.go:137.29,139.3 1 47
github.com/swarm-editor/swarm-editor/internal/a2a/coordinator.go:140.2,140.36 1 48
github.com/swarm-editor/swarm-editor/internal/a2a/coordinator.go:140.36,142.3 1 48
github.com/swarm-editor/swarm-editor/internal/a2a/coordinator.go:143.2,143.32 1 48
github.com/swarm-editor/swarm-editor/internal/a2a/coordinator.go:143.32,145.3 1 48
github.com/swarm-editor/swarm-editor/internal/a2a/coordinator.go:146.2,146.27 1 48
github.com/swarm-editor/swarm-editor/internal/a2a/coordinator.go:146.27,148.3 1 38
github.com/swarm-editor/swarm-editor/internal/a2a/coordinator.go:149.2,149.35 1 48
github.com/swarm-editor/swarm-editor/internal/a2a/coordinator.go:149.35,151.3 1 47
github.com/swarm-editor/swarm-editor/internal/a2a/coordinator.go:153.2,161.3 1 48
github.com/swarm-editor/swarm-editor/internal/a2a/coordinator.go:165.56,169.15 3 7
github.com/swarm-editor/swarm-editor/internal/a2a/coordinator.go:169.15,171.3 1 0
github.com/swarm-editor/swarm-editor/internal/a2a/coordinator.go:173.2,193.12 16 7
github.com/swarm-editor/swarm-editor/internal/a2a/coordinator.go:197.30,199.16 2 7
github.com/swarm-editor/swarm-editor/internal/a2a/coordinator.go:199.16,202.3 2 0
github.com/swarm-editor/swarm-editor/internal/a2a/coordinator.go:203.2,204.21 2 7
github.com/swarm-editor/swarm-editor/internal/a2a/coordinator.go:204.21,206.3 1 7
github.com/swarm-editor/swarm-editor/internal/a2a/coordinator.go:207.2,209.13 2 7
github.com/swarm-editor/swarm-editor/internal/a2a/coordinator.go:213.71,227.2 3 53
github.com/swarm-editor/swarm-editor/internal/a2a/coordinator.go:230.50,237.38 4 11
github.com/swarm-editor/swarm-editor/internal/a2a/coordinator.go:237.38,239.39 2 0
github.com/swarm-editor/swarm-editor/internal/a2a/coordinator.go:239.39,240.17 1 0
github.com/swarm-editor/swarm-editor/internal/a2a/coordinator.go:240.17,242.5 1 0
github.com/swarm-editor/swarm-editor/internal/a2a/coordinator.go:244.3,244.44 1 0
github.com/swarm-editor/swarm-editor/internal/a2a/coordinator.go:244.44,246.33 2 0
github.com/swarm-editor/swarm-editor/internal/a2a/coordinator.go:246.33,252.5 5 0
github.com/swarm-editor/swarm-editor/internal/a2a/coordinator.go:258.85,263.16 3 10
github.com/swarm-editor/swarm-editor/internal/a2a/coordinator.go:263.16,265.3 1 1
github.com/swarm-editor/swarm-editor/internal/a2a/coordinator.go:267.2,270.12 3 9
github.com/swarm-editor/swarm-editor/internal/a2a/coordinator.go:274.40,283.6 5 7
github.com/swarm-editor/swarm-editor/internal/a2a/coordinator.go:283.6,284.10 1 9
github.com/swarm-editor/swarm-editor/internal/a2a/coordinator.go:285.21,286.10 1 7
github.com/swarm-editor/swarm-editor/internal/a2a/coordinator.go:287.19,289.20 2 2
github.com/swarm-editor/swarm-editor/internal/a2a/coordinator.go:296.43,301.39 4 2
github.com/swarm-editor/swarm-editor/internal/a2a/coordinator.go:301.39,302.81 1 1
github.com/swarm-editor/swarm-editor/internal/a2a/coordinator.go:302.81,310.44 6 0
github.com/swarm-editor/swarm-editor/internal/a2a/coordinator.go:310.44,311.69 1 0
github.com/swarm-editor/swarm-editor/internal/a2a/coordinator.go:311.69,314.6 2 0
github.com/swarm-editor/swarm-editor/internal/a2a/coordinator.go:321.38,324.51 2 4
github.com/swarm-editor/swarm-editor/internal/a2a/coordinator.go:324.51,327.3 2 1
github.com/swarm-editor/swarm-editor/internal/a2a/coordinator.go:330.2,331.17 2 3
github.com/swarm-editor/swarm-editor/internal/a2a/coordinator.go:331.17,334.3 2 0
github.com/swarm-editor/swarm-editor/internal/a2a/coordinator.go:337.2,338.22 2 3
github.com/swarm-editor/swarm-editor/internal/a2a/coordinator.go:338.22,341.3 2 1
github.com/swarm-editor/swarm-editor/internal/a2a/coordinator.go:344.2,348.21 3 2
github.com/swarm-editor/swarm-editor/internal/a2a/coordinator.go:348.21,350.3 1 1
github.com/swarm-editor/swarm-editor/internal/a2a/coordinator.go:354.55,355.30 1 4
github.com/swarm-editor/swarm-editor/internal/a2a/coordinator.go:355.30,357.3 1 0
github.com/swarm-editor/swarm-editor/internal/a2a/coordinator.go:359.2,360.38 2 4
github.com/swarm-editor/swarm-editor/internal/a2a/coordinator.go:360.38,362.34 1 6
github.com/swarm-editor/swarm-editor/internal/a2a/coordinator.go:362.34,363.12 1 0
github.com/swarm-editor/swarm-editor/internal/a2a/coordinator.go:366.3,366.57 1 6
github.com/swarm-editor/swarm-editor/internal/a2a/coordinator.go:366.57,368.4 1 5
github.com/swarm-editor/swarm-editor/internal/a2a/coordinator.go:371.2,371.16 1 4
github.com/swarm-editor/swarm-editor/internal/a2a/coordinator.go:375.71,376.42 1 8
github.com/swarm-editor/swarm-editor/internal/a2a/coordinator.go:376.42,378.39 2 2
github.com/swarm-editor/swarm-editor/internal/a2a/coordinator.go:378.39,380.4 1 1
github.com/swarm-editor/swarm-editor/internal/a2a/coordinator.go:382.2,382.13 1 7
github.com/swarm-editor/swarm-editor/internal/a2a/coordinator.go:386.69,387.27 1 11
github.com/swarm-editor/swarm-editor/internal/a2a/coordinator.go:388.26,389.34 1 4
github.com/swarm-editor/swarm-editor/internal/a2a/coordinator.go:390.27,391.35 1 2
github.com/swarm-editor/swarm-editor/internal/a2a/coordinator.go:392.26,393.36 1 2
github.com/swarm-editor/swarm-editor/internal/a2a/coordinator.go:394.29,395.37 1 2
github.com/swarm-editor/swarm-editor/internal/a2a/coordinator.go:396.21,397.29 1 1
github.com/swarm-editor/swarm-editor/internal/a2a/coordinator.go:398.10,399.35 1 0
github.com/swarm-editor/swarm-editor/internal/a2a/coordinator.go:404.73,406.34 2 4
github.com/swarm-editor/swarm-editor/internal/a2a/coordinator.go:406.34,407.76 1 6
github.com/swarm-editor/swarm-editor/internal/a2a/coordinator.go:407.76,409.4 1 5
github.com/swarm-editor/swarm-editor/internal/a2a/coordinator.go:412.2,412.25 1 4
github.com/swarm-editor/swarm-editor/internal/a2a/coordinator.go:412.25,414.3 1 1
github.com/swarm-editor/swarm-editor/internal/a2a/coordinator.go:417.2,417.44 1 3
github.com/swarm-editor/swarm-editor/internal/a2a/coordinator.go:417.44,419.3 1 2
github.com/swarm-editor/swarm-editor/internal/a2a/coordinator.go:421.2,421.22 1 3
github.com/swarm-editor/swarm-editor/internal/a2a/coordinator.go:425.74,427.33 2 2
github.com/swarm-editor/swarm-editor/internal/a2a/coordinator.go:427.33,428.29 1 4
github.com/swarm-editor/swarm-editor/internal/a2a/coordinator.go:428.29,429.12 1 0
github.com/swarm-editor/swarm-editor/internal/a2a/coordinator.go:431.3,431.51 1 4
github.com/swarm-editor/swarm-editor/internal/a2a/coordinator.go:431.51,432.12 1 0
github.com/swarm-editor/swarm-editor/internal/a2a/coordinator.go:434.3,434.41 1 4
github.com/swarm-editor/swarm-editor/internal/a2a/coordinator.go:437.2,437.26 1 2
github.com/swarm-editor/swarm-editor/internal/a2a/coordinator.go:437.26,439.3 1 0
github.com/swarm-editor/swarm-editor/internal/a2a/coordinator.go:441.2,441.45 1 2
github.com/swarm-editor/swarm-editor/internal/a2a/coordinator.go:441.45,443.3 1 2
github.com/swarm-editor/swarm-editor/internal/a2a/coordinator.go:445.2,445.35 1 2
github.com/swarm-editor/swarm-editor/internal/a2a/coordinator.go:449.75,456.34 3 4
github.com/swarm-editor/swarm-editor/internal/a2a/coordinator.go:456.34,457.29 1 7
github.com/swarm-editor/swarm-editor/internal/a2a/coordinator.go:457.29,458.12 1 0
github.com/swarm-editor/swarm-editor/internal/a2a/coordinator.go:461.3,462.16 2 7
github.com/swarm-editor/swarm-editor/internal/a2a/coordinator.go:462.16,464.4 1 7
github.com/swarm-editor/swarm-editor/internal/a2a/coordinator.go:467.2,467.26 1 4
github.com/swarm-editor/swarm-editor/internal/a2a/coordinator.go:467.26,469.3 1 0
github.com/swarm-editor/swarm-editor/internal/a2a/coordinator.go:471.2,471.45 1 4
github.com/swarm-editor/swarm-editor/internal/a2a/coordinator.go:471.45,473.3 1 3
github.com/swarm-editor/swarm-editor/internal/a2a/coordinator.go:475.2,475.35 1 4
github.com/swarm-editor/swarm-editor/internal/a2a/coordinator.go:479.76,482.34 2 2
github.com/swarm-editor/swarm-editor/internal/a2a/coordinator.go:482.34,483.29 1 3
github.com/swarm-editor/swarm-editor/internal/a2a/coordinator.go:483.29,484.12 1 0
github.com/swarm-editor/swarm-editor/internal/a2a/coordinator.go:486.3,486.51 1 3
github.com/swarm-editor/swarm-editor/internal/a2a/coordinator.go:486.51,487.12 1 0
github.com/swarm-editor/swarm-editor/internal/a2a/coordinator.go:489.3,489.32 1 3
github.com/swarm-editor/swarm-editor/internal/a2a/coordinator.go:492.2,492.23 1 2
github.com/swarm-editor/swarm-editor/internal/a2a/coordinator.go:492.23,494.3 1 0
github.com/swarm-editor/swarm-editor/internal/a2a/coordinator.go:497.2,503.29 3 2
github.com/swarm-editor/swarm-editor/internal/a2a/coordinator.go:503.29,508.31 3 3
github.com/swarm-editor/swarm-editor/internal/a2a/coordinator.go:508.31,509.41 1 0
github.com/swarm-editor/swarm-editor/internal/a2a/coordinator.go:509.41,510.51 1 0
github.com/swarm-editor/swarm-editor/internal/a2a/coordinator.go:510.51,512.6 1 0
github.com/swarm-editor/swarm-editor/internal/a2a/coordinator.go:517.3,519.48 2 3
github.com/swarm-editor/swarm-editor/internal/a2a/coordinator.go:522.2,522.41 1 2
github.com/swarm-editor/swarm-editor/internal/a2a/coordinator.go:522.41,524.3 1 1
github.com/swarm-editor/swarm-editor/internal/a2a/coordinator.go:526.2,526.31 1 2
github.com/swarm-editor/swarm-editor/internal/a2a/coordinator.go:530.68,537.37 4 5
github.com/swarm-editor/swarm-editor/internal/a2a/coordinator.go:537.37,538.58 1 3
github.com/swarm-editor/swarm-editor/internal/a2a/coordinator.go:538.58,539.63 1 3
github.com/swarm-editor/swarm-editor/internal/a2a/coordinator.go:539.63,541.5 1 3
github.com/swarm-editor/swarm-editor/internal/a2a/coordinator.go:546.2,546.22 1 5
github.com/swarm-editor/swarm-editor/internal/a2a/coordinator.go:546.22,549.35 1 3
github.com/swarm-editor/swarm-editor/internal/a2a/coordinator.go:549.35,550.30 1 4
github.com/swarm-editor/swarm-editor/internal/a2a/coordinator.go:550.30,551.13 1 1
github.com/swarm-editor/swarm-editor/internal/a2a/coordinator.go:553.4,553.52 1 3
github.com/swarm-editor/swarm-editor/internal/a2a/coordinator.go:553.52,554.13 1 1
github.com/swarm-editor/swarm-editor/internal/a2a/coordinator.go:558.4,558.47 1 2
github.com/swarm-editor/swarm-editor/internal/a2a/coordinator.go:558.47,559.39 1 2
github.com/swarm-editor/swarm-editor/internal/a2a/coordinator.go:559.39,561.14 2 1
github.com/swarm-editor/swarm-editor/internal/a2a/coordinator.go:564.4,564.39 1 2
github.com/swarm-editor/swarm-editor/internal/a2a/coordinator.go:566.8,569.3 1 2
github.com/swarm-editor/swarm-editor/internal/a2a/coordinator.go:571.2,571.26 1 3
github.com/swarm-editor/swarm-editor/internal/a2a/coordinator.go:571.26,573.3 1 2
github.com/swarm-editor/swarm-editor/internal/a2a/coordinator.go:575.2,575.23 1 1
github.com/swarm-editor/swarm-editor/internal/a2a/coordinator.go:579.99,584.41 3 7
github.com/swarm-editor/swarm-editor/internal/a2a/coordinator.go:584.41,585.31 1 4
github.com/swarm-editor/swarm-editor/internal/a2a/coordinator.go:585.31,587.4 1 2
github.com/swarm-editor/swarm-editor/internal/a2a/coordinator.go:589.2,599.49 5 7
github.com/swarm-editor/swarm-editor/internal/a2a/coordinator.go:599.49,601.46 1 0
github.com/swarm-editor/swarm-editor/internal/a2a/coordinator.go:601.46,602.34 1 0
github.com/swarm-editor/swarm-editor/internal/a2a/coordinator.go:602.34,604.10 2 0
github.com/swarm-editor/swarm-editor/internal/a2a/coordinator.go:609.2,609.14 1 7
github.com/swarm-editor/swarm-editor/internal/a2a/coordinator.go:613.84,614.24 1 18
github.com/swarm-editor/swarm-editor/internal/a2a/coordinator.go:614.24,616.3 1 12
github.com/swarm-editor/swarm-editor/internal/a2a/coordinator.go:618.2,618.41 1 6
github.com/swarm-editor/swarm-editor/internal/a2a/coordinator.go:618.41,619.26 1 7
github.com/swarm-editor/swarm-editor/internal/a2a/coordinator.go:619.26,621.4 1 4
github.com/swarm-editor/swarm-editor/internal/a2a/coordinator.go:623.2,623.14 1 2
github.com/swarm-editor/swarm-editor/internal/a2a/coordinator.go:628.94,641.33 6 3
github.com/swarm-editor/swarm-editor/internal/a2a/coordinator.go:641.33,656.23 4 3
github.com/swarm-editor/swarm-editor/internal/a2a/coordinator.go:656.23,657.17 1 3
github.com/swarm-editor/swarm-editor/internal/a2a/coordinator.go:657.17,659.33 2 3
github.com/swarm-editor/swarm-editor/internal/a2a/coordinator.go:659.33,661.6 1 0
github.com/swarm-editor/swarm-editor/internal/a2a/coordinator.go:663.4,663.43 1 3
github.com/swarm-editor/swarm-editor/internal/a2a/coordinator.go:663.43,665.5 1 1
github.com/swarm-editor/swarm-editor/internal/a2a/coordinator.go:669.3,669.41 1 3
github.com/swarm-editor/swarm-editor/internal/a2a/coordinator.go:669.41,673.4 3 3
github.com/swarm-editor/swarm-editor/internal/a2a/coordinator.go:677.2,679.21 3 3
github.com/swarm-editor/swarm-editor/internal/a2a/coordinator.go:679.21,681.3 1 3
github.com/swarm-editor/swarm-editor/internal/a2a/coordinator.go:682.2,682.50 1 3
github.com/swarm-editor/swarm-editor/internal/a2a/coordinator.go:682.50,683.17 1 1
github.com/swarm-editor/swarm-editor/internal/a2a/coordinator.go:683.17,683.56 1 1
github.com/swarm-editor/swarm-editor/internal/a2a/coordinator.go:685.2,685.12 1 2
github.com/swarm-editor/swarm-editor/internal/a2a/coordinator.go:693.60,695.51 2 1
github.com/swarm-editor/swarm-editor/internal/a2a/coordinator.go:695.51,697.3 1 0
github.com/swarm-editor/swarm-editor/internal/a2a/coordinator.go:699.2,703.9 4 1
github.com/swarm-editor/swarm-editor/internal/a2a/coordinator.go:703.9,705.3 1 0
github.com/swarm-editor/swarm-editor/internal/a2a/coordinator.go:708.2,713.12 3 1
github.com/swarm-editor/swarm-editor/internal/a2a/coordinator.go:717.60,722.51 2 1
github.com/swarm-editor/swarm-editor/internal/a2a/coordinator.go:722.51,724.3 1 0
github.com/swarm-editor/swarm-editor/internal/a2a/coordinator.go:726.2,730.9 4 1
github.com/swarm-editor/swarm-editor/internal/a2a/coordinator.go:730.9,732.3 1 0
github.com/swarm-editor/swarm-editor/internal/a2a/coordinator.go:735.2,738.40 2 1
github.com/swarm-editor/swarm-editor/internal/a2a/coordinator.go:738.40,742.3 3 1
github.com/swarm-editor/swarm-editor/internal/a2a/coordinator.go:745.2,746.37 2 1
github.com/swarm-editor/swarm-editor/internal/a2a/coordinator.go:746.37,747.20 1 1
github.com/swarm-editor/swarm-editor/internal/a2a/coordinator.go:747.20,749.4 1 0
github.com/swarm-editor/swarm-editor/internal/a2a/coordinator.go:751.2,754.31 2 1
github.com/swarm-editor/swarm-editor/internal/a2a/coordinator.go:754.31,759.3 4 1
github.com/swarm-editor/swarm-editor/internal/a2a/coordinator.go:761.2,761.12 1 1
github.com/swarm-editor/swarm-editor/internal/a2a/coordinator.go:765.62,767.51 2 1
github.com/swarm-editor/swarm-editor/internal/a2a/coordinator.go:767.51,769.3 1 0
github.com/swarm-editor/swarm-editor/internal/a2a/coordinator.go:771.2,775.9 4 1
github.com/swarm-editor/swarm-editor/internal/a2a/coordinator.go:775.9,777.3 1 0
github.com/swarm-editor/swarm-editor/internal/a2a/coordinator.go:779.2,780.12 2 1
github.com/swarm-editor/swarm-editor/internal/a2a/coordinator.go:784.62,786.51 2 2
github.com/swarm-editor/swarm-editor/internal/a2a/coordinator.go:786.51,788.3 1 0
github.com/swarm-editor/swarm-editor/internal/a2a/coordinator.go:790.2,793.9 3 2
github.com/swarm-editor/swarm-editor/internal/a2a/coordinator.go:793.9,796.3 2 0
github.com/swarm-editor/swarm-editor/internal/a2a/coordinator.go:798.2,801.25 2 2
github.com/swarm-editor/swarm-editor/internal/a2a/coordinator.go:801.25,803.3 1 1
github.com/swarm-editor/swarm-editor/internal/a2a/coordinator.go:804.2,813.40 2 2
github.com/swarm-editor/swarm-editor/internal/a2a/coordinator.go:813.40,819.35 6 2
github.com/swarm-editor/swarm-editor/internal/a2a/coordinator.go:819.35,821.4 1 0
github.com/swarm-editor/swarm-editor/internal/a2a/coordinator.go:825.2,825.47 1 2
github.com/swarm-editor/swarm-editor/internal/a2a/coordinator.go:825.47,833.91 6 2
github.com/swarm-editor/swarm-editor/internal/a2a/coordinator.go:833.91,835.4 1 0
github.com/swarm-editor/swarm-editor/internal/a2a/coordinator.go:838.3,843.34 4 2
github.com/swarm-editor/swarm-editor/internal/a2a/coordinator.go:843.34,845.9 2 2
github.com/swarm-editor/swarm-editor/internal/a2a/coordinator.go:847.3,849.28 2 2
github.com/swarm-editor/swarm-editor/internal/a2a/coordinator.go:849.28,851.4 1 1
github.com/swarm-editor/swarm-editor/internal/a2a/coordinator.go:852.3,852.13 1 2
github.com/swarm-editor/swarm-editor/internal/a2a/coordinator.go:855.2,856.12 2 0
github.com/swarm-editor/swarm-editor/internal/a2a/coordinator.go:860.60,862.51 2 1
github.com/swarm-editor/swarm-editor/internal/a2a/coordinator.go:862.51,864.3 1 0
github.com/swarm-editor/swarm-editor/internal/a2a/coordinator.go:866.2,870.9 4 1
github.com/swarm-editor/swarm-editor/internal/a2a/coordinator.go:870.9,872.3 1 0
github.com/swarm-editor/swarm-editor/internal/a2a/coordinator.go:874.2,877.40 2 1
github.com/swarm-editor/swarm-editor/internal/a2a/coordinator.go:877.40,882.3 4 1
github.com/swarm-editor/swarm-editor/internal/a2a/coordinator.go:885.2,885.25 1 1
github.com/swarm-editor/swarm-editor/internal/a2a/coordinator.go:885.25,887.3 1 1
github.com/swarm-editor/swarm-editor/internal/a2a/coordinator.go:888.2,895.37 3 1
github.com/swarm-editor/swarm-editor/internal/a2a/coordinator.go:895.37,896.54 1 1
github.com/swarm-editor/swarm-editor/internal/a2a/coordinator.go:896.54,898.9 2 0
github.com/swarm-editor/swarm-editor/internal/a2a/coordinator.go:902.2,902.15 1 1
github.com/swarm-editor/swarm-editor/internal/a2a/coordinator.go:902.15,908.91 4 1
github.com/swarm-editor/swarm-editor/internal/a2a/coordinator.go:908.91,910.4 1 0
github.com/swarm-editor/swarm-editor/internal/a2a/coordinator.go:913.2,913.12 1 1
github.com/swarm-editor/swarm-editor/internal/a2a/coordinator.go:917.61,919.51 2 12
github.com/swarm-editor/swarm-editor/internal/a2a/coordinator.go:919.51,921.3 1 0
github.com/swarm-editor/swarm-editor/internal/a2a/coordinator.go:924.2,930.34 4 12
github.com/swarm-editor/swarm-editor/internal/a2a/coordinator.go:930.34,937.3 3 53
github.com/swarm-editor/swarm-editor/internal/a2a/coordinator.go:938.2,942.32 3 12
github.com/swarm-editor/swarm-editor/internal/a2a/coordinator.go:942.32,943.29 1 53
github.com/swarm-editor/swarm-editor/internal/a2a/coordinator.go:943.29,944.12 1 0
github.com/swarm-editor/swarm-editor/internal/a2a/coordinator.go:947.3,948.40 2 53
github.com/swarm-editor/swarm-editor/internal/a2a/coordinator.go:948.40,949.43 1 53
github.com/swarm-editor/swarm-editor/internal/a2a/coordinator.go:949.43,950.21 1 53
github.com/swarm-editor/swarm-editor/internal/a2a/coordinator.go:950.21,952.11 2 52
github.com/swarm-editor/swarm-editor/internal/a2a/coordinator.go:955.4,955.16 1 53
github.com/swarm-editor/swarm-editor/internal/a2a/coordinator.go:955.16,956.10 1 52
github.com/swarm-editor/swarm-editor/internal/a2a/coordinator.go:960.3,960.43 1 53
github.com/swarm-editor/swarm-editor/internal/a2a/coordinator.go:960.43,962.4 1 52
github.com/swarm-editor/swarm-editor/internal/a2a/coordinator.go:966.2,966.35 1 12
github.com/swarm-editor/swarm-editor/internal/a2a/coordinator.go:966.35,976.23 3 52
github.com/swarm-editor/swarm-editor/internal/a2a/coordinator.go:976.23,977.17 1 52
github.com/swarm-editor/swarm-editor/internal/a2a/coordinator.go:977.17,979.33 2 52
github.com/swarm-editor/swarm-editor/internal/a2a/coordinator.go:979.33,981.6 1 0
github.com/swarm-editor/swarm-editor/internal/a2a/coordinator.go:983.4,983.43 1 52
github.com/swarm-editor/swarm-editor/internal/a2a/coordinator.go:983.43,985.5 1 52
github.com/swarm-editor/swarm-editor/internal/a2a/coordinator.go:989.2,989.12 1 12
github.com/swarm-editor/swarm-editor/internal/a2a/coordinator.go:993.59,996.2 1 1
github.com/swarm-editor/swarm-editor/internal/a2a/coordinator.go:999.58,1001.51 2 1
github.com/swarm-editor/swarm-editor/internal/a2a/coordinator.go:1001.51,1003.3 1 0
github.com/swarm-editor/swarm-editor/internal/a2a/coordinator.go:1005.2,1018.38 4 1
github.com/swarm-editor/swarm-editor/internal/a2a/coordinator.go:1018.38,1019.43 1 1
github.com/swarm-editor/swarm-editor/internal/a2a/coordinator.go:1019.43,1020.27 1 1
github.com/swarm-editor/swarm-editor/internal/a2a/coordinator.go:1020.27,1024.49 3 1
github.com/swarm-editor/swarm-editor/internal/a2a/coordinator.go:1024.49,1026.6 1 0
github.com/swarm-editor/swarm-editor/internal/a2a/coordinator.go:1027.5,1027.10 1 1
github.com/swarm-editor/swarm-editor/internal/a2a/coordinator.go:1032.2,1032.12 1 1
github.com/swarm-editor/swarm-editor/internal/a2a/coordinator.go:1036.59,1038.51 2 1
github.com/swarm-editor/swarm-editor/internal/a2a/coordinator.go:1038.51,1040.3 1 0
github.com/swarm-editor/swarm-editor/internal/a2a/coordinator.go:1043.2,1046.38 3 1
github.com/swarm-editor/swarm-editor/internal/a2a/coordinator.go:1046.38,1047.41 1 1
github.com/swarm-editor/swarm-editor/internal/a2a/coordinator.go:1047.41,1048.36 1 1
github.com/swarm-editor/swarm-editor/internal/a2a/coordinator.go:1048.36,1052.26 3 1
github.com/swarm-editor/swarm-editor/internal/a2a/coordinator.go:1052.26,1055.34 2 1
github.com/swarm-editor/swarm-editor/internal/a2a/coordinator.go:1055.34,1057.7 1 0
github.com/swarm-editor/swarm-editor/internal/a2a/coordinator.go:1063.2,1063.12 1 1
github.com/swarm-editor/swarm-editor/internal/a2a/coordinator.go:1067.59,1069.51 2 1
github.com/swarm-editor/swarm-editor/internal/a2a/coordinator.go:1069.51,1071.3 1 0
github.com/swarm-editor/swarm-editor/internal/a2a/coordinator.go:1073.2,1078.43 4 1
github.com/swarm-editor/swarm-editor/internal/a2a/coordinator.go:1078.43,1082.3 2 0
github.com/swarm-editor/swarm-editor/internal/a2a/coordinator.go:1082.8,1092.3 1 1
github.com/swarm-editor/swarm-editor/internal/a2a/coordinator.go:1094.2,1094.12 1 1
github.com/swarm-editor/swarm-editor/internal/a2a/coordinator.go:1102.70,1105.43 2 17
github.com/swarm-editor/swarm-editor/internal/a2a/coordinator.go:1105.43,1108.3 2 11
github.com/swarm-editor/swarm-editor/internal/a2a/coordinator.go:1108.8,1117.3 1 6
github.com/swarm-editor/swarm-editor/internal/a2a/coordinator.go:1121.44,1130.6 5 7
github.com/swarm-editor/swarm-editor/internal/a2a/coordinator.go:1130.6,1131.10 1 7
github.com/swarm-editor/swarm-editor/internal/a2a/coordinator.go:1132.21,1133.10 1 7
github.com/swarm-editor/swarm-editor/internal/a2a/coordinator.go:1134.19,1135.23 1 0
github.com/swarm-editor/swarm-editor/internal/a2a/coordinator.go:1141.41,1145.39 3 1
github.com/swarm-editor/swarm-editor/internal/a2a/coordinator.go:1145.39,1147.26 2 1
github.com/swarm-editor/swarm-editor/internal/a2a/coordinator.go:1147.26,1149.4 1 0
github.com/swarm-editor/swarm-editor/internal/a2a/coordinator.go:1155.50,1156.92 1 1
github.com/swarm-editor/swarm-editor/internal/a2a/coordinator.go:1156.92,1158.3 1 0
github.com/swarm-editor/swarm-editor/internal/a2a/coordinator.go:1161.2,1167.41 3 1
github.com/swarm-editor/swarm-editor/internal/a2a/coordinator.go:1167.41,1169.3 1 5
github.com/swarm-editor/swarm-editor/internal/a2a/coordinator.go:1172.2,1172.40 1 1
github.com/swarm-editor/swarm-editor/internal/a2a/coordinator.go:1172.40,1174.3 1 4
github.com/swarm-editor/swarm-editor/internal/a2a/coordinator.go:1177.2,1178.43 2 1
github.com/swarm-editor/swarm-editor/internal/a2a/coordinator.go:1178.43,1180.3 1 3
github.com/swarm-editor/swarm-editor/internal/a2a/coordinator.go:1188.52,1194.33 5 1
github.com/swarm-editor/swarm-editor/internal/a2a/coordinator.go:1194.33,1195.23 1 1
github.com/swarm-editor/swarm-editor/internal/a2a/coordinator.go:1196.15,1197.16 1 1
github.com/swarm-editor/swarm-editor/internal/a2a/coordinator.go:1198.15,1199.16 1 0
github.com/swarm-editor/swarm-editor/internal/a2a/coordinator.go:1203.2,1211.3 1 1
github.com/swarm-editor/swarm-editor/internal/a2a/coordinator.go:1226.85,1230.2 3 2
github.com/swarm-editor/swarm-editor/internal/a2a/coordinator.go:1233.91,1237.2 3 2
github.com/swarm-editor/swarm-editor/internal/a2a/coordinator.go:1240.65,1244.2 3 1
github.com/swarm-editor/swarm-editor/internal/a2a/coordinator.go:1247.115,1258.2 2 1
github.com/swarm-editor/swarm-editor/internal/a2a/coordinator.go:1261.131,1263.16 2 1
github.com/swarm-editor/swarm-editor/internal/a2a/coordinator.go:1263.16,1265.3 1 0
github.com/swarm-editor/swarm-editor/internal/a2a/coordinator.go:1267.2,1275.27 2 1
github.com/swarm-editor/swarm-editor/internal/a2a/protocol.go:104.64,114.2 1 115
github.com/swarm-editor/swarm-editor/internal/a2a/protocol.go:117.53,119.16 2 103
github.com/swarm-editor/swarm-editor/internal/a2a/protocol.go:119.16,123.3 2 1
github.com/swarm-editor/swarm-editor/internal/a2a/protocol.go:124.2,125.10 2 102
github.com/swarm-editor/swarm-editor/internal/a2a/protocol.go:129.53,132.2 2 5
github.com/swarm-editor/swarm-editor/internal/a2a/protocol.go:135.55,138.2 2 4
github.com/swarm-editor/swarm-editor/internal/a2a/protocol.go:141.55,144.2 2 3
github.com/swarm-editor/swarm-editor/internal/a2a/protocol.go:147.58,148.22 1 2
github.com/swarm-editor/swarm-editor/internal/a2a/protocol.go:148.22,150.3 1 0
github.com/swarm-editor/swarm-editor/internal/a2a/protocol.go:151.2,152.10 2 2
github.com/swarm-editor/swarm-editor/internal/a2a/protocol.go:156.50,158.2 1 22
github.com/swarm-editor/swarm-editor/internal/a2a/protocol.go:161.36,162.16 1 68
github.com/swarm-editor/swarm-editor/internal/a2a/protocol.go:162.16,164.3 1 66
github.com/swarm-editor/swarm-editor/internal/a2a/protocol.go:165.2,165.40 1 2
github.com/swarm-editor/swarm-editor/internal/a2a/protocol.go:169.38,171.2 1 68
github.com/swarm-editor/swarm-editor/internal/a2a/protocol.go:434.33,436.2 1 115
github.com/swarm-editor/swarm-editor/internal/a2a/protocol.go:489.45,490.27 1 64
github.com/swarm-editor/swarm-editor/internal/a2a/protocol.go:490.27,492.3 1 63
github.com/swarm-editor/swarm-editor/internal/a2a/protocol.go:493.2,493.29 1 64
github.com/swarm-editor/swarm-editor/internal/a2a/protocol.go:493.29,495.3 1 64
github.com/swarm-editor/swarm-editor/internal/a2a/protocol.go:496.2,496.28 1 64
github.com/swarm-editor/swarm-editor/internal/a2a/protocol.go:496.28,498.3 1 62
github.com/swarm-editor/swarm-editor/internal/a2a/protocol.go:499.2,499.28 1 64
github.com/swarm-editor/swarm-editor/internal/a2a/protocol.go:499.28,501.3 1 62
github.com/swarm-editor/swarm-editor/internal/a2a/protocol.go:503.2,509.3 1 64
github.com/swarm-editor/swarm-editor/internal/a2a/protocol.go:513.97,524.2 3 26
github.com/swarm-editor/swarm-editor/internal/a2a/protocol.go:527.45,534.39 4 3
github.com/swarm-editor/swarm-editor/internal/a2a/protocol.go:534.39,535.34 1 2
github.com/swarm-editor/swarm-editor/internal/a2a/protocol.go:535.34,536.20 1 2
github.com/swarm-editor/swarm-editor/internal/a2a/protocol.go:536.20,538.10 2 2
github.com/swarm-editor/swarm-editor/internal/a2a/protocol.go:542.3,542.32 1 2
github.com/swarm-editor/swarm-editor/internal/a2a/protocol.go:542.32,544.4 1 1
github.com/swarm-editor/swarm-editor/internal/a2a/protocol.go:549.53,554.2 3 8
github.com/swarm-editor/swarm-editor/internal/a2a/protocol.go:557.54,562.33 4 2
github.com/swarm-editor/swarm-editor/internal/a2a/protocol.go:562.33,563.24 1 2
github.com/swarm-editor/swarm-editor/internal/a2a/protocol.go:563.24,565.9 2 2
github.com/swarm-editor/swarm-editor/internal/a2a/protocol.go:569.2,569.33 1 2
github.com/swarm-editor/swarm-editor/internal/a2a/protocol.go:569.33,571.3 1 1
github.com/swarm-editor/swarm-editor/internal/a2a/protocol.go:575.79,580.2 3 72
github.com/swarm-editor/swarm-editor/internal/a2a/protocol.go:583.51,587.15 3 3
github.com/swarm-editor/swarm-editor/internal/a2a/protocol.go:587.15,589.3 1 1
github.com/swarm-editor/swarm-editor/internal/a2a/protocol.go:591.2,597.12 5 2
github.com/swarm-editor/swarm-editor/internal/a2a/protocol.go:601.25,603.16 2 3
github.com/swarm-editor/swarm-editor/internal/a2a/protocol.go:603.16,606.3 2 1
github.com/swarm-editor/swarm-editor/internal/a2a/protocol.go:607.2,608.21 2 2
github.com/swarm-editor/swarm-editor/internal/a2a/protocol.go:608.21,610.3 1 2
github.com/swarm-editor/swarm-editor/internal/a2a/protocol.go:611.2,613.13 2 2
github.com/swarm-editor/swarm-editor/internal/a2a/protocol.go:617.43,619.21 1 66
github.com/swarm-editor/swarm-editor/internal/a2a/protocol.go:619.21,621.3 1 1
github.com/swarm-editor/swarm-editor/internal/a2a/protocol.go:623.2,626.23 2 65
github.com/swarm-editor/swarm-editor/internal/a2a/protocol.go:626.23,628.3 1 4
github.com/swarm-editor/swarm-editor/internal/a2a/protocol.go:631.2,631.21 1 61
github.com/swarm-editor/swarm-editor/internal/a2a/protocol.go:631.21,633.3 1 2
github.com/swarm-editor/swarm-editor/internal/a2a/protocol.go:637.2,641.9 4 59
github.com/swarm-editor/swarm-editor/internal/a2a/protocol.go:641.9,643.3 1 54
github.com/swarm-editor/swarm-editor/internal/a2a/protocol.go:645.2,645.41 1 5
github.com/swarm-editor/swarm-editor/internal/a2a/protocol.go:651.47,654.18 3 67
github.com/swarm-editor/swarm-editor/internal/a2a/protocol.go:654.18,656.3 1 2
github.com/swarm-editor/swarm-editor/internal/a2a/protocol.go:657.2,657.29 1 65
github.com/swarm-editor/swarm-editor/internal/a2a/protocol.go:662.95,665.43 2 13
github.com/swarm-editor/swarm-editor/internal/a2a/protocol.go:665.43,671.13 3 18
github.com/swarm-editor/swarm-editor/internal/a2a/protocol.go:671.13,672.17 1 18
github.com/swarm-editor/swarm-editor/internal/a2a/protocol.go:672.17,673.33 1 18
github.com/swarm-editor/swarm-editor/internal/a2a/protocol.go:673.33,675.6 1 0
github.com/swarm-editor/swarm-editor/internal/a2a/protocol.go:677.4,677.52 1 18
github.com/swarm-editor/swarm-editor/internal/a2a/protocol.go:680.3,682.10 3 18
github.com/swarm-editor/swarm-editor/internal/a2a/protocol.go:683.26,685.17 2 18
github.com/swarm-editor/swarm-editor/internal/a2a/protocol.go:686.22,687.69 1 0
github.com/swarm-editor/swarm-editor/internal/a2a/protocol.go:688.21,690.20 2 0
github.com/swarm-editor/swarm-editor/internal/a2a/protocol.go:693.3,693.17 1 18
github.com/swarm-editor/swarm-editor/internal/a2a/protocol.go:693.17,695.4 1 11
github.com/swarm-editor/swarm-editor/internal/a2a/protocol.go:696.3,700.10 3 7
github.com/swarm-editor/swarm-editor/internal/a2a/protocol.go:701.21,703.20 2 0
github.com/swarm-editor/swarm-editor/internal/a2a/protocol.go:704.18,704.18 0 7
github.com/swarm-editor/swarm-editor/internal/a2a/protocol.go:708.2,708.80 1 2
github.com/swarm-editor/swarm-editor/internal/a2a/protocol.go:712.69,716.33 3 4
github.com/swarm-editor/swarm-editor/internal/a2a/protocol.go:716.33,717.27 1 7
github.com/swarm-editor/swarm-editor/internal/a2a/protocol.go:717.27,719.4 1 6
github.com/swarm-editor/swarm-editor/internal/a2a/protocol.go:721.2,724.31 3 4
github.com/swarm-editor/swarm-editor/internal/a2a/protocol.go:724.31,725.58 1 6
github.com/swarm-editor/swarm-editor/internal/a2a/protocol.go:725.58,727.4 1 1
github.com/swarm-editor/swarm-editor/internal/a2a/protocol.go:730.2,730.21 1 4
github.com/swarm-editor/swarm-editor/internal/a2a/protocol.go:730.21,732.3 1 1
github.com/swarm-editor/swarm-editor/internal/a2a/protocol.go:733.2,733.12 1 3
github.com/swarm-editor/swarm-editor/internal/a2a/protocol.go:737.69,741.9 3 2
github.com/swarm-editor/swarm-editor/internal/a2a/protocol.go:741.9,744.3 2 1
github.com/swarm-editor/swarm-editor/internal/a2a/protocol.go:745.2,746.35 2 1
github.com/swarm-editor/swarm-editor/internal/a2a/protocol.go:746.35,747.52 1 2
github.com/swarm-editor/swarm-editor/internal/a2a/protocol.go:747.52,749.4 1 2
github.com/swarm-editor/swarm-editor/internal/a2a/protocol.go:751.2,754.31 3 1
github.com/swarm-editor/swarm-editor/internal/a2a/protocol.go:754.31,755.58 1 2
github.com/swarm-editor/swarm-editor/internal/a2a/protocol.go:755.58,757.4 1 0
github.com/swarm-editor/swarm-editor/internal/a2a/protocol.go:760.2,760.21 1 1
github.com/swarm-editor/swarm-editor/internal/a2a/protocol.go:760.21,762.3 1 0
github.com/swarm-editor/swarm-editor/internal/a2a/protocol.go:763.2,763.12 1 1
github.com/swarm-editor/swarm-editor/internal/a2a/protocol.go:767.46,768.9 1 3
github.com/swarm-editor/swarm-editor/internal/a2a/protocol.go:769.22,770.13 1 2
github.com/swarm-editor/swarm-editor/internal/a2a/protocol.go:771.10,772.42 1 1
github.com/swarm-editor/swarm-editor/internal/a2a/protocol.go:777.33,781.6 3 2
github.com/swarm-editor/swarm-editor/internal/a2a/protocol.go:781.6,782.10 1 3
github.com/swarm-editor/swarm-editor/internal/a2a/protocol.go:783.21,784.10 1 2
github.com/swarm-editor/swarm-editor/internal/a2a/protocol.go:785.25,786.25 1 1
github.com/swarm-editor/swarm-editor/internal/a2a/protocol.go:792.47,797.35 4 2
github.com/swarm-editor/swarm-editor/internal/a2a/protocol.go:797.35,798.38 1 2
github.com/swarm-editor/swarm-editor/internal/a2a/protocol.go:798.38,800.4 1 0
github.com/swarm-editor/swarm-editor/internal/a2a/protocol.go:805.59,810.9 4 3
github.com/swarm-editor/swarm-editor/internal/a2a/protocol.go:810.9,812.3 1 2
github.com/swarm-editor/swarm-editor/internal/a2a/protocol.go:813.2,813.27 1 1
github.com/swarm-editor/swarm-editor/internal/a2a/protocol.go:817.45,822.34 4 1
github.com/swarm-editor/swarm-editor/internal/a2a/protocol.go:822.34,823.31 1 2
github.com/swarm-editor/swarm-editor/internal/a2a/protocol.go:823.31,825.4 1 2
github.com/swarm-editor/swarm-editor/internal/a2a/protocol.go:827.2,827.15 1 1
github.com/swarm-editor/swarm-editor/internal/a2a/protocol.go:831.68,836.34 4 1
github.com/swarm-editor/swarm-editor/internal/a2a/protocol.go:836.34,837.54 1 1
github.com/swarm-editor/swarm-editor/internal/a2a/protocol.go:837.54,839.4 1 1
github.com/swarm-editor/swarm-editor/internal/a2a/protocol.go:841.2,841.16 1 1
