mode: set
github.com/swarm-editor/swarm-editor/internal/acp/config.go:14.28,16.16 2 1
github.com/swarm-editor/swarm-editor/internal/acp/config.go:16.16,18.41 1 1
github.com/swarm-editor/swarm-editor/internal/acp/config.go:18.41,20.4 1 1
github.com/swarm-editor/swarm-editor/internal/acp/config.go:21.3,21.25 1 0
github.com/swarm-editor/swarm-editor/internal/acp/config.go:23.2,23.45 1 1
github.com/swarm-editor/swarm-editor/internal/acp/config.go:112.26,129.2 1 1
github.com/swarm-editor/swarm-editor/internal/acp/config.go:132.47,133.16 1 1
github.com/swarm-editor/swarm-editor/internal/acp/config.go:133.16,135.3 1 0
github.com/swarm-editor/swarm-editor/internal/acp/config.go:137.2,138.16 2 1
github.com/swarm-editor/swarm-editor/internal/acp/config.go:138.16,139.37 1 1
github.com/swarm-editor/swarm-editor/internal/acp/config.go:139.37,142.41 2 1
github.com/swarm-editor/swarm-editor/internal/acp/config.go:142.41,144.5 1 0
github.com/swarm-editor/swarm-editor/internal/acp/config.go:145.4,145.19 1 1
github.com/swarm-editor/swarm-editor/internal/acp/config.go:147.3,147.59 1 0
github.com/swarm-editor/swarm-editor/internal/acp/config.go:150.2,151.51 2 1
github.com/swarm-editor/swarm-editor/internal/acp/config.go:151.51,153.3 1 1
github.com/swarm-editor/swarm-editor/internal/acp/config.go:155.2,155.23 1 1
github.com/swarm-editor/swarm-editor/internal/acp/config.go:155.23,157.3 1 1
github.com/swarm-editor/swarm-editor/internal/acp/config.go:159.2,159.18 1 1
github.com/swarm-editor/swarm-editor/internal/acp/config.go:163.42,167.16 3 1
github.com/swarm-editor/swarm-editor/internal/acp/config.go:167.16,169.3 1 0
github.com/swarm-editor/swarm-editor/internal/acp/config.go:172.2,172.62 1 1
github.com/swarm-editor/swarm-editor/internal/acp/config.go:172.62,174.3 1 1
github.com/swarm-editor/swarm-editor/internal/acp/config.go:176.2,177.16 2 1
github.com/swarm-editor/swarm-editor/internal/acp/config.go:177.16,179.3 1 0
github.com/swarm-editor/swarm-editor/internal/acp/config.go:182.2,182.39 1 1
github.com/swarm-editor/swarm-editor/internal/acp/config.go:186.53,190.20 3 1
github.com/swarm-editor/swarm-editor/internal/acp/config.go:190.20,192.3 1 1
github.com/swarm-editor/swarm-editor/internal/acp/config.go:194.2,194.45 1 1
github.com/swarm-editor/swarm-editor/internal/acp/config.go:194.45,196.3 1 1
github.com/swarm-editor/swarm-editor/internal/acp/config.go:198.2,199.12 2 1
github.com/swarm-editor/swarm-editor/internal/acp/config.go:203.47,207.40 3 1
github.com/swarm-editor/swarm-editor/internal/acp/config.go:207.40,209.3 1 1
github.com/swarm-editor/swarm-editor/internal/acp/config.go:211.2,212.12 2 1
github.com/swarm-editor/swarm-editor/internal/acp/config.go:216.59,221.2 4 1
github.com/swarm-editor/swarm-editor/internal/acp/config.go:224.46,229.33 4 1
github.com/swarm-editor/swarm-editor/internal/acp/config.go:229.33,231.3 1 1
github.com/swarm-editor/swarm-editor/internal/acp/config.go:232.2,232.15 1 1
github.com/swarm-editor/swarm-editor/internal/acp/config.go:236.53,241.33 4 1
github.com/swarm-editor/swarm-editor/internal/acp/config.go:241.33,242.20 1 1
github.com/swarm-editor/swarm-editor/internal/acp/config.go:242.20,244.4 1 1
github.com/swarm-editor/swarm-editor/internal/acp/config.go:246.2,246.15 1 1
github.com/swarm-editor/swarm-editor/internal/acp/config.go:250.56,254.20 3 1
github.com/swarm-editor/swarm-editor/internal/acp/config.go:254.20,256.3 1 1
github.com/swarm-editor/swarm-editor/internal/acp/config.go:258.2,258.46 1 1
github.com/swarm-editor/swarm-editor/internal/acp/config.go:258.46,260.3 1 1
github.com/swarm-editor/swarm-editor/internal/acp/config.go:262.2,263.12 2 1
github.com/swarm-editor/swarm-editor/internal/acp/config.go:267.60,272.33 4 1
github.com/swarm-editor/swarm-editor/internal/acp/config.go:272.33,273.32 1 1
github.com/swarm-editor/swarm-editor/internal/acp/config.go:273.32,274.16 1 1
github.com/swarm-editor/swarm-editor/internal/acp/config.go:274.16,276.10 2 1
github.com/swarm-editor/swarm-editor/internal/acp/config.go:280.2,280.15 1 1
github.com/swarm-editor/swarm-editor/internal/acp/config.go:284.62,289.33 4 1
github.com/swarm-editor/swarm-editor/internal/acp/config.go:289.33,290.31 1 1
github.com/swarm-editor/swarm-editor/internal/acp/config.go:290.31,291.55 1 1
github.com/swarm-editor/swarm-editor/internal/acp/config.go:291.55,292.18 1 1
github.com/swarm-editor/swarm-editor/internal/acp/config.go:292.18,294.11 2 1
github.com/swarm-editor/swarm-editor/internal/acp/config.go:299.2,299.15 1 1
github.com/swarm-editor/swarm-editor/internal/acp/config.go:303.51,308.33 4 1
github.com/swarm-editor/swarm-editor/internal/acp/config.go:308.33,309.86 1 1
github.com/swarm-editor/swarm-editor/internal/acp/config.go:309.86,311.4 1 1
github.com/swarm-editor/swarm-editor/internal/acp/config.go:313.2,313.15 1 1
github.com/swarm-editor/swarm-editor/internal/acp/config.go:317.46,322.33 4 1
github.com/swarm-editor/swarm-editor/internal/acp/config.go:322.33,323.81 1 1
github.com/swarm-editor/swarm-editor/internal/acp/config.go:323.81,325.4 1 1
github.com/swarm-editor/swarm-editor/internal/acp/config.go:327.2,327.15 1 1
github.com/swarm-editor/swarm-editor/internal/acp/config.go:331.35,335.34 3 1
github.com/swarm-editor/swarm-editor/internal/acp/config.go:335.34,336.26 1 1
github.com/swarm-editor/swarm-editor/internal/acp/config.go:336.26,338.4 1 1
github.com/swarm-editor/swarm-editor/internal/acp/config.go:341.2,341.12 1 1
github.com/swarm-editor/swarm-editor/internal/acp/config.go:345.43,350.16 4 1
github.com/swarm-editor/swarm-editor/internal/acp/config.go:350.16,352.3 1 0
github.com/swarm-editor/swarm-editor/internal/acp/config.go:354.2,355.53 2 1
github.com/swarm-editor/swarm-editor/internal/acp/config.go:355.53,357.3 1 0
github.com/swarm-editor/swarm-editor/internal/acp/config.go:359.2,359.20 1 1
github.com/swarm-editor/swarm-editor/internal/acp/config.go:363.30,435.2 5 1
github.com/swarm-editor/swarm-editor/internal/acp/connection.go:28.59,29.19 1 1
github.com/swarm-editor/swarm-editor/internal/acp/connection.go:29.19,31.3 1 1
github.com/swarm-editor/swarm-editor/internal/acp/connection.go:34.2,35.38 2 1
github.com/swarm-editor/swarm-editor/internal/acp/connection.go:35.38,37.3 1 1
github.com/swarm-editor/swarm-editor/internal/acp/connection.go:40.2,45.44 2 1
github.com/swarm-editor/swarm-editor/internal/acp/connection.go:45.44,46.41 1 1
github.com/swarm-editor/swarm-editor/internal/acp/connection.go:46.41,48.4 1 1
github.com/swarm-editor/swarm-editor/internal/acp/connection.go:52.2,52.27 1 1
github.com/swarm-editor/swarm-editor/internal/acp/connection.go:52.27,53.45 1 1
github.com/swarm-editor/swarm-editor/internal/acp/connection.go:53.45,54.38 1 1
github.com/swarm-editor/swarm-editor/internal/acp/connection.go:54.38,56.5 1 1
github.com/swarm-editor/swarm-editor/internal/acp/connection.go:60.2,60.12 1 1
github.com/swarm-editor/swarm-editor/internal/acp/connection.go:112.46,118.2 5 1
github.com/swarm-editor/swarm-editor/internal/acp/connection.go:121.55,125.2 3 1
github.com/swarm-editor/swarm-editor/internal/acp/connection.go:129.47,132.14 3 1
github.com/swarm-editor/swarm-editor/internal/acp/connection.go:132.14,135.3 2 1
github.com/swarm-editor/swarm-editor/internal/acp/connection.go:136.2,139.17 3 1
github.com/swarm-editor/swarm-editor/internal/acp/connection.go:139.17,141.3 1 1
github.com/swarm-editor/swarm-editor/internal/acp/connection.go:145.77,150.17 4 1
github.com/swarm-editor/swarm-editor/internal/acp/connection.go:150.17,152.3 1 1
github.com/swarm-editor/swarm-editor/internal/acp/connection.go:154.2,157.9 3 1
github.com/swarm-editor/swarm-editor/internal/acp/connection.go:158.14,162.17 4 1
github.com/swarm-editor/swarm-editor/internal/acp/connection.go:163.17,164.13 1 1
github.com/swarm-editor/swarm-editor/internal/acp/connection.go:169.52,173.2 3 1
github.com/swarm-editor/swarm-editor/internal/acp/connection.go:188.59,189.16 1 1
github.com/swarm-editor/swarm-editor/internal/acp/connection.go:189.16,191.3 1 1
github.com/swarm-editor/swarm-editor/internal/acp/connection.go:192.2,195.3 1 1
github.com/swarm-editor/swarm-editor/internal/acp/connection.go:199.100,204.44 3 1
github.com/swarm-editor/swarm-editor/internal/acp/connection.go:204.44,209.58 5 1
github.com/swarm-editor/swarm-editor/internal/acp/connection.go:209.58,212.4 1 1
github.com/swarm-editor/swarm-editor/internal/acp/connection.go:214.3,214.20 1 0
github.com/swarm-editor/swarm-editor/internal/acp/connection.go:214.20,216.4 1 0
github.com/swarm-editor/swarm-editor/internal/acp/connection.go:220.2,221.9 2 1
github.com/swarm-editor/swarm-editor/internal/acp/connection.go:221.9,223.3 1 1
github.com/swarm-editor/swarm-editor/internal/acp/connection.go:225.2,225.23 1 1
github.com/swarm-editor/swarm-editor/internal/acp/connection.go:225.23,227.3 1 1
github.com/swarm-editor/swarm-editor/internal/acp/connection.go:230.2,242.12 5 1
github.com/swarm-editor/swarm-editor/internal/acp/connection.go:242.12,243.16 1 1
github.com/swarm-editor/swarm-editor/internal/acp/connection.go:243.16,244.32 1 1
github.com/swarm-editor/swarm-editor/internal/acp/connection.go:244.32,246.5 1 0
github.com/swarm-editor/swarm-editor/internal/acp/connection.go:247.4,247.15 1 1
github.com/swarm-editor/swarm-editor/internal/acp/connection.go:249.3,249.30 1 1
github.com/swarm-editor/swarm-editor/internal/acp/connection.go:252.2,252.18 1 1
github.com/swarm-editor/swarm-editor/internal/acp/connection.go:256.72,263.26 6 1
github.com/swarm-editor/swarm-editor/internal/acp/connection.go:263.26,265.3 1 0
github.com/swarm-editor/swarm-editor/internal/acp/connection.go:268.2,268.79 1 1
github.com/swarm-editor/swarm-editor/internal/acp/connection.go:268.79,271.3 2 0
github.com/swarm-editor/swarm-editor/internal/acp/connection.go:274.2,278.36 3 1
github.com/swarm-editor/swarm-editor/internal/acp/connection.go:278.36,282.3 2 0
github.com/swarm-editor/swarm-editor/internal/acp/connection.go:285.2,286.16 2 1
github.com/swarm-editor/swarm-editor/internal/acp/connection.go:286.16,289.3 2 0
github.com/swarm-editor/swarm-editor/internal/acp/connection.go:291.2,292.16 2 1
github.com/swarm-editor/swarm-editor/internal/acp/connection.go:292.16,296.3 3 0
github.com/swarm-editor/swarm-editor/internal/acp/connection.go:298.2,299.16 2 1
github.com/swarm-editor/swarm-editor/internal/acp/connection.go:299.16,304.3 4 0
github.com/swarm-editor/swarm-editor/internal/acp/connection.go:306.2,314.36 6 1
github.com/swarm-editor/swarm-editor/internal/acp/connection.go:314.36,322.3 6 1
github.com/swarm-editor/swarm-editor/internal/acp/connection.go:323.2,335.47 8 0
github.com/swarm-editor/swarm-editor/internal/acp/connection.go:335.47,340.3 3 0
github.com/swarm-editor/swarm-editor/internal/acp/connection.go:343.2,344.16 2 0
github.com/swarm-editor/swarm-editor/internal/acp/connection.go:344.16,349.3 3 0
github.com/swarm-editor/swarm-editor/internal/acp/connection.go:351.2,358.24 7 0
github.com/swarm-editor/swarm-editor/internal/acp/connection.go:358.24,360.3 1 0
github.com/swarm-editor/swarm-editor/internal/acp/connection.go:362.2,362.33 1 0
github.com/swarm-editor/swarm-editor/internal/acp/connection.go:362.33,364.3 1 0
github.com/swarm-editor/swarm-editor/internal/acp/connection.go:369.79,370.38 1 0
github.com/swarm-editor/swarm-editor/internal/acp/connection.go:370.38,372.3 1 0
github.com/swarm-editor/swarm-editor/internal/acp/connection.go:374.2,374.57 1 0
github.com/swarm-editor/swarm-editor/internal/acp/connection.go:374.57,378.3 2 0
github.com/swarm-editor/swarm-editor/internal/acp/connection.go:380.2,381.12 2 0
github.com/swarm-editor/swarm-editor/internal/acp/connection.go:381.12,382.16 1 0
github.com/swarm-editor/swarm-editor/internal/acp/connection.go:382.16,383.32 1 0
github.com/swarm-editor/swarm-editor/internal/acp/connection.go:383.32,385.5 1 0
github.com/swarm-editor/swarm-editor/internal/acp/connection.go:387.3,387.21 1 0
github.com/swarm-editor/swarm-editor/internal/acp/connection.go:389.2,391.9 3 0
github.com/swarm-editor/swarm-editor/internal/acp/connection.go:392.14,392.14 0 0
github.com/swarm-editor/swarm-editor/internal/acp/connection.go:394.17,396.25 1 0
github.com/swarm-editor/swarm-editor/internal/acp/connection.go:401.95,403.29 2 0
github.com/swarm-editor/swarm-editor/internal/acp/connection.go:403.29,407.3 3 0
github.com/swarm-editor/swarm-editor/internal/acp/connection.go:409.2,425.48 2 0
github.com/swarm-editor/swarm-editor/internal/acp/connection.go:431.82,440.26 7 1
github.com/swarm-editor/swarm-editor/internal/acp/connection.go:440.26,442.3 1 1
github.com/swarm-editor/swarm-editor/internal/acp/connection.go:449.2,453.31 4 1
github.com/swarm-editor/swarm-editor/internal/acp/connection.go:453.31,455.3 1 1
github.com/swarm-editor/swarm-editor/internal/acp/connection.go:459.62,463.9 3 1
github.com/swarm-editor/swarm-editor/internal/acp/connection.go:463.9,466.3 2 1
github.com/swarm-editor/swarm-editor/internal/acp/connection.go:467.2,473.24 5 1
github.com/swarm-editor/swarm-editor/internal/acp/connection.go:473.24,475.3 1 1
github.com/swarm-editor/swarm-editor/internal/acp/connection.go:476.2,476.23 1 1
github.com/swarm-editor/swarm-editor/internal/acp/connection.go:476.23,478.3 1 0
github.com/swarm-editor/swarm-editor/internal/acp/connection.go:479.2,479.24 1 1
github.com/swarm-editor/swarm-editor/internal/acp/connection.go:479.24,480.44 1 0
github.com/swarm-editor/swarm-editor/internal/acp/connection.go:480.44,483.4 1 0
github.com/swarm-editor/swarm-editor/internal/acp/connection.go:486.2,486.48 1 1
github.com/swarm-editor/swarm-editor/internal/acp/connection.go:486.48,488.63 1 0
github.com/swarm-editor/swarm-editor/internal/acp/connection.go:488.63,491.4 1 0
github.com/swarm-editor/swarm-editor/internal/acp/connection.go:491.9,494.14 2 0
github.com/swarm-editor/swarm-editor/internal/acp/connection.go:494.14,495.18 1 0
github.com/swarm-editor/swarm-editor/internal/acp/connection.go:495.18,496.34 1 0
github.com/swarm-editor/swarm-editor/internal/acp/connection.go:496.34,498.14 2 0
github.com/swarm-editor/swarm-editor/internal/acp/connection.go:499.47,499.47 0 0
github.com/swarm-editor/swarm-editor/internal/acp/connection.go:500.15,500.15 0 0
github.com/swarm-editor/swarm-editor/internal/acp/connection.go:504.5,504.28 1 0
github.com/swarm-editor/swarm-editor/internal/acp/connection.go:507.4,510.11 3 0
github.com/swarm-editor/swarm-editor/internal/acp/connection.go:511.16,511.16 0 0
github.com/swarm-editor/swarm-editor/internal/acp/connection.go:513.19,515.32 1 0
github.com/swarm-editor/swarm-editor/internal/acp/connection.go:519.2,523.41 2 1
github.com/swarm-editor/swarm-editor/internal/acp/connection.go:523.41,526.3 2 0
github.com/swarm-editor/swarm-editor/internal/acp/connection.go:528.2,530.31 2 1
github.com/swarm-editor/swarm-editor/internal/acp/connection.go:530.31,532.3 1 1
github.com/swarm-editor/swarm-editor/internal/acp/connection.go:534.2,534.12 1 1
github.com/swarm-editor/swarm-editor/internal/acp/connection.go:538.84,543.2 4 1
github.com/swarm-editor/swarm-editor/internal/acp/connection.go:546.66,551.37 4 1
github.com/swarm-editor/swarm-editor/internal/acp/connection.go:551.37,553.3 1 1
github.com/swarm-editor/swarm-editor/internal/acp/connection.go:554.2,554.15 1 1
github.com/swarm-editor/swarm-editor/internal/acp/connection.go:558.63,563.37 4 1
github.com/swarm-editor/swarm-editor/internal/acp/connection.go:563.37,567.30 4 1
github.com/swarm-editor/swarm-editor/internal/acp/connection.go:567.30,569.4 1 1
github.com/swarm-editor/swarm-editor/internal/acp/connection.go:571.2,571.15 1 1
github.com/swarm-editor/swarm-editor/internal/acp/connection.go:575.67,577.31 2 1
github.com/swarm-editor/swarm-editor/internal/acp/connection.go:577.31,579.17 2 1
github.com/swarm-editor/swarm-editor/internal/acp/connection.go:579.17,581.4 1 0
github.com/swarm-editor/swarm-editor/internal/acp/connection.go:583.2,583.12 1 1
github.com/swarm-editor/swarm-editor/internal/acp/connection.go:588.45,591.32 3 1
github.com/swarm-editor/swarm-editor/internal/acp/connection.go:591.32,593.3 1 1
github.com/swarm-editor/swarm-editor/internal/acp/connection.go:594.2,596.25 2 1
github.com/swarm-editor/swarm-editor/internal/acp/connection.go:596.25,598.3 1 1
github.com/swarm-editor/swarm-editor/internal/acp/connection.go:601.2,601.13 1 1
github.com/swarm-editor/swarm-editor/internal/acp/connection.go:605.91,609.2 3 1
github.com/swarm-editor/swarm-editor/internal/acp/connection.go:612.103,614.31 2 1
github.com/swarm-editor/swarm-editor/internal/acp/connection.go:614.31,617.3 2 1
github.com/swarm-editor/swarm-editor/internal/acp/connection.go:618.2,624.16 4 0
github.com/swarm-editor/swarm-editor/internal/acp/connection.go:624.16,626.3 1 0
github.com/swarm-editor/swarm-editor/internal/acp/connection.go:628.2,639.21 5 0
github.com/swarm-editor/swarm-editor/internal/acp/connection.go:643.125,645.31 2 1
github.com/swarm-editor/swarm-editor/internal/acp/connection.go:645.31,648.3 2 1
github.com/swarm-editor/swarm-editor/internal/acp/connection.go:649.2,656.16 4 0
github.com/swarm-editor/swarm-editor/internal/acp/connection.go:656.16,658.3 1 0
github.com/swarm-editor/swarm-editor/internal/acp/connection.go:661.2,662.46 2 0
github.com/swarm-editor/swarm-editor/internal/acp/connection.go:662.46,664.3 1 0
github.com/swarm-editor/swarm-editor/internal/acp/connection.go:665.2,667.20 2 0
github.com/swarm-editor/swarm-editor/internal/acp/connection.go:671.88,673.31 2 1
github.com/swarm-editor/swarm-editor/internal/acp/connection.go:673.31,676.3 2 1
github.com/swarm-editor/swarm-editor/internal/acp/connection.go:677.2,680.45 3 0
github.com/swarm-editor/swarm-editor/internal/acp/connection.go:684.54,688.2 3 1
github.com/swarm-editor/swarm-editor/internal/acp/connection.go:691.87,695.2 3 1
github.com/swarm-editor/swarm-editor/internal/acp/connection.go:698.82,702.2 3 1
github.com/swarm-editor/swarm-editor/internal/acp/protocol.go:33.52,34.14 1 1
github.com/swarm-editor/swarm-editor/internal/acp/protocol.go:34.14,36.3 1 1
github.com/swarm-editor/swarm-editor/internal/acp/protocol.go:37.2,37.32 1 1
github.com/swarm-editor/swarm-editor/internal/acp/protocol.go:40.55,43.51 2 1
github.com/swarm-editor/swarm-editor/internal/acp/protocol.go:43.51,47.3 3 1
github.com/swarm-editor/swarm-editor/internal/acp/protocol.go:49.2,50.51 2 1
github.com/swarm-editor/swarm-editor/internal/acp/protocol.go:50.51,52.3 1 0
github.com/swarm-editor/swarm-editor/internal/acp/protocol.go:53.2,55.12 3 1
github.com/swarm-editor/swarm-editor/internal/acp/protocol.go:65.32,67.2 1 1
github.com/swarm-editor/swarm-editor/internal/acp/protocol.go:96.77,98.16 2 1
github.com/swarm-editor/swarm-editor/internal/acp/protocol.go:98.16,100.3 1 1
github.com/swarm-editor/swarm-editor/internal/acp/protocol.go:101.2,106.8 1 1
github.com/swarm-editor/swarm-editor/internal/acp/protocol.go:110.63,112.16 2 1
github.com/swarm-editor/swarm-editor/internal/acp/protocol.go:112.16,114.3 1 1
github.com/swarm-editor/swarm-editor/internal/acp/protocol.go:115.2,119.8 1 1
github.com/swarm-editor/swarm-editor/internal/acp/protocol.go:125.83,127.17 2 1
github.com/swarm-editor/swarm-editor/internal/acp/protocol.go:127.17,129.17 2 1
github.com/swarm-editor/swarm-editor/internal/acp/protocol.go:129.17,133.4 1 0
github.com/swarm-editor/swarm-editor/internal/acp/protocol.go:133.9,135.4 1 1
github.com/swarm-editor/swarm-editor/internal/acp/protocol.go:137.2,145.3 1 1
github.com/swarm-editor/swarm-editor/internal/acp/protocol.go:149.67,151.16 2 1
github.com/swarm-editor/swarm-editor/internal/acp/protocol.go:151.16,153.3 1 1
github.com/swarm-editor/swarm-editor/internal/acp/protocol.go:154.2,158.8 1 1
github.com/swarm-editor/swarm-editor/internal/acp/server.go:117.62,118.40 1 1
github.com/swarm-editor/swarm-editor/internal/acp/server.go:118.40,120.3 1 1
github.com/swarm-editor/swarm-editor/internal/acp/server.go:121.2,125.3 1 1
github.com/swarm-editor/swarm-editor/internal/acp/server.go:129.51,133.15 3 1
github.com/swarm-editor/swarm-editor/internal/acp/server.go:133.15,135.3 1 1
github.com/swarm-editor/swarm-editor/internal/acp/server.go:137.2,143.12 5 1
github.com/swarm-editor/swarm-editor/internal/acp/server.go:150.31,152.16 2 1
github.com/swarm-editor/swarm-editor/internal/acp/server.go:152.16,155.3 2 1
github.com/swarm-editor/swarm-editor/internal/acp/server.go:156.2,157.21 2 1
github.com/swarm-editor/swarm-editor/internal/acp/server.go:157.21,159.3 1 1
github.com/swarm-editor/swarm-editor/internal/acp/server.go:160.2,166.21 4 1
github.com/swarm-editor/swarm-editor/internal/acp/server.go:170.72,171.19 1 1
github.com/swarm-editor/swarm-editor/internal/acp/server.go:171.19,173.3 1 1
github.com/swarm-editor/swarm-editor/internal/acp/server.go:174.2,179.16 3 1
github.com/swarm-editor/swarm-editor/internal/acp/server.go:179.16,181.3 1 0
github.com/swarm-editor/swarm-editor/internal/acp/server.go:182.2,182.30 1 1
github.com/swarm-editor/swarm-editor/internal/acp/server.go:186.147,187.20 1 1
github.com/swarm-editor/swarm-editor/internal/acp/server.go:187.20,189.3 1 1
github.com/swarm-editor/swarm-editor/internal/acp/server.go:191.2,195.16 4 1
github.com/swarm-editor/swarm-editor/internal/acp/server.go:195.16,197.3 1 0
github.com/swarm-editor/swarm-editor/internal/acp/server.go:199.2,204.15 5 1
github.com/swarm-editor/swarm-editor/internal/acp/server.go:204.15,208.3 3 1
github.com/swarm-editor/swarm-editor/internal/acp/server.go:210.2,210.46 1 1
github.com/swarm-editor/swarm-editor/internal/acp/server.go:210.46,212.3 1 0
github.com/swarm-editor/swarm-editor/internal/acp/server.go:214.2,214.9 1 1
github.com/swarm-editor/swarm-editor/internal/acp/server.go:215.24,216.24 1 0
github.com/swarm-editor/swarm-editor/internal/acp/server.go:216.24,218.4 1 0
github.com/swarm-editor/swarm-editor/internal/acp/server.go:219.3,220.63 2 0
github.com/swarm-editor/swarm-editor/internal/acp/server.go:220.63,222.4 1 0
github.com/swarm-editor/swarm-editor/internal/acp/server.go:223.3,223.23 1 0
github.com/swarm-editor/swarm-editor/internal/acp/server.go:224.20,225.24 1 1
github.com/swarm-editor/swarm-editor/internal/acp/server.go:229.29,232.6 2 1
github.com/swarm-editor/swarm-editor/internal/acp/server.go:232.6,233.10 1 1
github.com/swarm-editor/swarm-editor/internal/acp/server.go:234.23,235.10 1 0
github.com/swarm-editor/swarm-editor/internal/acp/server.go:236.11,236.11 0 1
github.com/swarm-editor/swarm-editor/internal/acp/server.go:239.3,240.17 2 1
github.com/swarm-editor/swarm-editor/internal/acp/server.go:240.17,241.21 1 1
github.com/swarm-editor/swarm-editor/internal/acp/server.go:241.21,244.5 1 1
github.com/swarm-editor/swarm-editor/internal/acp/server.go:247.4,248.10 2 1
github.com/swarm-editor/swarm-editor/internal/acp/server.go:251.3,251.40 1 1
github.com/swarm-editor/swarm-editor/internal/acp/server.go:251.40,254.14 2 0
github.com/swarm-editor/swarm-editor/internal/acp/server.go:254.14,255.18 1 0
github.com/swarm-editor/swarm-editor/internal/acp/server.go:255.18,256.34 1 0
github.com/swarm-editor/swarm-editor/internal/acp/server.go:256.34,258.7 1 0
github.com/swarm-editor/swarm-editor/internal/acp/server.go:259.6,259.17 1 0
github.com/swarm-editor/swarm-editor/internal/acp/server.go:261.5,261.25 1 0
github.com/swarm-editor/swarm-editor/internal/acp/server.go:263.9,263.30 1 1
github.com/swarm-editor/swarm-editor/internal/acp/server.go:263.30,266.14 2 1
github.com/swarm-editor/swarm-editor/internal/acp/server.go:266.14,267.18 1 1
github.com/swarm-editor/swarm-editor/internal/acp/server.go:267.18,268.34 1 1
github.com/swarm-editor/swarm-editor/internal/acp/server.go:268.34,270.7 1 0
github.com/swarm-editor/swarm-editor/internal/acp/server.go:271.6,271.17 1 1
github.com/swarm-editor/swarm-editor/internal/acp/server.go:273.5,273.30 1 1
github.com/swarm-editor/swarm-editor/internal/acp/server.go:275.9,275.27 1 0
github.com/swarm-editor/swarm-editor/internal/acp/server.go:275.27,278.4 1 0
github.com/swarm-editor/swarm-editor/internal/acp/server.go:282.46,288.20 4 1
github.com/swarm-editor/swarm-editor/internal/acp/server.go:289.24,291.60 2 1
github.com/swarm-editor/swarm-editor/internal/acp/server.go:291.60,293.4 1 1
github.com/swarm-editor/swarm-editor/internal/acp/server.go:295.26,300.60 2 1
github.com/swarm-editor/swarm-editor/internal/acp/server.go:300.60,302.4 1 1
github.com/swarm-editor/swarm-editor/internal/acp/server.go:304.24,306.60 2 1
github.com/swarm-editor/swarm-editor/internal/acp/server.go:306.60,308.4 1 1
github.com/swarm-editor/swarm-editor/internal/acp/server.go:310.25,312.60 2 1
github.com/swarm-editor/swarm-editor/internal/acp/server.go:312.60,314.4 1 1
github.com/swarm-editor/swarm-editor/internal/acp/server.go:316.28,318.60 2 1
github.com/swarm-editor/swarm-editor/internal/acp/server.go:318.60,320.4 1 1
github.com/swarm-editor/swarm-editor/internal/acp/server.go:322.27,324.60 2 1
github.com/swarm-editor/swarm-editor/internal/acp/server.go:324.60,326.4 1 1
github.com/swarm-editor/swarm-editor/internal/acp/server.go:328.27,330.60 2 1
github.com/swarm-editor/swarm-editor/internal/acp/server.go:330.60,332.4 1 1
github.com/swarm-editor/swarm-editor/internal/acp/server.go:334.25,336.60 2 1
github.com/swarm-editor/swarm-editor/internal/acp/server.go:336.60,338.4 1 1
github.com/swarm-editor/swarm-editor/internal/acp/server.go:340.24,342.60 2 1
github.com/swarm-editor/swarm-editor/internal/acp/server.go:342.60,344.4 1 1
github.com/swarm-editor/swarm-editor/internal/acp/server.go:346.23,348.60 2 1
github.com/swarm-editor/swarm-editor/internal/acp/server.go:348.60,350.4 1 1
github.com/swarm-editor/swarm-editor/internal/acp/server.go:352.29,354.60 2 1
github.com/swarm-editor/swarm-editor/internal/acp/server.go:354.60,356.4 1 1
github.com/swarm-editor/swarm-editor/internal/acp/server.go:358.30,360.60 2 1
github.com/swarm-editor/swarm-editor/internal/acp/server.go:360.60,362.4 1 1
github.com/swarm-editor/swarm-editor/internal/acp/server.go:364.28,366.60 2 1
github.com/swarm-editor/swarm-editor/internal/acp/server.go:366.60,368.4 1 1
github.com/swarm-editor/swarm-editor/internal/acp/server.go:370.28,372.60 2 1
github.com/swarm-editor/swarm-editor/internal/acp/server.go:372.60,374.4 1 1
github.com/swarm-editor/swarm-editor/internal/acp/server.go:376.27,378.60 2 1
github.com/swarm-editor/swarm-editor/internal/acp/server.go:378.60,380.4 1 1
github.com/swarm-editor/swarm-editor/internal/acp/server.go:382.25,384.60 2 1
github.com/swarm-editor/swarm-editor/internal/acp/server.go:384.60,386.4 1 1
github.com/swarm-editor/swarm-editor/internal/acp/server.go:388.26,390.60 2 1
github.com/swarm-editor/swarm-editor/internal/acp/server.go:390.60,392.4 1 1
github.com/swarm-editor/swarm-editor/internal/acp/server.go:394.10,395.55 1 1
github.com/swarm-editor/swarm-editor/internal/acp/server.go:399.2,400.16 2 1
github.com/swarm-editor/swarm-editor/internal/acp/server.go:400.16,402.3 1 1
github.com/swarm-editor/swarm-editor/internal/acp/server.go:402.8,404.17 2 1
github.com/swarm-editor/swarm-editor/internal/acp/server.go:404.17,406.4 1 0
github.com/swarm-editor/swarm-editor/internal/acp/server.go:409.2,409.47 1 1
github.com/swarm-editor/swarm-editor/internal/acp/server.go:409.47,411.3 1 0
github.com/swarm-editor/swarm-editor/internal/acp/server.go:414.52,417.2 0 1
github.com/swarm-editor/swarm-editor/internal/acp/server.go:419.47,422.19 1 1
github.com/swarm-editor/swarm-editor/internal/acp/server.go:422.19,424.3 1 0
github.com/swarm-editor/swarm-editor/internal/acp/server.go:426.2,428.18 3 1
github.com/swarm-editor/swarm-editor/internal/acp/server.go:428.18,430.3 1 1
github.com/swarm-editor/swarm-editor/internal/acp/server.go:431.2,434.8 3 1
github.com/swarm-editor/swarm-editor/internal/acp/server.go:434.8,435.10 1 1
github.com/swarm-editor/swarm-editor/internal/acp/server.go:436.18,436.18 0 1
github.com/swarm-editor/swarm-editor/internal/acp/server.go:437.11,438.78 1 0
github.com/swarm-editor/swarm-editor/internal/acp/server.go:461.45,462.22 1 1
github.com/swarm-editor/swarm-editor/internal/acp/server.go:462.22,464.3 1 1
github.com/swarm-editor/swarm-editor/internal/acp/server.go:465.2,468.3 1 1
github.com/swarm-editor/swarm-editor/internal/acp/server.go:472.51,476.15 3 1
github.com/swarm-editor/swarm-editor/internal/acp/server.go:476.15,478.3 1 1
github.com/swarm-editor/swarm-editor/internal/acp/server.go:480.2,485.12 5 1
github.com/swarm-editor/swarm-editor/internal/acp/server.go:489.31,491.16 2 1
github.com/swarm-editor/swarm-editor/internal/acp/server.go:491.16,494.3 2 1
github.com/swarm-editor/swarm-editor/internal/acp/server.go:495.2,496.21 2 1
github.com/swarm-editor/swarm-editor/internal/acp/server.go:496.21,498.3 1 1
github.com/swarm-editor/swarm-editor/internal/acp/server.go:499.2,509.21 4 1
github.com/swarm-editor/swarm-editor/internal/acp/server.go:513.78,517.2 3 1
github.com/swarm-editor/swarm-editor/internal/acp/server.go:520.142,524.2 3 1
github.com/swarm-editor/swarm-editor/internal/acp/server.go:527.103,529.71 2 1
github.com/swarm-editor/swarm-editor/internal/acp/server.go:529.71,531.3 1 1
github.com/swarm-editor/swarm-editor/internal/acp/server.go:532.2,532.21 1 0
github.com/swarm-editor/swarm-editor/internal/acp/server.go:536.103,538.71 2 1
github.com/swarm-editor/swarm-editor/internal/acp/server.go:538.71,540.3 1 1
github.com/swarm-editor/swarm-editor/internal/acp/server.go:541.2,541.21 1 0
github.com/swarm-editor/swarm-editor/internal/acp/server.go:545.112,547.74 2 1
github.com/swarm-editor/swarm-editor/internal/acp/server.go:547.74,549.3 1 1
github.com/swarm-editor/swarm-editor/internal/acp/server.go:550.2,550.21 1 0
github.com/swarm-editor/swarm-editor/internal/acp/server.go:554.80,556.2 1 1
github.com/swarm-editor/swarm-editor/internal/acp/server.go:559.72,560.19 1 1
github.com/swarm-editor/swarm-editor/internal/acp/server.go:560.19,562.3 1 1
github.com/swarm-editor/swarm-editor/internal/acp/server.go:563.2,568.16 3 1
github.com/swarm-editor/swarm-editor/internal/acp/server.go:568.16,570.3 1 0
github.com/swarm-editor/swarm-editor/internal/acp/server.go:571.2,571.30 1 1
github.com/swarm-editor/swarm-editor/internal/acp/server.go:574.89,579.16 4 1
github.com/swarm-editor/swarm-editor/internal/acp/server.go:579.16,581.3 1 0
github.com/swarm-editor/swarm-editor/internal/acp/server.go:583.2,588.15 5 1
github.com/swarm-editor/swarm-editor/internal/acp/server.go:588.15,592.3 3 1
github.com/swarm-editor/swarm-editor/internal/acp/server.go:594.2,594.46 1 1
github.com/swarm-editor/swarm-editor/internal/acp/server.go:594.46,596.3 1 1
github.com/swarm-editor/swarm-editor/internal/acp/server.go:598.2,598.9 1 1
github.com/swarm-editor/swarm-editor/internal/acp/server.go:599.24,600.24 1 1
github.com/swarm-editor/swarm-editor/internal/acp/server.go:600.24,602.4 1 1
github.com/swarm-editor/swarm-editor/internal/acp/server.go:603.3,603.42 1 1
github.com/swarm-editor/swarm-editor/internal/acp/server.go:603.42,605.4 1 1
github.com/swarm-editor/swarm-editor/internal/acp/server.go:606.3,606.13 1 0
github.com/swarm-editor/swarm-editor/internal/acp/server.go:607.20,608.19 1 1
github.com/swarm-editor/swarm-editor/internal/acp/server.go:612.29,615.6 2 1
github.com/swarm-editor/swarm-editor/internal/acp/server.go:615.6,616.10 1 1
github.com/swarm-editor/swarm-editor/internal/acp/server.go:617.23,618.10 1 0
github.com/swarm-editor/swarm-editor/internal/acp/server.go:619.11,619.11 0 1
github.com/swarm-editor/swarm-editor/internal/acp/server.go:622.3,623.17 2 1
github.com/swarm-editor/swarm-editor/internal/acp/server.go:623.17,624.21 1 1
github.com/swarm-editor/swarm-editor/internal/acp/server.go:624.21,627.5 1 1
github.com/swarm-editor/swarm-editor/internal/acp/server.go:630.4,631.10 2 1
github.com/swarm-editor/swarm-editor/internal/acp/server.go:634.3,634.40 1 1
github.com/swarm-editor/swarm-editor/internal/acp/server.go:634.40,637.20 2 1
github.com/swarm-editor/swarm-editor/internal/acp/server.go:637.20,639.5 1 1
github.com/swarm-editor/swarm-editor/internal/acp/server.go:640.4,644.10 4 1
github.com/swarm-editor/swarm-editor/internal/acp/server.go:644.10,645.12 1 1
github.com/swarm-editor/swarm-editor/internal/acp/server.go:646.20,646.20 0 1
github.com/swarm-editor/swarm-editor/internal/acp/server.go:647.13,648.80 1 0
github.com/swarm-editor/swarm-editor/internal/acp/server.go:651.9,651.30 1 1
github.com/swarm-editor/swarm-editor/internal/acp/server.go:651.30,654.4 1 1
github.com/swarm-editor/swarm-editor/internal/acp/server.go:658.51,665.20 5 1
github.com/swarm-editor/swarm-editor/internal/acp/server.go:666.27,667.27 1 1
github.com/swarm-editor/swarm-editor/internal/acp/server.go:667.27,669.62 2 1
github.com/swarm-editor/swarm-editor/internal/acp/server.go:669.62,671.5 1 1
github.com/swarm-editor/swarm-editor/internal/acp/server.go:674.32,675.31 1 1
github.com/swarm-editor/swarm-editor/internal/acp/server.go:675.31,677.62 2 1
github.com/swarm-editor/swarm-editor/internal/acp/server.go:677.62,679.26 2 1
github.com/swarm-editor/swarm-editor/internal/acp/server.go:679.26,682.24 2 1
github.com/swarm-editor/swarm-editor/internal/acp/server.go:682.24,685.7 2 0
github.com/swarm-editor/swarm-editor/internal/acp/server.go:686.6,686.59 1 1
github.com/swarm-editor/swarm-editor/internal/acp/server.go:686.59,688.7 1 1
github.com/swarm-editor/swarm-editor/internal/acp/server.go:689.11,693.62 3 1
github.com/swarm-editor/swarm-editor/internal/acp/server.go:693.62,695.7 1 0
github.com/swarm-editor/swarm-editor/internal/acp/server.go:703.36,705.2 1 1
github.com/swarm-editor/swarm-editor/internal/acp/server.go:708.32,710.2 1 1
github.com/swarm-editor/swarm-editor/internal/acp/server.go:713.38,715.2 1 1
github.com/swarm-editor/swarm-editor/internal/acp/transport.go:31.69,32.29 1 1
github.com/swarm-editor/swarm-editor/internal/acp/transport.go:32.29,34.3 1 1
github.com/swarm-editor/swarm-editor/internal/acp/transport.go:35.2,38.3 1 1
github.com/swarm-editor/swarm-editor/internal/acp/transport.go:42.51,43.16 1 1
github.com/swarm-editor/swarm-editor/internal/acp/transport.go:43.16,45.3 1 1
github.com/swarm-editor/swarm-editor/internal/acp/transport.go:47.2,50.14 3 1
github.com/swarm-editor/swarm-editor/internal/acp/transport.go:50.14,52.3 1 1
github.com/swarm-editor/swarm-editor/internal/acp/transport.go:54.2,55.16 2 1
github.com/swarm-editor/swarm-editor/internal/acp/transport.go:55.16,57.3 1 0
github.com/swarm-editor/swarm-editor/internal/acp/transport.go:60.2,60.32 1 1
github.com/swarm-editor/swarm-editor/internal/acp/transport.go:60.32,62.3 1 0
github.com/swarm-editor/swarm-editor/internal/acp/transport.go:65.2,66.16 2 1
github.com/swarm-editor/swarm-editor/internal/acp/transport.go:66.16,68.3 1 0
github.com/swarm-editor/swarm-editor/internal/acp/transport.go:69.2,69.12 1 1
github.com/swarm-editor/swarm-editor/internal/acp/transport.go:73.54,76.14 2 1
github.com/swarm-editor/swarm-editor/internal/acp/transport.go:76.14,79.3 2 1
github.com/swarm-editor/swarm-editor/internal/acp/transport.go:80.2,87.21 4 1
github.com/swarm-editor/swarm-editor/internal/acp/transport.go:87.21,89.17 2 1
github.com/swarm-editor/swarm-editor/internal/acp/transport.go:89.17,91.4 1 1
github.com/swarm-editor/swarm-editor/internal/acp/transport.go:93.3,96.18 4 1
github.com/swarm-editor/swarm-editor/internal/acp/transport.go:99.2,102.51 3 1
github.com/swarm-editor/swarm-editor/internal/acp/transport.go:102.51,104.3 1 1
github.com/swarm-editor/swarm-editor/internal/acp/transport.go:106.2,106.18 1 1
github.com/swarm-editor/swarm-editor/internal/acp/transport.go:110.40,115.2 4 1
github.com/swarm-editor/swarm-editor/internal/acp/transport.go:133.24,135.2 1 1
github.com/swarm-editor/swarm-editor/internal/acp/transport.go:138.55,139.16 1 1
github.com/swarm-editor/swarm-editor/internal/acp/transport.go:139.16,141.3 1 1
github.com/swarm-editor/swarm-editor/internal/acp/transport.go:143.2,146.14 3 1
github.com/swarm-editor/swarm-editor/internal/acp/transport.go:146.14,148.3 1 1
github.com/swarm-editor/swarm-editor/internal/acp/transport.go:150.2,151.16 2 1
github.com/swarm-editor/swarm-editor/internal/acp/transport.go:151.16,153.3 1 0
github.com/swarm-editor/swarm-editor/internal/acp/transport.go:156.2,156.32 1 1
github.com/swarm-editor/swarm-editor/internal/acp/transport.go:156.32,158.3 1 0
github.com/swarm-editor/swarm-editor/internal/acp/transport.go:161.2,161.53 1 1
github.com/swarm-editor/swarm-editor/internal/acp/transport.go:161.53,163.3 1 0
github.com/swarm-editor/swarm-editor/internal/acp/transport.go:164.2,164.12 1 1
github.com/swarm-editor/swarm-editor/internal/acp/transport.go:168.58,171.14 2 1
github.com/swarm-editor/swarm-editor/internal/acp/transport.go:171.14,174.3 2 1
github.com/swarm-editor/swarm-editor/internal/acp/transport.go:175.2,178.16 3 1
github.com/swarm-editor/swarm-editor/internal/acp/transport.go:178.16,184.3 4 1
github.com/swarm-editor/swarm-editor/internal/acp/transport.go:187.2,187.32 1 1
github.com/swarm-editor/swarm-editor/internal/acp/transport.go:187.32,189.3 1 0
github.com/swarm-editor/swarm-editor/internal/acp/transport.go:191.2,192.51 2 1
github.com/swarm-editor/swarm-editor/internal/acp/transport.go:192.51,194.3 1 1
github.com/swarm-editor/swarm-editor/internal/acp/transport.go:196.2,196.18 1 1
github.com/swarm-editor/swarm-editor/internal/acp/transport.go:200.44,205.2 4 1
github.com/swarm-editor/swarm-editor/internal/acp/transport.go:217.51,218.17 1 1
github.com/swarm-editor/swarm-editor/internal/acp/transport.go:218.17,220.3 1 1
github.com/swarm-editor/swarm-editor/internal/acp/transport.go:221.2,225.3 1 1
github.com/swarm-editor/swarm-editor/internal/acp/transport.go:229.49,230.16 1 1
github.com/swarm-editor/swarm-editor/internal/acp/transport.go:230.16,232.3 1 1
github.com/swarm-editor/swarm-editor/internal/acp/transport.go:234.2,237.14 3 1
github.com/swarm-editor/swarm-editor/internal/acp/transport.go:237.14,239.3 1 1
github.com/swarm-editor/swarm-editor/internal/acp/transport.go:241.2,242.16 2 1
github.com/swarm-editor/swarm-editor/internal/acp/transport.go:242.16,244.3 1 0
github.com/swarm-editor/swarm-editor/internal/acp/transport.go:247.2,247.32 1 1
github.com/swarm-editor/swarm-editor/internal/acp/transport.go:247.32,249.3 1 1
github.com/swarm-editor/swarm-editor/internal/acp/transport.go:252.2,260.50 3 1
github.com/swarm-editor/swarm-editor/internal/acp/transport.go:260.50,262.3 1 0
github.com/swarm-editor/swarm-editor/internal/acp/transport.go:264.2,264.48 1 1
github.com/swarm-editor/swarm-editor/internal/acp/transport.go:264.48,266.3 1 0
github.com/swarm-editor/swarm-editor/internal/acp/transport.go:268.2,268.25 1 1
github.com/swarm-editor/swarm-editor/internal/acp/transport.go:272.52,274.14 2 1
github.com/swarm-editor/swarm-editor/internal/acp/transport.go:274.14,277.3 2 1
github.com/swarm-editor/swarm-editor/internal/acp/transport.go:278.2,282.57 3 1
github.com/swarm-editor/swarm-editor/internal/acp/transport.go:282.57,287.3 4 1
github.com/swarm-editor/swarm-editor/internal/acp/transport.go:289.2,292.29 2 1
github.com/swarm-editor/swarm-editor/internal/acp/transport.go:292.29,299.3 4 1
github.com/swarm-editor/swarm-editor/internal/acp/transport.go:302.2,303.55 2 1
github.com/swarm-editor/swarm-editor/internal/acp/transport.go:303.55,308.3 4 0
github.com/swarm-editor/swarm-editor/internal/acp/transport.go:310.2,311.51 2 1
github.com/swarm-editor/swarm-editor/internal/acp/transport.go:311.51,313.3 1 0
github.com/swarm-editor/swarm-editor/internal/acp/transport.go:315.2,315.18 1 1
github.com/swarm-editor/swarm-editor/internal/acp/transport.go:319.38,322.14 3 1
github.com/swarm-editor/swarm-editor/internal/acp/transport.go:322.14,324.3 1 1
github.com/swarm-editor/swarm-editor/internal/acp/transport.go:325.2,330.21 4 1
github.com/swarm-editor/swarm-editor/internal/acp/transport.go:330.21,332.3 1 0
github.com/swarm-editor/swarm-editor/internal/acp/transport.go:333.2,333.17 1 1
