mode: set
github.com/swarm-editor/swarm-editor/internal/config/config.go:126.33,193.2 1 1
github.com/swarm-editor/swarm-editor/internal/config/config.go:196.38,198.48 1 1
github.com/swarm-editor/swarm-editor/internal/config/config.go:198.48,200.3 1 1
github.com/swarm-editor/swarm-editor/internal/config/config.go:201.2,201.56 1 1
github.com/swarm-editor/swarm-editor/internal/config/config.go:201.56,203.3 1 1
github.com/swarm-editor/swarm-editor/internal/config/config.go:206.2,206.30 1 1
github.com/swarm-editor/swarm-editor/internal/config/config.go:206.30,208.3 1 1
github.com/swarm-editor/swarm-editor/internal/config/config.go:209.2,209.71 1 1
github.com/swarm-editor/swarm-editor/internal/config/config.go:209.71,211.3 1 1
github.com/swarm-editor/swarm-editor/internal/config/config.go:214.2,214.39 1 1
github.com/swarm-editor/swarm-editor/internal/config/config.go:214.39,216.3 1 1
github.com/swarm-editor/swarm-editor/internal/config/config.go:217.2,217.96 1 1
github.com/swarm-editor/swarm-editor/internal/config/config.go:217.96,219.3 1 1
github.com/swarm-editor/swarm-editor/internal/config/config.go:220.2,220.90 1 1
github.com/swarm-editor/swarm-editor/internal/config/config.go:220.90,222.3 1 1
github.com/swarm-editor/swarm-editor/internal/config/config.go:225.2,225.27 1 1
github.com/swarm-editor/swarm-editor/internal/config/config.go:225.27,227.3 1 1
github.com/swarm-editor/swarm-editor/internal/config/config.go:228.2,228.84 1 1
github.com/swarm-editor/swarm-editor/internal/config/config.go:228.84,230.3 1 1
github.com/swarm-editor/swarm-editor/internal/config/config.go:233.2,233.95 1 1
github.com/swarm-editor/swarm-editor/internal/config/config.go:233.95,235.3 1 1
github.com/swarm-editor/swarm-editor/internal/config/config.go:236.2,236.78 1 1
github.com/swarm-editor/swarm-editor/internal/config/config.go:236.78,238.3 1 1
github.com/swarm-editor/swarm-editor/internal/config/config.go:241.2,241.103 1 1
github.com/swarm-editor/swarm-editor/internal/config/config.go:241.103,243.3 1 1
github.com/swarm-editor/swarm-editor/internal/config/config.go:244.2,244.97 1 1
github.com/swarm-editor/swarm-editor/internal/config/config.go:244.97,246.3 1 1
github.com/swarm-editor/swarm-editor/internal/config/config.go:249.2,249.25 1 1
github.com/swarm-editor/swarm-editor/internal/config/config.go:249.25,251.3 1 1
github.com/swarm-editor/swarm-editor/internal/config/config.go:252.2,252.34 1 1
github.com/swarm-editor/swarm-editor/internal/config/config.go:252.34,254.3 1 1
github.com/swarm-editor/swarm-editor/internal/config/config.go:255.2,255.103 1 1
github.com/swarm-editor/swarm-editor/internal/config/config.go:255.103,257.3 1 1
github.com/swarm-editor/swarm-editor/internal/config/config.go:260.2,260.57 1 1
github.com/swarm-editor/swarm-editor/internal/config/config.go:260.57,262.3 1 1
github.com/swarm-editor/swarm-editor/internal/config/config.go:264.2,264.12 1 1
github.com/swarm-editor/swarm-editor/internal/config/config.go:268.50,269.17 1 1
github.com/swarm-editor/swarm-editor/internal/config/config.go:269.17,271.3 1 1
github.com/swarm-editor/swarm-editor/internal/config/config.go:272.2,272.53 1 1
github.com/swarm-editor/swarm-editor/internal/config/config.go:272.53,274.3 1 1
github.com/swarm-editor/swarm-editor/internal/config/config.go:275.2,275.12 1 1
github.com/swarm-editor/swarm-editor/internal/config/config.go:279.26,280.58 1 1
github.com/swarm-editor/swarm-editor/internal/config/config.go:280.58,282.3 1 1
github.com/swarm-editor/swarm-editor/internal/config/config.go:284.2,285.16 2 1
github.com/swarm-editor/swarm-editor/internal/config/config.go:285.16,287.3 1 0
github.com/swarm-editor/swarm-editor/internal/config/config.go:289.2,289.73 1 1
github.com/swarm-editor/swarm-editor/internal/config/config.go:293.35,297.2 2 1
