mode: set
github.com/swarm-editor/swarm-editor/internal/swarm/consensus.go:75.92,76.32 1 1
github.com/swarm-editor/swarm-editor/internal/swarm/consensus.go:76.32,78.3 1 1
github.com/swarm-editor/swarm-editor/internal/swarm/consensus.go:79.2,79.35 1 1
github.com/swarm-editor/swarm-editor/internal/swarm/consensus.go:79.35,81.3 1 1
github.com/swarm-editor/swarm-editor/internal/swarm/consensus.go:82.2,82.30 1 1
github.com/swarm-editor/swarm-editor/internal/swarm/consensus.go:82.30,84.3 1 1
github.com/swarm-editor/swarm-editor/internal/swarm/consensus.go:86.2,90.3 1 1
github.com/swarm-editor/swarm-editor/internal/swarm/consensus.go:94.60,98.15 3 1
github.com/swarm-editor/swarm-editor/internal/swarm/consensus.go:98.15,100.3 1 1
github.com/swarm-editor/swarm-editor/internal/swarm/consensus.go:102.2,106.12 4 1
github.com/swarm-editor/swarm-editor/internal/swarm/consensus.go:110.34,112.16 2 1
github.com/swarm-editor/swarm-editor/internal/swarm/consensus.go:112.16,115.3 2 1
github.com/swarm-editor/swarm-editor/internal/swarm/consensus.go:116.2,117.21 2 1
github.com/swarm-editor/swarm-editor/internal/swarm/consensus.go:117.21,119.3 1 1
github.com/swarm-editor/swarm-editor/internal/swarm/consensus.go:120.2,120.15 1 1
github.com/swarm-editor/swarm-editor/internal/swarm/consensus.go:124.139,125.21 1 1
github.com/swarm-editor/swarm-editor/internal/swarm/consensus.go:125.21,127.3 1 0
github.com/swarm-editor/swarm-editor/internal/swarm/consensus.go:128.2,128.21 1 1
github.com/swarm-editor/swarm-editor/internal/swarm/consensus.go:128.21,130.3 1 0
github.com/swarm-editor/swarm-editor/internal/swarm/consensus.go:132.2,143.32 5 1
github.com/swarm-editor/swarm-editor/internal/swarm/consensus.go:143.32,145.3 1 0
github.com/swarm-editor/swarm-editor/internal/swarm/consensus.go:148.2,153.20 3 1
github.com/swarm-editor/swarm-editor/internal/swarm/consensus.go:157.64,159.22 2 1
github.com/swarm-editor/swarm-editor/internal/swarm/consensus.go:159.22,161.3 1 0
github.com/swarm-editor/swarm-editor/internal/swarm/consensus.go:164.2,164.30 1 1
github.com/swarm-editor/swarm-editor/internal/swarm/consensus.go:164.30,166.3 1 1
github.com/swarm-editor/swarm-editor/internal/swarm/consensus.go:168.2,169.27 2 1
github.com/swarm-editor/swarm-editor/internal/swarm/consensus.go:169.27,171.28 2 1
github.com/swarm-editor/swarm-editor/internal/swarm/consensus.go:171.28,177.25 4 1
github.com/swarm-editor/swarm-editor/internal/swarm/consensus.go:177.25,179.32 2 1
github.com/swarm-editor/swarm-editor/internal/swarm/consensus.go:179.32,181.6 1 0
github.com/swarm-editor/swarm-editor/internal/swarm/consensus.go:183.5,183.41 1 1
github.com/swarm-editor/swarm-editor/internal/swarm/consensus.go:183.41,185.6 1 1
github.com/swarm-editor/swarm-editor/internal/swarm/consensus.go:187.4,187.17 1 1
github.com/swarm-editor/swarm-editor/internal/swarm/consensus.go:191.2,191.11 1 1
github.com/swarm-editor/swarm-editor/internal/swarm/consensus.go:195.80,206.16 5 1
github.com/swarm-editor/swarm-editor/internal/swarm/consensus.go:206.16,213.3 1 0
github.com/swarm-editor/swarm-editor/internal/swarm/consensus.go:216.2,216.50 1 1
github.com/swarm-editor/swarm-editor/internal/swarm/consensus.go:220.76,240.2 1 1
github.com/swarm-editor/swarm-editor/internal/swarm/consensus.go:243.118,259.71 4 1
github.com/swarm-editor/swarm-editor/internal/swarm/consensus.go:259.71,263.3 2 1
github.com/swarm-editor/swarm-editor/internal/swarm/consensus.go:263.8,267.30 3 1
github.com/swarm-editor/swarm-editor/internal/swarm/consensus.go:267.30,269.4 1 1
github.com/swarm-editor/swarm-editor/internal/swarm/consensus.go:272.2,272.13 1 1
github.com/swarm-editor/swarm-editor/internal/swarm/consensus.go:276.63,285.47 6 1
github.com/swarm-editor/swarm-editor/internal/swarm/consensus.go:285.47,286.45 1 1
github.com/swarm-editor/swarm-editor/internal/swarm/consensus.go:286.45,288.4 1 1
github.com/swarm-editor/swarm-editor/internal/swarm/consensus.go:291.2,291.47 1 1
github.com/swarm-editor/swarm-editor/internal/swarm/consensus.go:291.47,292.45 1 1
github.com/swarm-editor/swarm-editor/internal/swarm/consensus.go:292.45,294.4 1 1
github.com/swarm-editor/swarm-editor/internal/swarm/consensus.go:297.2,297.39 1 1
github.com/swarm-editor/swarm-editor/internal/swarm/consensus.go:301.72,305.16 2 1
github.com/swarm-editor/swarm-editor/internal/swarm/consensus.go:306.32,307.19 1 1
github.com/swarm-editor/swarm-editor/internal/swarm/consensus.go:308.31,309.19 1 1
github.com/swarm-editor/swarm-editor/internal/swarm/consensus.go:310.35,311.19 1 1
github.com/swarm-editor/swarm-editor/internal/swarm/consensus.go:315.2,316.22 2 1
github.com/swarm-editor/swarm-editor/internal/swarm/consensus.go:316.22,318.32 2 1
github.com/swarm-editor/swarm-editor/internal/swarm/consensus.go:318.32,319.42 1 1
github.com/swarm-editor/swarm-editor/internal/swarm/consensus.go:319.42,321.5 1 1
github.com/swarm-editor/swarm-editor/internal/swarm/consensus.go:323.3,324.40 2 1
github.com/swarm-editor/swarm-editor/internal/swarm/consensus.go:327.2,327.19 1 1
github.com/swarm-editor/swarm-editor/internal/swarm/consensus.go:332.73,333.22 1 1
github.com/swarm-editor/swarm-editor/internal/swarm/consensus.go:333.22,335.3 1 1
github.com/swarm-editor/swarm-editor/internal/swarm/consensus.go:337.2,339.29 2 1
github.com/swarm-editor/swarm-editor/internal/swarm/consensus.go:339.29,341.3 1 1
github.com/swarm-editor/swarm-editor/internal/swarm/consensus.go:344.2,344.38 1 1
github.com/swarm-editor/swarm-editor/internal/swarm/consensus.go:344.38,346.3 1 0
github.com/swarm-editor/swarm-editor/internal/swarm/consensus.go:350.79,352.44 1 1
github.com/swarm-editor/swarm-editor/internal/swarm/consensus.go:352.44,354.3 1 1
github.com/swarm-editor/swarm-editor/internal/swarm/consensus.go:357.2,358.22 2 1
github.com/swarm-editor/swarm-editor/internal/swarm/consensus.go:358.22,360.3 1 1
github.com/swarm-editor/swarm-editor/internal/swarm/consensus.go:362.2,365.25 3 1
github.com/swarm-editor/swarm-editor/internal/swarm/consensus.go:365.25,367.3 1 1
github.com/swarm-editor/swarm-editor/internal/swarm/consensus.go:370.2,374.26 3 1
github.com/swarm-editor/swarm-editor/internal/swarm/consensus.go:375.31,377.70 1 1
github.com/swarm-editor/swarm-editor/internal/swarm/consensus.go:377.70,379.4 1 1
github.com/swarm-editor/swarm-editor/internal/swarm/consensus.go:380.3,380.70 1 1
github.com/swarm-editor/swarm-editor/internal/swarm/consensus.go:380.70,382.4 1 0
github.com/swarm-editor/swarm-editor/internal/swarm/consensus.go:383.30,384.72 1 1
github.com/swarm-editor/swarm-editor/internal/swarm/consensus.go:384.72,386.4 1 0
github.com/swarm-editor/swarm-editor/internal/swarm/consensus.go:387.3,387.72 1 1
github.com/swarm-editor/swarm-editor/internal/swarm/consensus.go:387.72,389.4 1 0
github.com/swarm-editor/swarm-editor/internal/swarm/consensus.go:392.2,392.14 1 1
github.com/swarm-editor/swarm-editor/internal/swarm/consensus.go:396.115,398.18 2 1
github.com/swarm-editor/swarm-editor/internal/swarm/consensus.go:398.18,400.3 1 0
github.com/swarm-editor/swarm-editor/internal/swarm/consensus.go:402.2,409.6 5 1
github.com/swarm-editor/swarm-editor/internal/swarm/consensus.go:409.6,410.10 1 1
github.com/swarm-editor/swarm-editor/internal/swarm/consensus.go:411.21,413.25 2 0
github.com/swarm-editor/swarm-editor/internal/swarm/consensus.go:413.25,415.5 1 0
github.com/swarm-editor/swarm-editor/internal/swarm/consensus.go:416.4,418.22 3 0
github.com/swarm-editor/swarm-editor/internal/swarm/consensus.go:420.19,426.17 5 1
github.com/swarm-editor/swarm-editor/internal/swarm/consensus.go:426.17,428.5 1 1
github.com/swarm-editor/swarm-editor/internal/swarm/consensus.go:434.69,435.22 1 1
github.com/swarm-editor/swarm-editor/internal/swarm/consensus.go:435.22,437.3 1 0
github.com/swarm-editor/swarm-editor/internal/swarm/consensus.go:439.2,445.58 5 1
github.com/swarm-editor/swarm-editor/internal/swarm/consensus.go:445.58,447.3 1 1
github.com/swarm-editor/swarm-editor/internal/swarm/consensus.go:447.8,447.31 1 1
github.com/swarm-editor/swarm-editor/internal/swarm/consensus.go:447.31,449.3 1 0
github.com/swarm-editor/swarm-editor/internal/swarm/consensus.go:452.2,453.42 2 1
github.com/swarm-editor/swarm-editor/internal/swarm/consensus.go:453.42,455.19 2 1
github.com/swarm-editor/swarm-editor/internal/swarm/consensus.go:455.19,457.4 1 1
github.com/swarm-editor/swarm-editor/internal/swarm/consensus.go:458.3,463.5 1 1
github.com/swarm-editor/swarm-editor/internal/swarm/consensus.go:466.2,474.33 2 1
github.com/swarm-editor/swarm-editor/internal/swarm/consensus.go:474.33,476.3 1 1
github.com/swarm-editor/swarm-editor/internal/swarm/consensus.go:479.2,479.27 1 1
github.com/swarm-editor/swarm-editor/internal/swarm/consensus.go:483.80,485.29 2 1
github.com/swarm-editor/swarm-editor/internal/swarm/consensus.go:485.29,487.19 2 1
github.com/swarm-editor/swarm-editor/internal/swarm/consensus.go:487.19,489.4 1 1
github.com/swarm-editor/swarm-editor/internal/swarm/consensus.go:492.2,492.16 1 1
github.com/swarm-editor/swarm-editor/internal/swarm/consensus.go:492.16,494.3 1 1
github.com/swarm-editor/swarm-editor/internal/swarm/consensus.go:496.2,496.24 1 1
github.com/swarm-editor/swarm-editor/internal/swarm/consensus.go:500.103,501.19 1 1
github.com/swarm-editor/swarm-editor/internal/swarm/consensus.go:502.31,503.28 1 1
github.com/swarm-editor/swarm-editor/internal/swarm/consensus.go:504.30,505.31 1 1
github.com/swarm-editor/swarm-editor/internal/swarm/consensus.go:506.26,507.29 1 1
github.com/swarm-editor/swarm-editor/internal/swarm/consensus.go:508.25,509.47 1 1
github.com/swarm-editor/swarm-editor/internal/swarm/consensus.go:510.26,512.31 1 1
github.com/swarm-editor/swarm-editor/internal/swarm/consensus.go:513.10,514.47 1 1
github.com/swarm-editor/swarm-editor/internal/swarm/consensus.go:519.49,523.6 3 1
github.com/swarm-editor/swarm-editor/internal/swarm/consensus.go:523.6,524.10 1 1
github.com/swarm-editor/swarm-editor/internal/swarm/consensus.go:525.23,526.10 1 1
github.com/swarm-editor/swarm-editor/internal/swarm/consensus.go:527.19,528.21 1 0
github.com/swarm-editor/swarm-editor/internal/swarm/consensus.go:534.43,539.44 4 1
github.com/swarm-editor/swarm-editor/internal/swarm/consensus.go:539.44,540.54 1 1
github.com/swarm-editor/swarm-editor/internal/swarm/consensus.go:540.54,543.26 2 1
github.com/swarm-editor/swarm-editor/internal/swarm/consensus.go:543.26,545.5 1 0
github.com/swarm-editor/swarm-editor/internal/swarm/consensus.go:549.4,550.58 2 1
github.com/swarm-editor/swarm-editor/internal/swarm/consensus.go:550.58,555.25 3 1
github.com/swarm-editor/swarm-editor/internal/swarm/consensus.go:555.25,562.6 5 1
github.com/swarm-editor/swarm-editor/internal/swarm/consensus.go:564.5,564.12 1 0
github.com/swarm-editor/swarm-editor/internal/swarm/consensus.go:565.20,568.19 3 0
github.com/swarm-editor/swarm-editor/internal/swarm/consensus.go:569.29,573.19 3 0
github.com/swarm-editor/swarm-editor/internal/swarm/consensus.go:581.82,586.2 4 1
github.com/swarm-editor/swarm-editor/internal/swarm/consensus.go:589.66,594.43 4 1
github.com/swarm-editor/swarm-editor/internal/swarm/consensus.go:594.43,595.24 1 1
github.com/swarm-editor/swarm-editor/internal/swarm/consensus.go:595.24,597.4 1 1
github.com/swarm-editor/swarm-editor/internal/swarm/consensus.go:599.2,599.15 1 1
github.com/swarm-editor/swarm-editor/internal/swarm/consensus.go:603.72,608.9 4 1
github.com/swarm-editor/swarm-editor/internal/swarm/consensus.go:608.9,610.3 1 1
github.com/swarm-editor/swarm-editor/internal/swarm/consensus.go:612.2,612.22 1 1
github.com/swarm-editor/swarm-editor/internal/swarm/consensus.go:612.22,614.3 1 0
github.com/swarm-editor/swarm-editor/internal/swarm/consensus.go:616.2,617.12 2 1
github.com/swarm-editor/swarm-editor/internal/swarm/consensus.go:623.74,627.2 3 1
github.com/swarm-editor/swarm-editor/internal/swarm/consensus.go:630.81,634.2 3 1
github.com/swarm-editor/swarm-editor/internal/swarm/consensus.go:637.80,641.2 3 1
github.com/swarm-editor/swarm-editor/internal/swarm/consensus.go:644.65,648.2 3 1
github.com/swarm-editor/swarm-editor/internal/swarm/coordinator.go:109.87,111.31 1 1
github.com/swarm-editor/swarm-editor/internal/swarm/coordinator.go:111.31,113.3 1 1
github.com/swarm-editor/swarm-editor/internal/swarm/coordinator.go:114.2,114.29 1 1
github.com/swarm-editor/swarm-editor/internal/swarm/coordinator.go:114.29,116.3 1 1
github.com/swarm-editor/swarm-editor/internal/swarm/coordinator.go:117.2,117.28 1 1
github.com/swarm-editor/swarm-editor/internal/swarm/coordinator.go:117.28,119.3 1 1
github.com/swarm-editor/swarm-editor/internal/swarm/coordinator.go:120.2,120.30 1 1
github.com/swarm-editor/swarm-editor/internal/swarm/coordinator.go:120.30,122.3 1 1
github.com/swarm-editor/swarm-editor/internal/swarm/coordinator.go:124.2,132.3 1 1
github.com/swarm-editor/swarm-editor/internal/swarm/coordinator.go:136.65,137.17 1 1
github.com/swarm-editor/swarm-editor/internal/swarm/coordinator.go:137.17,139.3 1 1
github.com/swarm-editor/swarm-editor/internal/swarm/coordinator.go:140.2,142.22 3 1
github.com/swarm-editor/swarm-editor/internal/swarm/coordinator.go:146.71,147.29 1 1
github.com/swarm-editor/swarm-editor/internal/swarm/coordinator.go:147.29,149.3 1 1
github.com/swarm-editor/swarm-editor/internal/swarm/coordinator.go:150.2,152.22 3 1
github.com/swarm-editor/swarm-editor/internal/swarm/coordinator.go:156.47,160.2 3 1
github.com/swarm-editor/swarm-editor/internal/swarm/coordinator.go:163.56,167.15 3 1
github.com/swarm-editor/swarm-editor/internal/swarm/coordinator.go:167.15,169.3 1 1
github.com/swarm-editor/swarm-editor/internal/swarm/coordinator.go:171.2,178.12 5 1
github.com/swarm-editor/swarm-editor/internal/swarm/coordinator.go:182.30,184.16 2 1
github.com/swarm-editor/swarm-editor/internal/swarm/coordinator.go:184.16,187.3 2 1
github.com/swarm-editor/swarm-editor/internal/swarm/coordinator.go:188.2,189.21 2 1
github.com/swarm-editor/swarm-editor/internal/swarm/coordinator.go:189.21,191.3 1 1
github.com/swarm-editor/swarm-editor/internal/swarm/coordinator.go:192.2,192.15 1 1
github.com/swarm-editor/swarm-editor/internal/swarm/coordinator.go:197.85,199.17 1 1
github.com/swarm-editor/swarm-editor/internal/swarm/coordinator.go:199.17,201.3 1 1
github.com/swarm-editor/swarm-editor/internal/swarm/coordinator.go:202.2,202.19 1 1
github.com/swarm-editor/swarm-editor/internal/swarm/coordinator.go:202.19,204.3 1 1
github.com/swarm-editor/swarm-editor/internal/swarm/coordinator.go:205.2,205.48 1 1
github.com/swarm-editor/swarm-editor/internal/swarm/coordinator.go:205.48,207.3 1 1
github.com/swarm-editor/swarm-editor/internal/swarm/coordinator.go:208.2,208.23 1 1
github.com/swarm-editor/swarm-editor/internal/swarm/coordinator.go:208.23,210.3 1 1
github.com/swarm-editor/swarm-editor/internal/swarm/coordinator.go:212.2,216.49 3 1
github.com/swarm-editor/swarm-editor/internal/swarm/coordinator.go:216.49,218.3 1 0
github.com/swarm-editor/swarm-editor/internal/swarm/coordinator.go:221.2,221.35 1 1
github.com/swarm-editor/swarm-editor/internal/swarm/coordinator.go:221.35,222.22 1 1
github.com/swarm-editor/swarm-editor/internal/swarm/coordinator.go:222.22,224.4 1 1
github.com/swarm-editor/swarm-editor/internal/swarm/coordinator.go:228.2,228.37 1 1
github.com/swarm-editor/swarm-editor/internal/swarm/coordinator.go:228.37,229.22 1 0
github.com/swarm-editor/swarm-editor/internal/swarm/coordinator.go:229.22,231.4 1 0
github.com/swarm-editor/swarm-editor/internal/swarm/coordinator.go:234.2,237.12 3 1
github.com/swarm-editor/swarm-editor/internal/swarm/coordinator.go:241.41,245.6 3 1
github.com/swarm-editor/swarm-editor/internal/swarm/coordinator.go:245.6,246.10 1 1
github.com/swarm-editor/swarm-editor/internal/swarm/coordinator.go:247.23,248.10 1 1
github.com/swarm-editor/swarm-editor/internal/swarm/coordinator.go:249.33,250.26 1 0
github.com/swarm-editor/swarm-editor/internal/swarm/coordinator.go:251.19,252.27 1 0
github.com/swarm-editor/swarm-editor/internal/swarm/coordinator.go:258.46,259.6 1 1
github.com/swarm-editor/swarm-editor/internal/swarm/coordinator.go:259.6,260.10 1 1
github.com/swarm-editor/swarm-editor/internal/swarm/coordinator.go:261.23,262.10 1 1
github.com/swarm-editor/swarm-editor/internal/swarm/coordinator.go:263.33,264.26 1 0
github.com/swarm-editor/swarm-editor/internal/swarm/coordinator.go:270.45,274.30 3 1
github.com/swarm-editor/swarm-editor/internal/swarm/coordinator.go:274.30,276.3 1 0
github.com/swarm-editor/swarm-editor/internal/swarm/coordinator.go:279.2,279.50 1 1
github.com/swarm-editor/swarm-editor/internal/swarm/coordinator.go:279.50,281.3 1 1
github.com/swarm-editor/swarm-editor/internal/swarm/coordinator.go:284.2,285.17 2 1
github.com/swarm-editor/swarm-editor/internal/swarm/coordinator.go:285.17,287.3 1 0
github.com/swarm-editor/swarm-editor/internal/swarm/coordinator.go:290.2,290.35 1 1
github.com/swarm-editor/swarm-editor/internal/swarm/coordinator.go:290.35,291.22 1 1
github.com/swarm-editor/swarm-editor/internal/swarm/coordinator.go:291.22,293.9 2 1
github.com/swarm-editor/swarm-editor/internal/swarm/coordinator.go:298.2,298.32 1 1
github.com/swarm-editor/swarm-editor/internal/swarm/coordinator.go:298.32,301.3 2 0
github.com/swarm-editor/swarm-editor/internal/swarm/coordinator.go:304.2,305.15 2 1
github.com/swarm-editor/swarm-editor/internal/swarm/coordinator.go:305.15,309.3 2 1
github.com/swarm-editor/swarm-editor/internal/swarm/coordinator.go:312.2,313.24 2 0
github.com/swarm-editor/swarm-editor/internal/swarm/coordinator.go:317.55,318.30 1 1
github.com/swarm-editor/swarm-editor/internal/swarm/coordinator.go:318.30,320.3 1 1
github.com/swarm-editor/swarm-editor/internal/swarm/coordinator.go:323.2,324.35 2 1
github.com/swarm-editor/swarm-editor/internal/swarm/coordinator.go:324.35,325.36 1 1
github.com/swarm-editor/swarm-editor/internal/swarm/coordinator.go:325.36,327.4 1 1
github.com/swarm-editor/swarm-editor/internal/swarm/coordinator.go:329.2,329.16 1 1
github.com/swarm-editor/swarm-editor/internal/swarm/coordinator.go:333.71,336.2 1 1
github.com/swarm-editor/swarm-editor/internal/swarm/coordinator.go:339.61,349.30 7 1
github.com/swarm-editor/swarm-editor/internal/swarm/coordinator.go:349.30,353.3 3 1
github.com/swarm-editor/swarm-editor/internal/swarm/coordinator.go:354.2,355.15 2 1
github.com/swarm-editor/swarm-editor/internal/swarm/coordinator.go:359.82,361.22 2 1
github.com/swarm-editor/swarm-editor/internal/swarm/coordinator.go:361.22,363.3 1 1
github.com/swarm-editor/swarm-editor/internal/swarm/coordinator.go:365.2,366.35 2 1
github.com/swarm-editor/swarm-editor/internal/swarm/coordinator.go:366.35,377.3 1 1
github.com/swarm-editor/swarm-editor/internal/swarm/coordinator.go:379.2,379.17 1 1
github.com/swarm-editor/swarm-editor/internal/swarm/coordinator.go:383.63,385.25 2 1
github.com/swarm-editor/swarm-editor/internal/swarm/coordinator.go:385.25,387.3 1 1
github.com/swarm-editor/swarm-editor/internal/swarm/coordinator.go:390.2,391.18 2 1
github.com/swarm-editor/swarm-editor/internal/swarm/coordinator.go:391.18,393.3 1 0
github.com/swarm-editor/swarm-editor/internal/swarm/coordinator.go:395.2,397.13 3 1
github.com/swarm-editor/swarm-editor/internal/swarm/coordinator.go:401.54,406.37 3 1
github.com/swarm-editor/swarm-editor/internal/swarm/coordinator.go:406.37,407.43 1 1
github.com/swarm-editor/swarm-editor/internal/swarm/coordinator.go:407.43,409.4 1 1
github.com/swarm-editor/swarm-editor/internal/swarm/coordinator.go:413.2,413.28 1 1
github.com/swarm-editor/swarm-editor/internal/swarm/coordinator.go:413.28,414.25 1 1
github.com/swarm-editor/swarm-editor/internal/swarm/coordinator.go:414.25,416.4 1 1
github.com/swarm-editor/swarm-editor/internal/swarm/coordinator.go:419.2,419.18 1 1
github.com/swarm-editor/swarm-editor/internal/swarm/coordinator.go:423.91,424.25 1 1
github.com/swarm-editor/swarm-editor/internal/swarm/coordinator.go:424.25,426.3 1 1
github.com/swarm-editor/swarm-editor/internal/swarm/coordinator.go:427.2,427.21 1 1
github.com/swarm-editor/swarm-editor/internal/swarm/coordinator.go:431.59,437.26 5 1
github.com/swarm-editor/swarm-editor/internal/swarm/coordinator.go:437.26,439.3 1 0
github.com/swarm-editor/swarm-editor/internal/swarm/coordinator.go:442.2,442.42 1 1
github.com/swarm-editor/swarm-editor/internal/swarm/coordinator.go:442.42,444.10 2 0
github.com/swarm-editor/swarm-editor/internal/swarm/coordinator.go:444.10,445.12 1 0
github.com/swarm-editor/swarm-editor/internal/swarm/coordinator.go:448.3,448.46 1 0
github.com/swarm-editor/swarm-editor/internal/swarm/coordinator.go:453.108,455.30 2 0
github.com/swarm-editor/swarm-editor/internal/swarm/coordinator.go:455.30,459.3 3 0
github.com/swarm-editor/swarm-editor/internal/swarm/coordinator.go:462.2,463.16 2 0
github.com/swarm-editor/swarm-editor/internal/swarm/coordinator.go:463.16,466.3 2 0
github.com/swarm-editor/swarm-editor/internal/swarm/coordinator.go:469.2,474.16 3 0
github.com/swarm-editor/swarm-editor/internal/swarm/coordinator.go:474.16,477.3 2 0
github.com/swarm-editor/swarm-editor/internal/swarm/coordinator.go:480.2,489.28 3 0
github.com/swarm-editor/swarm-editor/internal/swarm/coordinator.go:493.92,497.25 3 1
github.com/swarm-editor/swarm-editor/internal/swarm/coordinator.go:497.25,499.3 1 0
github.com/swarm-editor/swarm-editor/internal/swarm/coordinator.go:500.2,507.43 3 1
github.com/swarm-editor/swarm-editor/internal/swarm/coordinator.go:507.43,508.60 1 1
github.com/swarm-editor/swarm-editor/internal/swarm/coordinator.go:508.60,510.9 2 0
github.com/swarm-editor/swarm-editor/internal/swarm/coordinator.go:514.2,514.15 1 1
github.com/swarm-editor/swarm-editor/internal/swarm/coordinator.go:514.15,516.30 2 1
github.com/swarm-editor/swarm-editor/internal/swarm/coordinator.go:516.30,518.4 1 1
github.com/swarm-editor/swarm-editor/internal/swarm/coordinator.go:523.56,529.34 4 1
github.com/swarm-editor/swarm-editor/internal/swarm/coordinator.go:529.34,530.40 1 1
github.com/swarm-editor/swarm-editor/internal/swarm/coordinator.go:530.40,531.33 1 1
github.com/swarm-editor/swarm-editor/internal/swarm/coordinator.go:531.33,533.10 2 1
github.com/swarm-editor/swarm-editor/internal/swarm/coordinator.go:536.3,536.18 1 1
github.com/swarm-editor/swarm-editor/internal/swarm/coordinator.go:536.18,537.9 1 1
github.com/swarm-editor/swarm-editor/internal/swarm/coordinator.go:541.2,541.17 1 1
github.com/swarm-editor/swarm-editor/internal/swarm/coordinator.go:541.17,543.3 1 1
github.com/swarm-editor/swarm-editor/internal/swarm/coordinator.go:546.2,546.25 1 1
github.com/swarm-editor/swarm-editor/internal/swarm/coordinator.go:546.25,548.3 1 0
github.com/swarm-editor/swarm-editor/internal/swarm/coordinator.go:549.2,552.47 2 1
github.com/swarm-editor/swarm-editor/internal/swarm/coordinator.go:552.47,554.3 1 1
github.com/swarm-editor/swarm-editor/internal/swarm/coordinator.go:558.60,560.81 1 1
github.com/swarm-editor/swarm-editor/internal/swarm/coordinator.go:560.81,564.3 3 1
github.com/swarm-editor/swarm-editor/internal/swarm/coordinator.go:567.2,575.29 6 1
github.com/swarm-editor/swarm-editor/internal/swarm/coordinator.go:575.29,577.34 2 0
github.com/swarm-editor/swarm-editor/internal/swarm/coordinator.go:577.34,579.9 2 0
github.com/swarm-editor/swarm-editor/internal/swarm/coordinator.go:581.3,581.38 1 0
github.com/swarm-editor/swarm-editor/internal/swarm/coordinator.go:586.60,588.16 2 1
github.com/swarm-editor/swarm-editor/internal/swarm/coordinator.go:588.16,596.3 3 1
github.com/swarm-editor/swarm-editor/internal/swarm/coordinator.go:598.2,599.38 2 1
github.com/swarm-editor/swarm-editor/internal/swarm/coordinator.go:599.38,600.25 1 1
github.com/swarm-editor/swarm-editor/internal/swarm/coordinator.go:600.25,602.4 1 1
github.com/swarm-editor/swarm-editor/internal/swarm/coordinator.go:605.2,609.40 3 1
github.com/swarm-editor/swarm-editor/internal/swarm/coordinator.go:609.40,611.3 1 1
github.com/swarm-editor/swarm-editor/internal/swarm/coordinator.go:611.8,611.28 1 1
github.com/swarm-editor/swarm-editor/internal/swarm/coordinator.go:611.28,613.3 1 1
github.com/swarm-editor/swarm-editor/internal/swarm/coordinator.go:615.2,621.35 2 1
github.com/swarm-editor/swarm-editor/internal/swarm/coordinator.go:621.35,622.22 1 1
github.com/swarm-editor/swarm-editor/internal/swarm/coordinator.go:622.22,624.9 2 1
github.com/swarm-editor/swarm-editor/internal/swarm/coordinator.go:628.2,628.22 1 1
github.com/swarm-editor/swarm-editor/internal/swarm/coordinator.go:632.64,633.16 1 1
github.com/swarm-editor/swarm-editor/internal/swarm/coordinator.go:633.16,635.3 1 1
github.com/swarm-editor/swarm-editor/internal/swarm/coordinator.go:636.2,636.18 1 1
github.com/swarm-editor/swarm-editor/internal/swarm/coordinator.go:637.21,638.23 1 1
github.com/swarm-editor/swarm-editor/internal/swarm/coordinator.go:638.23,640.4 1 1
github.com/swarm-editor/swarm-editor/internal/swarm/coordinator.go:645.49,650.9 4 1
github.com/swarm-editor/swarm-editor/internal/swarm/coordinator.go:650.9,652.3 1 1
github.com/swarm-editor/swarm-editor/internal/swarm/coordinator.go:654.2,655.31 2 1
github.com/swarm-editor/swarm-editor/internal/swarm/coordinator.go:659.52,670.2 3 1
github.com/swarm-editor/swarm-editor/internal/swarm/coordinator.go:682.68,686.2 3 1
github.com/swarm-editor/swarm-editor/internal/swarm/coordinator.go:689.91,693.2 3 1
github.com/swarm-editor/swarm-editor/internal/swarm/orchestrator.go:89.42,104.31 2 1
github.com/swarm-editor/swarm-editor/internal/swarm/orchestrator.go:104.31,106.3 1 1
github.com/swarm-editor/swarm-editor/internal/swarm/orchestrator.go:107.2,107.26 1 1
github.com/swarm-editor/swarm-editor/internal/swarm/orchestrator.go:107.26,109.3 1 1
github.com/swarm-editor/swarm-editor/internal/swarm/orchestrator.go:111.2,111.10 1 1
github.com/swarm-editor/swarm-editor/internal/swarm/orchestrator.go:115.42,116.14 1 1
github.com/swarm-editor/swarm-editor/internal/swarm/orchestrator.go:116.14,118.3 1 1
github.com/swarm-editor/swarm-editor/internal/swarm/orchestrator.go:119.2,124.19 4 1
github.com/swarm-editor/swarm-editor/internal/swarm/orchestrator.go:128.45,133.2 4 1
github.com/swarm-editor/swarm-editor/internal/swarm/orchestrator.go:136.48,137.14 1 1
github.com/swarm-editor/swarm-editor/internal/swarm/orchestrator.go:137.14,139.3 1 1
github.com/swarm-editor/swarm-editor/internal/swarm/orchestrator.go:140.2,143.19 4 1
github.com/swarm-editor/swarm-editor/internal/swarm/orchestrator.go:147.33,149.27 2 1
github.com/swarm-editor/swarm-editor/internal/swarm/orchestrator.go:149.27,151.3 1 1
github.com/swarm-editor/swarm-editor/internal/swarm/orchestrator.go:154.2,156.20 2 1
github.com/swarm-editor/swarm-editor/internal/swarm/orchestrator.go:157.20,159.27 1 1
github.com/swarm-editor/swarm-editor/internal/swarm/orchestrator.go:159.27,160.32 1 1
github.com/swarm-editor/swarm-editor/internal/swarm/orchestrator.go:160.32,161.31 1 1
github.com/swarm-editor/swarm-editor/internal/swarm/orchestrator.go:161.31,164.6 2 1
github.com/swarm-editor/swarm-editor/internal/swarm/orchestrator.go:168.20,170.32 1 1
github.com/swarm-editor/swarm-editor/internal/swarm/orchestrator.go:170.32,171.33 1 1
github.com/swarm-editor/swarm-editor/internal/swarm/orchestrator.go:171.33,172.19 1 1
github.com/swarm-editor/swarm-editor/internal/swarm/orchestrator.go:172.19,174.6 1 1
github.com/swarm-editor/swarm-editor/internal/swarm/orchestrator.go:178.20,180.31 1 1
github.com/swarm-editor/swarm-editor/internal/swarm/orchestrator.go:180.31,183.4 2 1
github.com/swarm-editor/swarm-editor/internal/swarm/orchestrator.go:185.20,187.24 1 1
github.com/swarm-editor/swarm-editor/internal/swarm/orchestrator.go:187.24,189.4 1 1
github.com/swarm-editor/swarm-editor/internal/swarm/orchestrator.go:191.22,194.27 1 1
github.com/swarm-editor/swarm-editor/internal/swarm/orchestrator.go:194.27,195.32 1 1
github.com/swarm-editor/swarm-editor/internal/swarm/orchestrator.go:195.32,196.31 1 1
github.com/swarm-editor/swarm-editor/internal/swarm/orchestrator.go:196.31,199.6 2 1
github.com/swarm-editor/swarm-editor/internal/swarm/orchestrator.go:203.3,203.31 1 1
github.com/swarm-editor/swarm-editor/internal/swarm/orchestrator.go:203.31,206.4 2 1
github.com/swarm-editor/swarm-editor/internal/swarm/orchestrator.go:208.10,210.32 1 1
github.com/swarm-editor/swarm-editor/internal/swarm/orchestrator.go:210.32,211.33 1 1
github.com/swarm-editor/swarm-editor/internal/swarm/orchestrator.go:211.33,212.19 1 1
github.com/swarm-editor/swarm-editor/internal/swarm/orchestrator.go:212.19,214.6 1 1
github.com/swarm-editor/swarm-editor/internal/swarm/orchestrator.go:221.64,222.30 1 1
github.com/swarm-editor/swarm-editor/internal/swarm/orchestrator.go:222.30,224.3 1 0
github.com/swarm-editor/swarm-editor/internal/swarm/orchestrator.go:226.2,230.29 4 1
github.com/swarm-editor/swarm-editor/internal/swarm/orchestrator.go:230.29,234.3 3 1
github.com/swarm-editor/swarm-editor/internal/swarm/orchestrator.go:236.2,236.30 1 1
github.com/swarm-editor/swarm-editor/internal/swarm/orchestrator.go:236.30,240.3 3 1
github.com/swarm-editor/swarm-editor/internal/swarm/orchestrator.go:244.60,248.2 3 1
github.com/swarm-editor/swarm-editor/internal/swarm/orchestrator.go:251.44,255.29 4 1
github.com/swarm-editor/swarm-editor/internal/swarm/orchestrator.go:255.29,257.3 1 1
github.com/swarm-editor/swarm-editor/internal/swarm/orchestrator.go:258.2,258.15 1 1
github.com/swarm-editor/swarm-editor/internal/swarm/orchestrator.go:262.50,267.33 3 1
github.com/swarm-editor/swarm-editor/internal/swarm/orchestrator.go:267.33,269.3 1 1
github.com/swarm-editor/swarm-editor/internal/swarm/orchestrator.go:271.2,275.29 3 1
github.com/swarm-editor/swarm-editor/internal/swarm/orchestrator.go:275.29,277.3 1 1
github.com/swarm-editor/swarm-editor/internal/swarm/orchestrator.go:279.2,279.12 1 1
github.com/swarm-editor/swarm-editor/internal/swarm/orchestrator.go:283.30,286.21 3 1
github.com/swarm-editor/swarm-editor/internal/swarm/orchestrator.go:286.21,288.3 1 1
github.com/swarm-editor/swarm-editor/internal/swarm/orchestrator.go:289.2,292.34 2 1
github.com/swarm-editor/swarm-editor/internal/swarm/orchestrator.go:292.34,294.3 1 1
github.com/swarm-editor/swarm-editor/internal/swarm/orchestrator.go:296.2,300.12 4 1
github.com/swarm-editor/swarm-editor/internal/swarm/orchestrator.go:304.67,305.17 1 1
github.com/swarm-editor/swarm-editor/internal/swarm/orchestrator.go:305.17,307.3 1 1
github.com/swarm-editor/swarm-editor/internal/swarm/orchestrator.go:309.2,317.12 7 1
github.com/swarm-editor/swarm-editor/internal/swarm/orchestrator.go:321.81,322.17 1 1
github.com/swarm-editor/swarm-editor/internal/swarm/orchestrator.go:322.17,324.3 1 1
github.com/swarm-editor/swarm-editor/internal/swarm/orchestrator.go:327.2,327.28 1 1
github.com/swarm-editor/swarm-editor/internal/swarm/orchestrator.go:327.28,329.3 1 1
github.com/swarm-editor/swarm-editor/internal/swarm/orchestrator.go:332.2,337.22 5 1
github.com/swarm-editor/swarm-editor/internal/swarm/orchestrator.go:341.83,342.17 1 1
github.com/swarm-editor/swarm-editor/internal/swarm/orchestrator.go:342.17,344.3 1 1
github.com/swarm-editor/swarm-editor/internal/swarm/orchestrator.go:346.2,353.20 5 1
github.com/swarm-editor/swarm-editor/internal/swarm/orchestrator.go:354.24,355.51 1 1
github.com/swarm-editor/swarm-editor/internal/swarm/orchestrator.go:356.26,357.52 1 0
github.com/swarm-editor/swarm-editor/internal/swarm/orchestrator.go:358.24,359.51 1 1
github.com/swarm-editor/swarm-editor/internal/swarm/orchestrator.go:360.25,361.52 1 1
github.com/swarm-editor/swarm-editor/internal/swarm/orchestrator.go:362.10,363.51 1 0
github.com/swarm-editor/swarm-editor/internal/swarm/orchestrator.go:367.2,376.16 4 1
github.com/swarm-editor/swarm-editor/internal/swarm/orchestrator.go:376.16,378.3 1 1
github.com/swarm-editor/swarm-editor/internal/swarm/orchestrator.go:380.2,386.29 6 1
github.com/swarm-editor/swarm-editor/internal/swarm/orchestrator.go:386.29,388.3 1 0
github.com/swarm-editor/swarm-editor/internal/swarm/orchestrator.go:390.2,390.20 1 1
github.com/swarm-editor/swarm-editor/internal/swarm/orchestrator.go:393.68,399.29 4 1
github.com/swarm-editor/swarm-editor/internal/swarm/orchestrator.go:399.29,400.38 1 1
github.com/swarm-editor/swarm-editor/internal/swarm/orchestrator.go:400.38,402.4 1 1
github.com/swarm-editor/swarm-editor/internal/swarm/orchestrator.go:404.2,404.17 1 1
github.com/swarm-editor/swarm-editor/internal/swarm/orchestrator.go:407.69,413.29 4 1
github.com/swarm-editor/swarm-editor/internal/swarm/orchestrator.go:413.29,414.38 1 1
github.com/swarm-editor/swarm-editor/internal/swarm/orchestrator.go:414.38,415.75 1 1
github.com/swarm-editor/swarm-editor/internal/swarm/orchestrator.go:415.75,417.5 1 1
github.com/swarm-editor/swarm-editor/internal/swarm/orchestrator.go:420.2,420.17 1 1
github.com/swarm-editor/swarm-editor/internal/swarm/orchestrator.go:420.17,422.3 1 1
github.com/swarm-editor/swarm-editor/internal/swarm/orchestrator.go:423.2,423.12 1 1
github.com/swarm-editor/swarm-editor/internal/swarm/orchestrator.go:426.68,429.2 1 1
github.com/swarm-editor/swarm-editor/internal/swarm/orchestrator.go:431.69,434.2 1 1
github.com/swarm-editor/swarm-editor/internal/swarm/orchestrator.go:436.115,437.22 1 1
github.com/swarm-editor/swarm-editor/internal/swarm/orchestrator.go:437.22,439.3 1 1
github.com/swarm-editor/swarm-editor/internal/swarm/orchestrator.go:441.2,444.27 3 1
github.com/swarm-editor/swarm-editor/internal/swarm/orchestrator.go:444.27,446.28 2 1
github.com/swarm-editor/swarm-editor/internal/swarm/orchestrator.go:446.28,452.18 4 1
github.com/swarm-editor/swarm-editor/internal/swarm/orchestrator.go:452.18,454.5 1 0
github.com/swarm-editor/swarm-editor/internal/swarm/orchestrator.go:458.2,463.25 4 1
github.com/swarm-editor/swarm-editor/internal/swarm/orchestrator.go:463.25,465.3 1 0
github.com/swarm-editor/swarm-editor/internal/swarm/orchestrator.go:468.2,468.21 1 1
github.com/swarm-editor/swarm-editor/internal/swarm/orchestrator.go:468.21,470.3 1 0
github.com/swarm-editor/swarm-editor/internal/swarm/orchestrator.go:472.2,472.12 1 1
github.com/swarm-editor/swarm-editor/internal/swarm/orchestrator.go:476.94,477.21 1 1
github.com/swarm-editor/swarm-editor/internal/swarm/orchestrator.go:477.21,479.3 1 1
github.com/swarm-editor/swarm-editor/internal/swarm/orchestrator.go:481.2,483.29 3 1
github.com/swarm-editor/swarm-editor/internal/swarm/orchestrator.go:483.29,485.3 1 1
github.com/swarm-editor/swarm-editor/internal/swarm/orchestrator.go:486.2,493.27 5 1
github.com/swarm-editor/swarm-editor/internal/swarm/orchestrator.go:493.27,495.28 2 1
github.com/swarm-editor/swarm-editor/internal/swarm/orchestrator.go:495.28,499.4 3 1
github.com/swarm-editor/swarm-editor/internal/swarm/orchestrator.go:502.2,505.27 3 1
github.com/swarm-editor/swarm-editor/internal/swarm/orchestrator.go:505.27,507.3 1 1
github.com/swarm-editor/swarm-editor/internal/swarm/orchestrator.go:510.2,512.26 2 1
github.com/swarm-editor/swarm-editor/internal/swarm/orchestrator.go:512.26,514.3 1 0
github.com/swarm-editor/swarm-editor/internal/swarm/orchestrator.go:516.2,516.20 1 1
github.com/swarm-editor/swarm-editor/internal/swarm/orchestrator.go:519.96,528.2 2 1
github.com/swarm-editor/swarm-editor/internal/swarm/orchestrator.go:530.111,531.21 1 1
github.com/swarm-editor/swarm-editor/internal/swarm/orchestrator.go:531.21,537.3 1 1
github.com/swarm-editor/swarm-editor/internal/swarm/orchestrator.go:539.2,542.29 3 1
github.com/swarm-editor/swarm-editor/internal/swarm/orchestrator.go:542.29,544.19 2 1
github.com/swarm-editor/swarm-editor/internal/swarm/orchestrator.go:544.19,546.4 1 1
github.com/swarm-editor/swarm-editor/internal/swarm/orchestrator.go:550.2,550.22 1 1
github.com/swarm-editor/swarm-editor/internal/swarm/orchestrator.go:550.22,557.3 1 1
github.com/swarm-editor/swarm-editor/internal/swarm/orchestrator.go:559.2,563.15 4 1
github.com/swarm-editor/swarm-editor/internal/swarm/orchestrator.go:563.15,565.3 1 1
github.com/swarm-editor/swarm-editor/internal/swarm/orchestrator.go:565.8,565.31 1 1
github.com/swarm-editor/swarm-editor/internal/swarm/orchestrator.go:565.31,567.3 1 0
github.com/swarm-editor/swarm-editor/internal/swarm/orchestrator.go:569.2,574.3 1 1
github.com/swarm-editor/swarm-editor/internal/swarm/orchestrator.go:578.53,582.2 3 1
github.com/swarm-editor/swarm-editor/internal/swarm/orchestrator.go:585.68,589.2 3 1
github.com/swarm-editor/swarm-editor/internal/swarm/orchestrator.go:592.40,598.29 5 1
github.com/swarm-editor/swarm-editor/internal/swarm/orchestrator.go:598.29,599.23 1 1
github.com/swarm-editor/swarm-editor/internal/swarm/orchestrator.go:600.24,601.10 1 1
github.com/swarm-editor/swarm-editor/internal/swarm/orchestrator.go:602.50,603.15 1 0
github.com/swarm-editor/swarm-editor/internal/swarm/orchestrator.go:607.2,616.3 1 1
github.com/swarm-editor/swarm-editor/internal/swarm/scheduler.go:75.37,80.2 4 1
github.com/swarm-editor/swarm-editor/internal/swarm/scheduler.go:83.37,86.23 3 1
github.com/swarm-editor/swarm-editor/internal/swarm/scheduler.go:86.23,88.3 1 1
github.com/swarm-editor/swarm-editor/internal/swarm/scheduler.go:92.35,96.2 3 1
github.com/swarm-editor/swarm-editor/internal/swarm/scheduler.go:99.41,103.2 3 1
github.com/swarm-editor/swarm-editor/internal/swarm/scheduler.go:119.90,121.36 1 1
github.com/swarm-editor/swarm-editor/internal/swarm/scheduler.go:121.36,123.3 1 1
github.com/swarm-editor/swarm-editor/internal/swarm/scheduler.go:124.2,124.29 1 1
github.com/swarm-editor/swarm-editor/internal/swarm/scheduler.go:124.29,126.3 1 1
github.com/swarm-editor/swarm-editor/internal/swarm/scheduler.go:127.2,127.28 1 1
github.com/swarm-editor/swarm-editor/internal/swarm/scheduler.go:127.28,129.3 1 1
github.com/swarm-editor/swarm-editor/internal/swarm/scheduler.go:130.2,130.38 1 1
github.com/swarm-editor/swarm-editor/internal/swarm/scheduler.go:130.38,132.3 1 1
github.com/swarm-editor/swarm-editor/internal/swarm/scheduler.go:134.2,141.3 1 1
github.com/swarm-editor/swarm-editor/internal/swarm/scheduler.go:145.54,146.18 1 1
github.com/swarm-editor/swarm-editor/internal/swarm/scheduler.go:146.18,148.3 1 1
github.com/swarm-editor/swarm-editor/internal/swarm/scheduler.go:149.2,151.23 3 1
github.com/swarm-editor/swarm-editor/internal/swarm/scheduler.go:155.49,156.18 1 1
github.com/swarm-editor/swarm-editor/internal/swarm/scheduler.go:156.18,158.3 1 1
github.com/swarm-editor/swarm-editor/internal/swarm/scheduler.go:159.2,161.29 3 1
github.com/swarm-editor/swarm-editor/internal/swarm/scheduler.go:165.50,169.2 3 1
github.com/swarm-editor/swarm-editor/internal/swarm/scheduler.go:172.54,177.15 3 1
github.com/swarm-editor/swarm-editor/internal/swarm/scheduler.go:177.15,179.3 1 1
github.com/swarm-editor/swarm-editor/internal/swarm/scheduler.go:181.2,192.12 7 1
github.com/swarm-editor/swarm-editor/internal/swarm/scheduler.go:196.28,198.16 2 1
github.com/swarm-editor/swarm-editor/internal/swarm/scheduler.go:198.16,201.3 2 1
github.com/swarm-editor/swarm-editor/internal/swarm/scheduler.go:203.2,203.21 1 1
github.com/swarm-editor/swarm-editor/internal/swarm/scheduler.go:203.21,205.3 1 1
github.com/swarm-editor/swarm-editor/internal/swarm/scheduler.go:206.2,210.13 3 1
github.com/swarm-editor/swarm-editor/internal/swarm/scheduler.go:214.50,215.17 1 1
github.com/swarm-editor/swarm-editor/internal/swarm/scheduler.go:215.17,217.3 1 1
github.com/swarm-editor/swarm-editor/internal/swarm/scheduler.go:218.2,226.12 6 1
github.com/swarm-editor/swarm-editor/internal/swarm/scheduler.go:230.99,233.16 2 1
github.com/swarm-editor/swarm-editor/internal/swarm/scheduler.go:233.16,235.3 1 0
github.com/swarm-editor/swarm-editor/internal/swarm/scheduler.go:237.2,237.23 1 1
github.com/swarm-editor/swarm-editor/internal/swarm/scheduler.go:237.23,239.31 1 0
github.com/swarm-editor/swarm-editor/internal/swarm/scheduler.go:239.31,240.43 1 0
github.com/swarm-editor/swarm-editor/internal/swarm/scheduler.go:240.43,242.5 1 0
github.com/swarm-editor/swarm-editor/internal/swarm/scheduler.go:244.3,244.23 1 0
github.com/swarm-editor/swarm-editor/internal/swarm/scheduler.go:248.2,248.43 1 1
github.com/swarm-editor/swarm-editor/internal/swarm/scheduler.go:248.43,250.3 1 0
github.com/swarm-editor/swarm-editor/internal/swarm/scheduler.go:252.2,252.27 1 1
github.com/swarm-editor/swarm-editor/internal/swarm/scheduler.go:256.37,262.6 4 1
github.com/swarm-editor/swarm-editor/internal/swarm/scheduler.go:262.6,263.10 1 1
github.com/swarm-editor/swarm-editor/internal/swarm/scheduler.go:264.23,265.10 1 1
github.com/swarm-editor/swarm-editor/internal/swarm/scheduler.go:266.19,267.20 1 0
github.com/swarm-editor/swarm-editor/internal/swarm/scheduler.go:273.36,278.56 3 1
github.com/swarm-editor/swarm-editor/internal/swarm/scheduler.go:278.56,280.3 1 1
github.com/swarm-editor/swarm-editor/internal/swarm/scheduler.go:283.2,284.17 2 1
github.com/swarm-editor/swarm-editor/internal/swarm/scheduler.go:284.17,286.3 1 1
github.com/swarm-editor/swarm-editor/internal/swarm/scheduler.go:289.2,290.22 2 1
github.com/swarm-editor/swarm-editor/internal/swarm/scheduler.go:290.22,294.3 2 1
github.com/swarm-editor/swarm-editor/internal/swarm/scheduler.go:297.2,307.29 3 0
github.com/swarm-editor/swarm-editor/internal/swarm/scheduler.go:311.66,315.34 2 1
github.com/swarm-editor/swarm-editor/internal/swarm/scheduler.go:315.34,316.45 1 1
github.com/swarm-editor/swarm-editor/internal/swarm/scheduler.go:316.45,317.12 1 1
github.com/swarm-editor/swarm-editor/internal/swarm/scheduler.go:321.3,321.29 1 1
github.com/swarm-editor/swarm-editor/internal/swarm/scheduler.go:321.29,322.70 1 1
github.com/swarm-editor/swarm-editor/internal/swarm/scheduler.go:322.70,323.45 1 1
github.com/swarm-editor/swarm-editor/internal/swarm/scheduler.go:323.45,324.14 1 1
github.com/swarm-editor/swarm-editor/internal/swarm/scheduler.go:329.3,329.41 1 1
github.com/swarm-editor/swarm-editor/internal/swarm/scheduler.go:332.2,332.26 1 1
github.com/swarm-editor/swarm-editor/internal/swarm/scheduler.go:332.26,334.3 1 1
github.com/swarm-editor/swarm-editor/internal/swarm/scheduler.go:337.2,337.38 1 1
github.com/swarm-editor/swarm-editor/internal/swarm/scheduler.go:338.22,339.41 1 1
github.com/swarm-editor/swarm-editor/internal/swarm/scheduler.go:340.18,341.40 1 0
github.com/swarm-editor/swarm-editor/internal/swarm/scheduler.go:342.20,343.48 1 1
github.com/swarm-editor/swarm-editor/internal/swarm/scheduler.go:344.21,345.14 1 1
github.com/swarm-editor/swarm-editor/internal/swarm/scheduler.go:346.10,347.40 1 1
github.com/swarm-editor/swarm-editor/internal/swarm/scheduler.go:352.73,353.22 1 1
github.com/swarm-editor/swarm-editor/internal/swarm/scheduler.go:353.22,355.3 1 1
github.com/swarm-editor/swarm-editor/internal/swarm/scheduler.go:356.2,356.41 1 1
github.com/swarm-editor/swarm-editor/internal/swarm/scheduler.go:356.41,358.3 1 1
github.com/swarm-editor/swarm-editor/internal/swarm/scheduler.go:359.2,359.32 1 1
github.com/swarm-editor/swarm-editor/internal/swarm/scheduler.go:363.72,364.22 1 1
github.com/swarm-editor/swarm-editor/internal/swarm/scheduler.go:364.22,366.3 1 1
github.com/swarm-editor/swarm-editor/internal/swarm/scheduler.go:367.2,367.41 1 1
github.com/swarm-editor/swarm-editor/internal/swarm/scheduler.go:367.41,369.3 1 1
github.com/swarm-editor/swarm-editor/internal/swarm/scheduler.go:370.2,370.32 1 1
github.com/swarm-editor/swarm-editor/internal/swarm/scheduler.go:374.86,375.22 1 1
github.com/swarm-editor/swarm-editor/internal/swarm/scheduler.go:375.22,377.3 1 1
github.com/swarm-editor/swarm-editor/internal/swarm/scheduler.go:379.2,385.31 3 1
github.com/swarm-editor/swarm-editor/internal/swarm/scheduler.go:385.31,388.3 2 1
github.com/swarm-editor/swarm-editor/internal/swarm/scheduler.go:390.2,390.41 1 1
github.com/swarm-editor/swarm-editor/internal/swarm/scheduler.go:390.41,392.3 1 1
github.com/swarm-editor/swarm-editor/internal/swarm/scheduler.go:394.2,394.38 1 1
github.com/swarm-editor/swarm-editor/internal/swarm/scheduler.go:398.72,399.22 1 1
github.com/swarm-editor/swarm-editor/internal/swarm/scheduler.go:399.22,401.3 1 1
github.com/swarm-editor/swarm-editor/internal/swarm/scheduler.go:403.2,406.31 3 1
github.com/swarm-editor/swarm-editor/internal/swarm/scheduler.go:406.31,408.23 2 1
github.com/swarm-editor/swarm-editor/internal/swarm/scheduler.go:408.23,411.4 2 1
github.com/swarm-editor/swarm-editor/internal/swarm/scheduler.go:414.2,414.21 1 1
github.com/swarm-editor/swarm-editor/internal/swarm/scheduler.go:414.21,416.3 1 1
github.com/swarm-editor/swarm-editor/internal/swarm/scheduler.go:417.2,417.32 1 0
github.com/swarm-editor/swarm-editor/internal/swarm/scheduler.go:421.84,425.68 2 1
github.com/swarm-editor/swarm-editor/internal/swarm/scheduler.go:425.68,426.42 1 1
github.com/swarm-editor/swarm-editor/internal/swarm/scheduler.go:426.42,428.4 1 1
github.com/swarm-editor/swarm-editor/internal/swarm/scheduler.go:432.2,440.14 4 1
github.com/swarm-editor/swarm-editor/internal/swarm/scheduler.go:444.70,445.32 1 1
github.com/swarm-editor/swarm-editor/internal/swarm/scheduler.go:445.32,446.16 1 1
github.com/swarm-editor/swarm-editor/internal/swarm/scheduler.go:446.16,448.4 1 1
github.com/swarm-editor/swarm-editor/internal/swarm/scheduler.go:450.2,450.14 1 1
github.com/swarm-editor/swarm-editor/internal/swarm/scheduler.go:454.59,458.26 2 0
github.com/swarm-editor/swarm-editor/internal/swarm/scheduler.go:458.26,460.3 1 0
github.com/swarm-editor/swarm-editor/internal/swarm/scheduler.go:463.2,463.45 1 0
github.com/swarm-editor/swarm-editor/internal/swarm/scheduler.go:463.45,465.3 1 0
github.com/swarm-editor/swarm-editor/internal/swarm/scheduler.go:468.2,472.45 4 0
github.com/swarm-editor/swarm-editor/internal/swarm/scheduler.go:472.45,474.25 2 0
github.com/swarm-editor/swarm-editor/internal/swarm/scheduler.go:474.25,478.18 3 0
github.com/swarm-editor/swarm-editor/internal/swarm/scheduler.go:478.18,480.5 1 0
github.com/swarm-editor/swarm-editor/internal/swarm/scheduler.go:480.10,482.5 1 0
github.com/swarm-editor/swarm-editor/internal/swarm/scheduler.go:486.2,492.25 5 0
github.com/swarm-editor/swarm-editor/internal/swarm/scheduler.go:492.25,494.3 1 0
github.com/swarm-editor/swarm-editor/internal/swarm/scheduler.go:496.2,497.24 2 0
github.com/swarm-editor/swarm-editor/internal/swarm/scheduler.go:497.24,499.3 1 0
github.com/swarm-editor/swarm-editor/internal/swarm/scheduler.go:502.2,502.45 1 0
github.com/swarm-editor/swarm-editor/internal/swarm/scheduler.go:502.45,504.3 1 0
github.com/swarm-editor/swarm-editor/internal/swarm/scheduler.go:507.2,511.48 4 0
github.com/swarm-editor/swarm-editor/internal/swarm/scheduler.go:511.48,517.49 3 0
github.com/swarm-editor/swarm-editor/internal/swarm/scheduler.go:517.49,526.4 8 0
github.com/swarm-editor/swarm-editor/internal/swarm/scheduler.go:528.3,528.26 1 0
github.com/swarm-editor/swarm-editor/internal/swarm/scheduler.go:528.26,530.4 1 0
github.com/swarm-editor/swarm-editor/internal/swarm/scheduler.go:531.8,538.26 4 0
github.com/swarm-editor/swarm-editor/internal/swarm/scheduler.go:538.26,540.4 1 0
github.com/swarm-editor/swarm-editor/internal/swarm/scheduler.go:542.3,542.30 1 0
github.com/swarm-editor/swarm-editor/internal/swarm/scheduler.go:542.30,544.4 1 0
github.com/swarm-editor/swarm-editor/internal/swarm/scheduler.go:547.2,549.15 3 0
github.com/swarm-editor/swarm-editor/internal/swarm/scheduler.go:553.101,555.30 2 0
github.com/swarm-editor/swarm-editor/internal/swarm/scheduler.go:555.30,559.3 3 0
github.com/swarm-editor/swarm-editor/internal/swarm/scheduler.go:562.2,563.16 2 0
github.com/swarm-editor/swarm-editor/internal/swarm/scheduler.go:563.16,565.3 1 0
github.com/swarm-editor/swarm-editor/internal/swarm/scheduler.go:568.2,572.16 3 0
github.com/swarm-editor/swarm-editor/internal/swarm/scheduler.go:572.16,574.3 1 0
github.com/swarm-editor/swarm-editor/internal/swarm/scheduler.go:576.2,583.8 1 0
github.com/swarm-editor/swarm-editor/internal/swarm/scheduler.go:587.64,597.58 3 1
github.com/swarm-editor/swarm-editor/internal/swarm/scheduler.go:597.58,602.3 1 1
github.com/swarm-editor/swarm-editor/internal/swarm/scheduler.go:605.2,605.56 1 1
github.com/swarm-editor/swarm-editor/internal/swarm/scheduler.go:605.56,606.30 1 1
github.com/swarm-editor/swarm-editor/internal/swarm/scheduler.go:606.30,613.4 1 1
github.com/swarm-editor/swarm-editor/internal/swarm/scheduler.go:616.2,616.15 1 1
github.com/swarm-editor/swarm-editor/internal/swarm/scheduler.go:620.85,622.26 1 1
github.com/swarm-editor/swarm-editor/internal/swarm/scheduler.go:622.26,624.3 1 0
github.com/swarm-editor/swarm-editor/internal/swarm/scheduler.go:627.2,627.38 1 1
github.com/swarm-editor/swarm-editor/internal/swarm/scheduler.go:631.96,655.16 3 0
github.com/swarm-editor/swarm-editor/internal/swarm/scheduler.go:655.16,657.3 1 0
github.com/swarm-editor/swarm-editor/internal/swarm/scheduler.go:659.2,660.16 2 0
github.com/swarm-editor/swarm-editor/internal/swarm/scheduler.go:660.16,662.3 1 0
github.com/swarm-editor/swarm-editor/internal/swarm/scheduler.go:665.2,667.27 2 0
github.com/swarm-editor/swarm-editor/internal/swarm/scheduler.go:671.58,673.30 1 1
github.com/swarm-editor/swarm-editor/internal/swarm/scheduler.go:673.30,675.3 1 1
github.com/swarm-editor/swarm-editor/internal/swarm/scheduler.go:677.2,681.63 2 1
github.com/swarm-editor/swarm-editor/internal/swarm/scheduler.go:681.63,684.30 2 1
github.com/swarm-editor/swarm-editor/internal/swarm/scheduler.go:684.30,695.4 1 1
github.com/swarm-editor/swarm-editor/internal/swarm/scheduler.go:698.2,698.24 1 1
github.com/swarm-editor/swarm-editor/internal/swarm/scheduler.go:698.24,700.3 1 0
github.com/swarm-editor/swarm-editor/internal/swarm/scheduler.go:702.2,702.17 1 1
github.com/swarm-editor/swarm-editor/internal/swarm/scheduler.go:706.54,709.20 2 1
github.com/swarm-editor/swarm-editor/internal/swarm/scheduler.go:709.20,711.3 1 0
github.com/swarm-editor/swarm-editor/internal/swarm/scheduler.go:714.2,717.35 4 1
github.com/swarm-editor/swarm-editor/internal/swarm/scheduler.go:717.35,718.40 1 1
github.com/swarm-editor/swarm-editor/internal/swarm/scheduler.go:718.40,720.4 1 1
github.com/swarm-editor/swarm-editor/internal/swarm/scheduler.go:723.2,723.25 1 1
github.com/swarm-editor/swarm-editor/internal/swarm/scheduler.go:727.63,732.33 3 1
github.com/swarm-editor/swarm-editor/internal/swarm/scheduler.go:732.33,734.31 2 1
github.com/swarm-editor/swarm-editor/internal/swarm/scheduler.go:734.31,736.28 2 1
github.com/swarm-editor/swarm-editor/internal/swarm/scheduler.go:736.28,738.16 2 1
github.com/swarm-editor/swarm-editor/internal/swarm/scheduler.go:738.16,740.6 1 1
github.com/swarm-editor/swarm-editor/internal/swarm/scheduler.go:743.3,743.21 1 1
github.com/swarm-editor/swarm-editor/internal/swarm/scheduler.go:746.2,746.15 1 1
github.com/swarm-editor/swarm-editor/internal/swarm/scheduler.go:750.73,751.23 1 1
github.com/swarm-editor/swarm-editor/internal/swarm/scheduler.go:751.23,753.3 1 1
github.com/swarm-editor/swarm-editor/internal/swarm/scheduler.go:755.2,755.23 1 1
github.com/swarm-editor/swarm-editor/internal/swarm/scheduler.go:755.23,757.3 1 1
github.com/swarm-editor/swarm-editor/internal/swarm/scheduler.go:760.2,766.28 3 1
github.com/swarm-editor/swarm-editor/internal/swarm/scheduler.go:766.28,767.36 1 1
github.com/swarm-editor/swarm-editor/internal/swarm/scheduler.go:767.36,769.4 1 1
github.com/swarm-editor/swarm-editor/internal/swarm/scheduler.go:771.2,771.25 1 1
github.com/swarm-editor/swarm-editor/internal/swarm/scheduler.go:771.25,773.3 1 1
github.com/swarm-editor/swarm-editor/internal/swarm/scheduler.go:776.2,776.28 1 1
github.com/swarm-editor/swarm-editor/internal/swarm/scheduler.go:776.28,778.3 1 1
github.com/swarm-editor/swarm-editor/internal/swarm/scheduler.go:781.2,782.28 2 1
github.com/swarm-editor/swarm-editor/internal/swarm/scheduler.go:782.28,784.3 1 1
github.com/swarm-editor/swarm-editor/internal/swarm/scheduler.go:785.2,787.19 2 1
github.com/swarm-editor/swarm-editor/internal/swarm/scheduler.go:791.39,797.6 4 1
github.com/swarm-editor/swarm-editor/internal/swarm/scheduler.go:797.6,798.10 1 1
github.com/swarm-editor/swarm-editor/internal/swarm/scheduler.go:799.23,800.10 1 1
github.com/swarm-editor/swarm-editor/internal/swarm/scheduler.go:801.19,803.40 2 0
github.com/swarm-editor/swarm-editor/internal/swarm/scheduler.go:803.40,806.33 2 0
github.com/swarm-editor/swarm-editor/internal/swarm/scheduler.go:806.33,808.6 1 0
github.com/swarm-editor/swarm-editor/internal/swarm/scheduler.go:810.5,810.28 1 0
github.com/swarm-editor/swarm-editor/internal/swarm/scheduler.go:810.28,812.6 1 0
github.com/swarm-editor/swarm-editor/internal/swarm/scheduler.go:814.4,814.18 1 0
github.com/swarm-editor/swarm-editor/internal/swarm/scheduler.go:820.48,829.34 7 1
github.com/swarm-editor/swarm-editor/internal/swarm/scheduler.go:829.34,831.3 1 1
github.com/swarm-editor/swarm-editor/internal/swarm/scheduler.go:832.2,832.24 1 1
github.com/swarm-editor/swarm-editor/internal/swarm/scheduler.go:832.24,834.3 1 1
github.com/swarm-editor/swarm-editor/internal/swarm/scheduler.go:836.2,843.3 1 1
github.com/swarm-editor/swarm-editor/internal/swarm/scheduler.go:857.63,861.2 3 1
github.com/swarm-editor/swarm-editor/internal/swarm/scheduler.go:864.66,868.2 3 1
github.com/swarm-editor/swarm-editor/internal/swarm/scheduler.go:871.73,875.2 3 1
github.com/swarm-editor/swarm-editor/internal/swarm/scheduler.go:878.74,882.2 3 1
github.com/swarm-editor/swarm-editor/internal/swarm/task.go:77.66,89.2 1 1
github.com/swarm-editor/swarm-editor/internal/swarm/task.go:92.38,96.2 1 1
github.com/swarm-editor/swarm-editor/internal/swarm/task.go:99.50,103.16 3 1
github.com/swarm-editor/swarm-editor/internal/swarm/task.go:103.16,105.3 1 1
github.com/swarm-editor/swarm-editor/internal/swarm/task.go:107.2,108.29 2 1
github.com/swarm-editor/swarm-editor/internal/swarm/task.go:108.29,120.3 1 1
github.com/swarm-editor/swarm-editor/internal/swarm/task.go:122.2,123.17 2 1
github.com/swarm-editor/swarm-editor/internal/swarm/task.go:127.48,133.2 5 1
github.com/swarm-editor/swarm-editor/internal/swarm/task.go:136.45,142.2 5 1
github.com/swarm-editor/swarm-editor/internal/swarm/task.go:145.32,149.16 4 1
github.com/swarm-editor/swarm-editor/internal/swarm/task.go:149.16,151.3 1 1
github.com/swarm-editor/swarm-editor/internal/swarm/task.go:152.2,152.28 1 1
github.com/swarm-editor/swarm-editor/internal/swarm/task.go:156.25,161.2 4 1
github.com/swarm-editor/swarm-editor/internal/swarm/task.go:164.29,168.34 3 1
github.com/swarm-editor/swarm-editor/internal/swarm/task.go:168.34,170.3 1 1
github.com/swarm-editor/swarm-editor/internal/swarm/task.go:172.2,175.13 4 1
github.com/swarm-editor/swarm-editor/internal/swarm/task.go:179.51,183.2 3 1
github.com/swarm-editor/swarm-editor/internal/swarm/task.go:186.43,190.2 3 1
github.com/swarm-editor/swarm-editor/internal/swarm/task.go:193.50,197.2 3 1
github.com/swarm-editor/swarm-editor/internal/swarm/task.go:200.45,204.2 3 1
github.com/swarm-editor/swarm-editor/internal/swarm/task.go:207.61,212.30 3 1
github.com/swarm-editor/swarm-editor/internal/swarm/task.go:212.30,214.3 1 1
github.com/swarm-editor/swarm-editor/internal/swarm/task.go:217.2,217.27 1 1
github.com/swarm-editor/swarm-editor/internal/swarm/task.go:217.27,219.3 1 1
github.com/swarm-editor/swarm-editor/internal/swarm/task.go:221.2,221.39 1 1
github.com/swarm-editor/swarm-editor/internal/swarm/task.go:221.39,222.29 1 1
github.com/swarm-editor/swarm-editor/internal/swarm/task.go:222.29,224.4 1 1
github.com/swarm-editor/swarm-editor/internal/swarm/task.go:226.2,226.13 1 1
github.com/swarm-editor/swarm-editor/internal/swarm/task.go:230.44,234.54 3 1
github.com/swarm-editor/swarm-editor/internal/swarm/task.go:234.54,236.3 1 1
github.com/swarm-editor/swarm-editor/internal/swarm/task.go:237.2,237.10 1 1
github.com/swarm-editor/swarm-editor/internal/swarm/task.go:241.41,243.2 1 1
github.com/swarm-editor/swarm-editor/internal/swarm/task.go:246.47,247.20 1 1
github.com/swarm-editor/swarm-editor/internal/swarm/task.go:247.20,249.3 1 1
github.com/swarm-editor/swarm-editor/internal/swarm/task.go:251.2,252.52 2 1
github.com/swarm-editor/swarm-editor/internal/swarm/task.go:252.52,254.3 1 1
github.com/swarm-editor/swarm-editor/internal/swarm/task.go:255.2,255.19 1 1
github.com/swarm-editor/swarm-editor/internal/swarm/task.go:265.32,269.2 1 1
github.com/swarm-editor/swarm-editor/internal/swarm/task.go:272.38,273.17 1 1
github.com/swarm-editor/swarm-editor/internal/swarm/task.go:273.17,275.3 1 0
github.com/swarm-editor/swarm-editor/internal/swarm/task.go:276.2,281.30 4 1
github.com/swarm-editor/swarm-editor/internal/swarm/task.go:281.30,282.62 1 1
github.com/swarm-editor/swarm-editor/internal/swarm/task.go:282.62,283.9 1 1
github.com/swarm-editor/swarm-editor/internal/swarm/task.go:287.2,287.73 1 1
github.com/swarm-editor/swarm-editor/internal/swarm/task.go:291.33,295.23 3 1
github.com/swarm-editor/swarm-editor/internal/swarm/task.go:295.23,297.3 1 1
github.com/swarm-editor/swarm-editor/internal/swarm/task.go:299.2,301.13 3 1
github.com/swarm-editor/swarm-editor/internal/swarm/task.go:305.34,309.23 3 1
github.com/swarm-editor/swarm-editor/internal/swarm/task.go:309.23,311.3 1 1
github.com/swarm-editor/swarm-editor/internal/swarm/task.go:312.2,312.19 1 0
github.com/swarm-editor/swarm-editor/internal/swarm/task.go:316.31,320.2 3 1
github.com/swarm-editor/swarm-editor/internal/swarm/task.go:323.49,327.31 3 1
github.com/swarm-editor/swarm-editor/internal/swarm/task.go:327.31,328.24 1 1
github.com/swarm-editor/swarm-editor/internal/swarm/task.go:328.24,331.4 2 1
github.com/swarm-editor/swarm-editor/internal/swarm/task.go:333.2,333.12 1 1
github.com/swarm-editor/swarm-editor/internal/swarm/task.go:337.38,343.2 5 1
github.com/swarm-editor/swarm-editor/internal/swarm/task.go:348.47,360.10 4 1
github.com/swarm-editor/swarm-editor/internal/swarm/task.go:360.10,362.3 1 1
github.com/swarm-editor/swarm-editor/internal/swarm/task.go:363.2,363.10 1 1
github.com/swarm-editor/swarm-editor/internal/swarm/task.go:363.10,365.3 1 1
github.com/swarm-editor/swarm-editor/internal/swarm/task.go:367.2,367.16 1 1
github.com/swarm-editor/swarm-editor/internal/swarm/task.go:370.30,372.2 1 1
