mode: set
github.com/swarm-editor/swarm-editor/internal/lsp/scanner.go:180.28,185.2 1 1
github.com/swarm-editor/swarm-editor/internal/lsp/scanner.go:188.26,200.31 4 1
github.com/swarm-editor/swarm-editor/internal/lsp/scanner.go:200.31,206.3 1 0
github.com/swarm-editor/swarm-editor/internal/lsp/scanner.go:209.2,209.49 1 1
github.com/swarm-editor/swarm-editor/internal/lsp/scanner.go:209.49,211.3 1 1
github.com/swarm-editor/swarm-editor/internal/lsp/scanner.go:212.2,212.46 1 1
github.com/swarm-editor/swarm-editor/internal/lsp/scanner.go:212.46,214.3 1 0
github.com/swarm-editor/swarm-editor/internal/lsp/scanner.go:217.2,217.50 1 1
github.com/swarm-editor/swarm-editor/internal/lsp/scanner.go:217.50,219.3 1 1
github.com/swarm-editor/swarm-editor/internal/lsp/scanner.go:222.2,222.56 1 1
github.com/swarm-editor/swarm-editor/internal/lsp/scanner.go:222.56,223.82 1 1
github.com/swarm-editor/swarm-editor/internal/lsp/scanner.go:223.82,226.4 2 1
github.com/swarm-editor/swarm-editor/internal/lsp/scanner.go:230.2,230.73 1 1
github.com/swarm-editor/swarm-editor/internal/lsp/scanner.go:230.73,231.14 1 1
github.com/swarm-editor/swarm-editor/internal/lsp/scanner.go:231.14,233.4 1 1
github.com/swarm-editor/swarm-editor/internal/lsp/scanner.go:237.2,237.32 1 1
github.com/swarm-editor/swarm-editor/internal/lsp/scanner.go:237.32,238.30 1 1
github.com/swarm-editor/swarm-editor/internal/lsp/scanner.go:238.30,240.4 1 1
github.com/swarm-editor/swarm-editor/internal/lsp/scanner.go:243.2,243.14 1 1
github.com/swarm-editor/swarm-editor/internal/lsp/scanner.go:246.50,248.2 1 1
github.com/swarm-editor/swarm-editor/internal/lsp/scanner.go:251.51,255.2 3 1
github.com/swarm-editor/swarm-editor/internal/lsp/scanner.go:258.62,262.2 3 1
github.com/swarm-editor/swarm-editor/internal/lsp/scanner.go:265.67,269.40 3 1
github.com/swarm-editor/swarm-editor/internal/lsp/scanner.go:269.40,271.29 2 1
github.com/swarm-editor/swarm-editor/internal/lsp/scanner.go:271.29,272.17 1 1
github.com/swarm-editor/swarm-editor/internal/lsp/scanner.go:272.17,273.33 1 1
github.com/swarm-editor/swarm-editor/internal/lsp/scanner.go:273.33,275.6 1 0
github.com/swarm-editor/swarm-editor/internal/lsp/scanner.go:276.5,276.14 1 1
github.com/swarm-editor/swarm-editor/internal/lsp/scanner.go:278.4,278.53 1 1
github.com/swarm-editor/swarm-editor/internal/lsp/scanner.go:278.53,280.5 1 1
github.com/swarm-editor/swarm-editor/internal/lsp/scanner.go:284.2,284.12 1 1
github.com/swarm-editor/swarm-editor/internal/lsp/scanner.go:284.12,285.16 1 1
github.com/swarm-editor/swarm-editor/internal/lsp/scanner.go:285.16,286.32 1 1
github.com/swarm-editor/swarm-editor/internal/lsp/scanner.go:286.32,288.5 1 0
github.com/swarm-editor/swarm-editor/internal/lsp/scanner.go:290.3,291.17 2 1
github.com/swarm-editor/swarm-editor/internal/lsp/scanner.go:295.2,296.30 2 1
github.com/swarm-editor/swarm-editor/internal/lsp/scanner.go:296.30,298.3 1 1
github.com/swarm-editor/swarm-editor/internal/lsp/scanner.go:301.2,302.34 2 1
github.com/swarm-editor/swarm-editor/internal/lsp/scanner.go:302.34,304.3 1 1
github.com/swarm-editor/swarm-editor/internal/lsp/scanner.go:306.2,310.23 3 1
github.com/swarm-editor/swarm-editor/internal/lsp/scanner.go:310.23,311.35 1 1
github.com/swarm-editor/swarm-editor/internal/lsp/scanner.go:311.35,313.4 1 1
github.com/swarm-editor/swarm-editor/internal/lsp/scanner.go:316.2,316.22 1 1
github.com/swarm-editor/swarm-editor/internal/lsp/scanner.go:320.84,322.45 1 1
github.com/swarm-editor/swarm-editor/internal/lsp/scanner.go:322.45,324.17 2 1
github.com/swarm-editor/swarm-editor/internal/lsp/scanner.go:324.17,325.12 1 1
github.com/swarm-editor/swarm-editor/internal/lsp/scanner.go:328.3,341.62 2 1
github.com/swarm-editor/swarm-editor/internal/lsp/scanner.go:341.62,343.4 1 1
github.com/swarm-editor/swarm-editor/internal/lsp/scanner.go:346.3,346.60 1 1
github.com/swarm-editor/swarm-editor/internal/lsp/scanner.go:346.60,348.4 1 1
github.com/swarm-editor/swarm-editor/internal/lsp/scanner.go:351.3,351.58 1 1
github.com/swarm-editor/swarm-editor/internal/lsp/scanner.go:351.58,353.4 1 0
github.com/swarm-editor/swarm-editor/internal/lsp/scanner.go:355.3,355.16 1 1
github.com/swarm-editor/swarm-editor/internal/lsp/scanner.go:359.2,367.3 1 1
github.com/swarm-editor/swarm-editor/internal/lsp/scanner.go:371.63,373.26 1 1
github.com/swarm-editor/swarm-editor/internal/lsp/scanner.go:373.26,374.42 1 0
github.com/swarm-editor/swarm-editor/internal/lsp/scanner.go:374.42,376.4 1 0
github.com/swarm-editor/swarm-editor/internal/lsp/scanner.go:377.3,377.58 1 0
github.com/swarm-editor/swarm-editor/internal/lsp/scanner.go:381.2,387.28 5 1
github.com/swarm-editor/swarm-editor/internal/lsp/scanner.go:387.28,389.32 2 1
github.com/swarm-editor/swarm-editor/internal/lsp/scanner.go:389.32,391.4 1 0
github.com/swarm-editor/swarm-editor/internal/lsp/scanner.go:392.3,392.42 1 1
github.com/swarm-editor/swarm-editor/internal/lsp/scanner.go:392.42,394.4 1 1
github.com/swarm-editor/swarm-editor/internal/lsp/scanner.go:397.2,397.57 1 1
github.com/swarm-editor/swarm-editor/internal/lsp/scanner.go:401.84,409.29 5 1
github.com/swarm-editor/swarm-editor/internal/lsp/scanner.go:409.29,412.36 3 1
github.com/swarm-editor/swarm-editor/internal/lsp/scanner.go:412.36,413.38 1 1
github.com/swarm-editor/swarm-editor/internal/lsp/scanner.go:413.38,415.5 1 0
github.com/swarm-editor/swarm-editor/internal/lsp/scanner.go:416.4,419.23 3 1
github.com/swarm-editor/swarm-editor/internal/lsp/scanner.go:423.2,423.54 1 1
github.com/swarm-editor/swarm-editor/internal/lsp/scanner.go:427.59,430.16 2 1
github.com/swarm-editor/swarm-editor/internal/lsp/scanner.go:430.16,432.3 1 0
github.com/swarm-editor/swarm-editor/internal/lsp/scanner.go:434.2,434.26 1 1
github.com/swarm-editor/swarm-editor/internal/lsp/scanner.go:434.26,435.48 1 1
github.com/swarm-editor/swarm-editor/internal/lsp/scanner.go:435.48,437.43 2 0
github.com/swarm-editor/swarm-editor/internal/lsp/scanner.go:437.43,439.5 1 0
github.com/swarm-editor/swarm-editor/internal/lsp/scanner.go:442.3,443.20 2 1
github.com/swarm-editor/swarm-editor/internal/lsp/scanner.go:443.20,444.9 1 1
github.com/swarm-editor/swarm-editor/internal/lsp/scanner.go:446.3,446.15 1 1
github.com/swarm-editor/swarm-editor/internal/lsp/scanner.go:449.2,449.11 1 1
github.com/swarm-editor/swarm-editor/internal/lsp/scanner.go:453.42,455.32 2 1
github.com/swarm-editor/swarm-editor/internal/lsp/scanner.go:455.32,458.3 2 1
github.com/swarm-editor/swarm-editor/internal/lsp/scanner.go:459.2,459.28 1 1
github.com/swarm-editor/swarm-editor/internal/lsp/scanner.go:459.28,461.32 2 1
github.com/swarm-editor/swarm-editor/internal/lsp/scanner.go:461.32,463.4 1 0
github.com/swarm-editor/swarm-editor/internal/lsp/scanner.go:465.2,465.16 1 1
github.com/swarm-editor/swarm-editor/internal/lsp/scanner.go:469.59,473.9 4 1
github.com/swarm-editor/swarm-editor/internal/lsp/scanner.go:473.9,475.3 1 1
github.com/swarm-editor/swarm-editor/internal/lsp/scanner.go:476.2,476.33 1 1
github.com/swarm-editor/swarm-editor/internal/lsp/scanner.go:480.45,485.35 4 1
github.com/swarm-editor/swarm-editor/internal/lsp/scanner.go:485.35,487.3 1 1
github.com/swarm-editor/swarm-editor/internal/lsp/scanner.go:488.2,488.16 1 1
github.com/swarm-editor/swarm-editor/internal/lsp/scanner.go:492.70,497.35 4 1
github.com/swarm-editor/swarm-editor/internal/lsp/scanner.go:497.35,498.34 1 1
github.com/swarm-editor/swarm-editor/internal/lsp/scanner.go:498.34,500.4 1 1
github.com/swarm-editor/swarm-editor/internal/lsp/scanner.go:502.2,502.16 1 1
github.com/swarm-editor/swarm-editor/internal/lsp/scanner.go:506.54,511.35 4 1
github.com/swarm-editor/swarm-editor/internal/lsp/scanner.go:511.35,512.79 1 1
github.com/swarm-editor/swarm-editor/internal/lsp/scanner.go:512.79,514.4 1 1
github.com/swarm-editor/swarm-editor/internal/lsp/scanner.go:516.2,516.16 1 1
github.com/swarm-editor/swarm-editor/internal/lsp/scanner.go:520.52,525.35 4 1
github.com/swarm-editor/swarm-editor/internal/lsp/scanner.go:525.35,526.45 1 1
github.com/swarm-editor/swarm-editor/internal/lsp/scanner.go:526.45,528.4 1 1
github.com/swarm-editor/swarm-editor/internal/lsp/scanner.go:530.2,530.16 1 1
github.com/swarm-editor/swarm-editor/internal/lsp/scanner.go:534.70,541.2 5 1
github.com/swarm-editor/swarm-editor/internal/lsp/scanner.go:545.77,549.9 3 1
github.com/swarm-editor/swarm-editor/internal/lsp/scanner.go:549.9,552.3 2 1
github.com/swarm-editor/swarm-editor/internal/lsp/scanner.go:553.2,556.33 3 1
github.com/swarm-editor/swarm-editor/internal/lsp/scanner.go:556.33,558.3 1 1
github.com/swarm-editor/swarm-editor/internal/lsp/scanner.go:561.2,561.54 1 1
github.com/swarm-editor/swarm-editor/internal/lsp/scanner.go:561.54,563.3 1 1
github.com/swarm-editor/swarm-editor/internal/lsp/scanner.go:566.2,566.50 1 1
github.com/swarm-editor/swarm-editor/internal/lsp/scanner.go:566.50,568.3 1 1
github.com/swarm-editor/swarm-editor/internal/lsp/scanner.go:571.2,575.31 4 0
github.com/swarm-editor/swarm-editor/internal/lsp/scanner.go:575.31,577.3 1 0
github.com/swarm-editor/swarm-editor/internal/lsp/scanner.go:577.8,579.3 1 0
github.com/swarm-editor/swarm-editor/internal/lsp/scanner.go:581.2,582.16 2 0
github.com/swarm-editor/swarm-editor/internal/lsp/scanner.go:582.16,584.3 1 0
github.com/swarm-editor/swarm-editor/internal/lsp/scanner.go:587.2,587.42 1 0
github.com/swarm-editor/swarm-editor/internal/lsp/scanner.go:587.42,589.3 1 0
github.com/swarm-editor/swarm-editor/internal/lsp/scanner.go:591.2,591.12 1 0
github.com/swarm-editor/swarm-editor/internal/lsp/scanner.go:613.44,616.43 2 1
github.com/swarm-editor/swarm-editor/internal/lsp/scanner.go:616.43,617.39 1 1
github.com/swarm-editor/swarm-editor/internal/lsp/scanner.go:617.39,619.4 1 1
github.com/swarm-editor/swarm-editor/internal/lsp/scanner.go:622.2,622.45 1 1
github.com/swarm-editor/swarm-editor/internal/lsp/scanner.go:622.45,623.37 1 1
github.com/swarm-editor/swarm-editor/internal/lsp/scanner.go:623.37,625.4 1 1
github.com/swarm-editor/swarm-editor/internal/lsp/scanner.go:627.2,627.14 1 1
