mode: set
github.com/swarm-editor/swarm-editor/internal/session/store.go:26.41,27.14 1 1
github.com/swarm-editor/swarm-editor/internal/session/store.go:27.14,29.3 1 1
github.com/swarm-editor/swarm-editor/internal/session/store.go:30.2,30.31 1 1
github.com/swarm-editor/swarm-editor/internal/session/store.go:30.31,32.3 1 1
github.com/swarm-editor/swarm-editor/internal/session/store.go:33.2,33.32 1 1
github.com/swarm-editor/swarm-editor/internal/session/store.go:33.32,35.3 1 1
github.com/swarm-editor/swarm-editor/internal/session/store.go:36.2,36.36 1 1
github.com/swarm-editor/swarm-editor/internal/session/store.go:36.36,38.3 1 1
github.com/swarm-editor/swarm-editor/internal/session/store.go:39.2,39.12 1 1
github.com/swarm-editor/swarm-editor/internal/session/store.go:106.47,120.45 4 1
github.com/swarm-editor/swarm-editor/internal/session/store.go:120.45,123.3 1 0
github.com/swarm-editor/swarm-editor/internal/session/store.go:125.2,125.19 1 1
github.com/swarm-editor/swarm-editor/internal/session/store.go:129.31,130.15 1 1
github.com/swarm-editor/swarm-editor/internal/session/store.go:130.15,131.31 1 1
github.com/swarm-editor/swarm-editor/internal/session/store.go:131.31,133.4 1 0
github.com/swarm-editor/swarm-editor/internal/session/store.go:134.3,134.19 1 1
github.com/swarm-editor/swarm-editor/internal/session/store.go:137.2,137.6 1 1
github.com/swarm-editor/swarm-editor/internal/session/store.go:137.6,138.10 1 1
github.com/swarm-editor/swarm-editor/internal/session/store.go:139.30,143.11 1 1
github.com/swarm-editor/swarm-editor/internal/session/store.go:143.11,145.18 2 1
github.com/swarm-editor/swarm-editor/internal/session/store.go:145.18,146.34 1 1
github.com/swarm-editor/swarm-editor/internal/session/store.go:146.34,148.7 1 0
github.com/swarm-editor/swarm-editor/internal/session/store.go:150.5,150.45 1 1
github.com/swarm-editor/swarm-editor/internal/session/store.go:152.22,154.8 1 1
github.com/swarm-editor/swarm-editor/internal/session/store.go:154.8,155.12 1 1
github.com/swarm-editor/swarm-editor/internal/session/store.go:156.32,157.13 1 0
github.com/swarm-editor/swarm-editor/internal/session/store.go:157.13,159.20 2 0
github.com/swarm-editor/swarm-editor/internal/session/store.go:159.20,160.36 1 0
github.com/swarm-editor/swarm-editor/internal/session/store.go:160.36,162.9 1 0
github.com/swarm-editor/swarm-editor/internal/session/store.go:164.7,164.47 1 0
github.com/swarm-editor/swarm-editor/internal/session/store.go:166.13,167.12 1 1
github.com/swarm-editor/swarm-editor/internal/session/store.go:175.62,176.21 1 1
github.com/swarm-editor/swarm-editor/internal/session/store.go:176.21,178.3 1 0
github.com/swarm-editor/swarm-editor/internal/session/store.go:179.2,182.16 3 1
github.com/swarm-editor/swarm-editor/internal/session/store.go:182.16,185.3 2 0
github.com/swarm-editor/swarm-editor/internal/session/store.go:187.2,187.40 1 1
github.com/swarm-editor/swarm-editor/internal/session/store.go:187.40,189.3 1 0
github.com/swarm-editor/swarm-editor/internal/session/store.go:190.2,192.16 3 1
github.com/swarm-editor/swarm-editor/internal/session/store.go:192.16,197.3 4 0
github.com/swarm-editor/swarm-editor/internal/session/store.go:198.2,198.36 1 1
github.com/swarm-editor/swarm-editor/internal/session/store.go:198.36,202.3 3 0
github.com/swarm-editor/swarm-editor/internal/session/store.go:203.2,203.49 1 1
github.com/swarm-editor/swarm-editor/internal/session/store.go:203.49,207.3 3 0
github.com/swarm-editor/swarm-editor/internal/session/store.go:211.38,212.21 1 1
github.com/swarm-editor/swarm-editor/internal/session/store.go:212.21,214.3 1 1
github.com/swarm-editor/swarm-editor/internal/session/store.go:217.2,217.53 1 1
github.com/swarm-editor/swarm-editor/internal/session/store.go:217.53,219.3 1 0
github.com/swarm-editor/swarm-editor/internal/session/store.go:222.2,223.16 2 1
github.com/swarm-editor/swarm-editor/internal/session/store.go:223.16,224.37 1 0
github.com/swarm-editor/swarm-editor/internal/session/store.go:224.37,226.4 1 0
github.com/swarm-editor/swarm-editor/internal/session/store.go:227.3,227.62 1 0
github.com/swarm-editor/swarm-editor/internal/session/store.go:230.2,230.32 1 1
github.com/swarm-editor/swarm-editor/internal/session/store.go:230.32,231.65 1 1
github.com/swarm-editor/swarm-editor/internal/session/store.go:231.65,232.12 1 1
github.com/swarm-editor/swarm-editor/internal/session/store.go:235.3,237.17 3 1
github.com/swarm-editor/swarm-editor/internal/session/store.go:237.17,239.12 2 0
github.com/swarm-editor/swarm-editor/internal/session/store.go:242.3,243.56 2 1
github.com/swarm-editor/swarm-editor/internal/session/store.go:243.56,245.12 2 1
github.com/swarm-editor/swarm-editor/internal/session/store.go:249.3,249.55 1 1
github.com/swarm-editor/swarm-editor/internal/session/store.go:249.55,251.12 2 1
github.com/swarm-editor/swarm-editor/internal/session/store.go:254.3,255.78 2 1
github.com/swarm-editor/swarm-editor/internal/session/store.go:258.2,258.12 1 1
github.com/swarm-editor/swarm-editor/internal/session/store.go:264.61,265.21 1 1
github.com/swarm-editor/swarm-editor/internal/session/store.go:265.21,267.3 1 1
github.com/swarm-editor/swarm-editor/internal/session/store.go:268.2,269.9 2 1
github.com/swarm-editor/swarm-editor/internal/session/store.go:270.70,270.70 0 1
github.com/swarm-editor/swarm-editor/internal/session/store.go:271.10,275.85 2 0
github.com/swarm-editor/swarm-editor/internal/session/store.go:280.33,282.2 1 1
github.com/swarm-editor/swarm-editor/internal/session/store.go:285.31,287.14 2 1
github.com/swarm-editor/swarm-editor/internal/session/store.go:287.14,290.3 2 1
github.com/swarm-editor/swarm-editor/internal/session/store.go:291.2,298.12 5 1
github.com/swarm-editor/swarm-editor/internal/session/store.go:302.56,303.21 1 1
github.com/swarm-editor/swarm-editor/internal/session/store.go:303.21,305.3 1 1
github.com/swarm-editor/swarm-editor/internal/session/store.go:307.2,308.75 2 1
github.com/swarm-editor/swarm-editor/internal/session/store.go:308.75,310.3 1 0
github.com/swarm-editor/swarm-editor/internal/session/store.go:312.2,312.12 1 1
github.com/swarm-editor/swarm-editor/internal/session/store.go:316.53,318.46 1 1
github.com/swarm-editor/swarm-editor/internal/session/store.go:318.46,321.3 2 1
github.com/swarm-editor/swarm-editor/internal/session/store.go:323.2,324.14 2 1
github.com/swarm-editor/swarm-editor/internal/session/store.go:324.14,327.3 2 0
github.com/swarm-editor/swarm-editor/internal/session/store.go:329.2,348.24 7 1
github.com/swarm-editor/swarm-editor/internal/session/store.go:348.24,350.17 2 1
github.com/swarm-editor/swarm-editor/internal/session/store.go:350.17,352.4 1 0
github.com/swarm-editor/swarm-editor/internal/session/store.go:352.9,354.4 1 1
github.com/swarm-editor/swarm-editor/internal/session/store.go:357.2,357.20 1 1
github.com/swarm-editor/swarm-editor/internal/session/store.go:361.41,364.39 3 1
github.com/swarm-editor/swarm-editor/internal/session/store.go:364.39,366.3 1 1
github.com/swarm-editor/swarm-editor/internal/session/store.go:367.2,367.12 1 1
github.com/swarm-editor/swarm-editor/internal/session/store.go:371.35,376.37 4 1
github.com/swarm-editor/swarm-editor/internal/session/store.go:376.37,378.3 1 1
github.com/swarm-editor/swarm-editor/internal/session/store.go:381.2,381.43 1 1
github.com/swarm-editor/swarm-editor/internal/session/store.go:381.43,383.3 1 1
github.com/swarm-editor/swarm-editor/internal/session/store.go:385.2,385.17 1 1
github.com/swarm-editor/swarm-editor/internal/session/store.go:389.56,394.9 4 1
github.com/swarm-editor/swarm-editor/internal/session/store.go:394.9,396.3 1 1
github.com/swarm-editor/swarm-editor/internal/session/store.go:398.2,399.25 2 1
github.com/swarm-editor/swarm-editor/internal/session/store.go:399.25,400.40 1 1
github.com/swarm-editor/swarm-editor/internal/session/store.go:400.40,402.4 1 1
github.com/swarm-editor/swarm-editor/internal/session/store.go:406.2,406.43 1 1
github.com/swarm-editor/swarm-editor/internal/session/store.go:406.43,408.3 1 1
github.com/swarm-editor/swarm-editor/internal/session/store.go:410.2,410.17 1 1
github.com/swarm-editor/swarm-editor/internal/session/store.go:414.69,416.14 2 1
github.com/swarm-editor/swarm-editor/internal/session/store.go:416.14,419.3 2 1
github.com/swarm-editor/swarm-editor/internal/session/store.go:421.2,422.9 2 1
github.com/swarm-editor/swarm-editor/internal/session/store.go:422.9,425.3 2 1
github.com/swarm-editor/swarm-editor/internal/session/store.go:427.2,427.22 1 1
github.com/swarm-editor/swarm-editor/internal/session/store.go:427.22,429.3 1 1
github.com/swarm-editor/swarm-editor/internal/session/store.go:430.2,430.32 1 1
github.com/swarm-editor/swarm-editor/internal/session/store.go:430.32,432.3 1 1
github.com/swarm-editor/swarm-editor/internal/session/store.go:433.2,433.29 1 1
github.com/swarm-editor/swarm-editor/internal/session/store.go:433.29,435.3 1 1
github.com/swarm-editor/swarm-editor/internal/session/store.go:437.2,441.51 3 1
github.com/swarm-editor/swarm-editor/internal/session/store.go:441.51,443.3 1 0
github.com/swarm-editor/swarm-editor/internal/session/store.go:445.2,452.24 4 1
github.com/swarm-editor/swarm-editor/internal/session/store.go:452.24,454.17 2 1
github.com/swarm-editor/swarm-editor/internal/session/store.go:454.17,456.4 1 0
github.com/swarm-editor/swarm-editor/internal/session/store.go:456.9,458.4 1 1
github.com/swarm-editor/swarm-editor/internal/session/store.go:461.2,461.12 1 1
github.com/swarm-editor/swarm-editor/internal/session/store.go:465.62,467.14 2 1
github.com/swarm-editor/swarm-editor/internal/session/store.go:467.14,470.3 2 1
github.com/swarm-editor/swarm-editor/internal/session/store.go:472.2,473.9 2 1
github.com/swarm-editor/swarm-editor/internal/session/store.go:473.9,476.3 2 1
github.com/swarm-editor/swarm-editor/internal/session/store.go:478.2,486.24 5 1
github.com/swarm-editor/swarm-editor/internal/session/store.go:486.24,488.17 2 1
github.com/swarm-editor/swarm-editor/internal/session/store.go:488.17,490.4 1 0
github.com/swarm-editor/swarm-editor/internal/session/store.go:490.9,492.4 1 1
github.com/swarm-editor/swarm-editor/internal/session/store.go:495.2,495.12 1 1
github.com/swarm-editor/swarm-editor/internal/session/store.go:499.48,504.9 4 1
github.com/swarm-editor/swarm-editor/internal/session/store.go:504.9,506.3 1 1
github.com/swarm-editor/swarm-editor/internal/session/store.go:509.2,509.47 1 1
github.com/swarm-editor/swarm-editor/internal/session/store.go:509.47,511.26 2 1
github.com/swarm-editor/swarm-editor/internal/session/store.go:511.26,512.23 1 1
github.com/swarm-editor/swarm-editor/internal/session/store.go:512.23,514.5 1 1
github.com/swarm-editor/swarm-editor/internal/session/store.go:516.3,516.23 1 1
github.com/swarm-editor/swarm-editor/internal/session/store.go:516.23,518.4 1 1
github.com/swarm-editor/swarm-editor/internal/session/store.go:518.9,520.4 1 1
github.com/swarm-editor/swarm-editor/internal/session/store.go:523.2,527.52 2 1
github.com/swarm-editor/swarm-editor/internal/session/store.go:527.52,529.3 1 0
github.com/swarm-editor/swarm-editor/internal/session/store.go:531.2,531.12 1 1
github.com/swarm-editor/swarm-editor/internal/session/store.go:535.85,540.9 4 1
github.com/swarm-editor/swarm-editor/internal/session/store.go:540.9,542.3 1 1
github.com/swarm-editor/swarm-editor/internal/session/store.go:544.2,545.12 2 1
github.com/swarm-editor/swarm-editor/internal/session/store.go:549.74,554.9 4 1
github.com/swarm-editor/swarm-editor/internal/session/store.go:554.9,556.3 1 1
github.com/swarm-editor/swarm-editor/internal/session/store.go:558.2,558.34 1 1
github.com/swarm-editor/swarm-editor/internal/session/store.go:562.49,570.37 6 1
github.com/swarm-editor/swarm-editor/internal/session/store.go:570.37,571.44 1 1
github.com/swarm-editor/swarm-editor/internal/session/store.go:571.44,572.12 1 0
github.com/swarm-editor/swarm-editor/internal/session/store.go:575.3,575.40 1 1
github.com/swarm-editor/swarm-editor/internal/session/store.go:575.40,576.38 1 1
github.com/swarm-editor/swarm-editor/internal/session/store.go:576.38,577.85 1 1
github.com/swarm-editor/swarm-editor/internal/session/store.go:577.85,580.11 3 1
github.com/swarm-editor/swarm-editor/internal/session/store.go:583.4,583.45 1 1
github.com/swarm-editor/swarm-editor/internal/session/store.go:583.45,584.10 1 1
github.com/swarm-editor/swarm-editor/internal/session/store.go:590.2,590.42 1 1
github.com/swarm-editor/swarm-editor/internal/session/store.go:590.42,592.3 1 0
github.com/swarm-editor/swarm-editor/internal/session/store.go:594.2,594.16 1 1
github.com/swarm-editor/swarm-editor/internal/session/store.go:598.39,604.37 5 1
github.com/swarm-editor/swarm-editor/internal/session/store.go:604.37,605.33 1 1
github.com/swarm-editor/swarm-editor/internal/session/store.go:605.33,607.4 1 1
github.com/swarm-editor/swarm-editor/internal/session/store.go:608.3,608.41 1 1
github.com/swarm-editor/swarm-editor/internal/session/store.go:611.2,616.3 1 1
github.com/swarm-editor/swarm-editor/internal/session/store.go:629.39,631.16 2 1
github.com/swarm-editor/swarm-editor/internal/session/store.go:631.16,633.3 1 0
github.com/swarm-editor/swarm-editor/internal/session/store.go:634.2,635.49 2 1
github.com/swarm-editor/swarm-editor/internal/session/store.go:635.49,637.3 1 0
github.com/swarm-editor/swarm-editor/internal/session/store.go:638.2,638.11 1 1
