mode: set
github.com/swarm-editor/swarm-editor/internal/team/manager.go:99.44,121.2 1 1
github.com/swarm-editor/swarm-editor/internal/team/manager.go:124.48,125.19 1 1
github.com/swarm-editor/swarm-editor/internal/team/manager.go:125.19,127.3 1 1
github.com/swarm-editor/swarm-editor/internal/team/manager.go:128.2,131.45 3 1
github.com/swarm-editor/swarm-editor/internal/team/manager.go:131.45,133.3 1 1
github.com/swarm-editor/swarm-editor/internal/team/manager.go:135.2,135.47 1 1
github.com/swarm-editor/swarm-editor/internal/team/manager.go:135.47,137.3 1 1
github.com/swarm-editor/swarm-editor/internal/team/manager.go:139.2,141.12 3 1
github.com/swarm-editor/swarm-editor/internal/team/manager.go:145.52,149.25 3 1
github.com/swarm-editor/swarm-editor/internal/team/manager.go:149.25,151.3 1 1
github.com/swarm-editor/swarm-editor/internal/team/manager.go:153.2,154.12 2 1
github.com/swarm-editor/swarm-editor/internal/team/manager.go:159.59,163.9 4 1
github.com/swarm-editor/swarm-editor/internal/team/manager.go:163.9,165.3 1 1
github.com/swarm-editor/swarm-editor/internal/team/manager.go:167.2,168.26 2 1
github.com/swarm-editor/swarm-editor/internal/team/manager.go:172.47,176.14 3 1
github.com/swarm-editor/swarm-editor/internal/team/manager.go:176.14,178.3 1 1
github.com/swarm-editor/swarm-editor/internal/team/manager.go:180.2,180.43 1 1
github.com/swarm-editor/swarm-editor/internal/team/manager.go:180.43,182.3 1 1
github.com/swarm-editor/swarm-editor/internal/team/manager.go:184.2,184.41 1 1
github.com/swarm-editor/swarm-editor/internal/team/manager.go:184.41,186.3 1 1
github.com/swarm-editor/swarm-editor/internal/team/manager.go:188.2,189.12 2 1
github.com/swarm-editor/swarm-editor/internal/team/manager.go:193.49,197.2 3 1
github.com/swarm-editor/swarm-editor/internal/team/manager.go:201.67,206.2 4 1
github.com/swarm-editor/swarm-editor/internal/team/manager.go:209.71,217.2 6 1
github.com/swarm-editor/swarm-editor/internal/team/manager.go:221.59,226.2 4 1
github.com/swarm-editor/swarm-editor/internal/team/manager.go:229.46,234.33 4 1
github.com/swarm-editor/swarm-editor/internal/team/manager.go:234.33,236.3 1 1
github.com/swarm-editor/swarm-editor/internal/team/manager.go:237.2,237.15 1 1
github.com/swarm-editor/swarm-editor/internal/team/manager.go:241.38,246.30 4 1
github.com/swarm-editor/swarm-editor/internal/team/manager.go:246.30,247.15 1 1
github.com/swarm-editor/swarm-editor/internal/team/manager.go:247.15,249.4 1 1
github.com/swarm-editor/swarm-editor/internal/team/manager.go:252.2,253.29 2 1
github.com/swarm-editor/swarm-editor/internal/team/manager.go:253.29,254.38 1 1
github.com/swarm-editor/swarm-editor/internal/team/manager.go:254.38,256.4 1 1
github.com/swarm-editor/swarm-editor/internal/team/manager.go:259.2,267.3 1 1
github.com/swarm-editor/swarm-editor/internal/team/manager.go:289.40,294.30 4 1
github.com/swarm-editor/swarm-editor/internal/team/manager.go:294.30,300.3 1 1
github.com/swarm-editor/swarm-editor/internal/team/manager.go:302.2,303.29 2 1
github.com/swarm-editor/swarm-editor/internal/team/manager.go:303.29,305.3 1 0
github.com/swarm-editor/swarm-editor/internal/team/manager.go:307.2,315.3 1 1
github.com/swarm-editor/swarm-editor/internal/team/manager.go:404.61,416.2 1 1
github.com/swarm-editor/swarm-editor/internal/team/manager.go:419.57,420.16 1 1
github.com/swarm-editor/swarm-editor/internal/team/manager.go:420.16,422.3 1 1
github.com/swarm-editor/swarm-editor/internal/team/manager.go:424.2,432.26 4 1
github.com/swarm-editor/swarm-editor/internal/team/manager.go:436.57,437.32 1 1
github.com/swarm-editor/swarm-editor/internal/team/manager.go:437.32,439.3 1 1
github.com/swarm-editor/swarm-editor/internal/team/manager.go:441.2,445.9 4 1
github.com/swarm-editor/swarm-editor/internal/team/manager.go:445.9,448.3 2 1
github.com/swarm-editor/swarm-editor/internal/team/manager.go:450.2,450.52 1 1
github.com/swarm-editor/swarm-editor/internal/team/manager.go:450.52,452.3 1 1
github.com/swarm-editor/swarm-editor/internal/team/manager.go:454.2,455.12 2 1
github.com/swarm-editor/swarm-editor/internal/team/manager.go:459.53,463.35 3 1
github.com/swarm-editor/swarm-editor/internal/team/manager.go:463.35,464.30 1 1
github.com/swarm-editor/swarm-editor/internal/team/manager.go:464.30,466.4 1 1
github.com/swarm-editor/swarm-editor/internal/team/manager.go:471.91,482.2 3 1
github.com/swarm-editor/swarm-editor/internal/team/manager.go:485.49,489.2 3 1
github.com/swarm-editor/swarm-editor/internal/team/manager.go:492.58,497.39 4 1
github.com/swarm-editor/swarm-editor/internal/team/manager.go:497.39,499.30 2 1
github.com/swarm-editor/swarm-editor/internal/team/manager.go:499.30,502.4 2 0
github.com/swarm-editor/swarm-editor/internal/team/manager.go:503.3,503.31 1 1
github.com/swarm-editor/swarm-editor/internal/team/manager.go:505.2,505.15 1 1
github.com/swarm-editor/swarm-editor/internal/team/manager.go:509.63,510.32 1 1
github.com/swarm-editor/swarm-editor/internal/team/manager.go:510.32,512.3 1 1
github.com/swarm-editor/swarm-editor/internal/team/manager.go:514.2,527.15 6 1
github.com/swarm-editor/swarm-editor/internal/team/manager.go:531.95,532.20 1 1
github.com/swarm-editor/swarm-editor/internal/team/manager.go:532.20,534.3 1 1
github.com/swarm-editor/swarm-editor/internal/team/manager.go:535.2,535.18 1 1
github.com/swarm-editor/swarm-editor/internal/team/manager.go:535.18,537.3 1 1
github.com/swarm-editor/swarm-editor/internal/team/manager.go:538.2,538.19 1 1
github.com/swarm-editor/swarm-editor/internal/team/manager.go:538.19,540.3 1 1
github.com/swarm-editor/swarm-editor/internal/team/manager.go:542.2,546.9 4 1
github.com/swarm-editor/swarm-editor/internal/team/manager.go:546.9,548.3 1 1
github.com/swarm-editor/swarm-editor/internal/team/manager.go:550.2,559.12 4 1
github.com/swarm-editor/swarm-editor/internal/team/manager.go:563.74,567.43 3 1
github.com/swarm-editor/swarm-editor/internal/team/manager.go:567.43,572.3 4 1
github.com/swarm-editor/swarm-editor/internal/team/manager.go:576.66,580.9 4 1
github.com/swarm-editor/swarm-editor/internal/team/manager.go:580.9,582.3 1 1
github.com/swarm-editor/swarm-editor/internal/team/manager.go:583.2,584.18 2 1
github.com/swarm-editor/swarm-editor/internal/team/manager.go:602.28,607.2 3 0
github.com/swarm-editor/swarm-editor/internal/team/manager.go:611.52,613.22 1 1
github.com/swarm-editor/swarm-editor/internal/team/manager.go:613.22,614.55 1 1
github.com/swarm-editor/swarm-editor/internal/team/manager.go:614.55,618.4 2 0
github.com/swarm-editor/swarm-editor/internal/team/manager.go:621.2,630.55 2 1
github.com/swarm-editor/swarm-editor/internal/team/manager.go:630.55,635.25 4 0
github.com/swarm-editor/swarm-editor/internal/team/manager.go:635.25,646.4 1 0
github.com/swarm-editor/swarm-editor/internal/team/manager.go:650.2,652.10 2 1
github.com/swarm-editor/swarm-editor/internal/team/manager.go:656.58,658.2 1 0
github.com/swarm-editor/swarm-editor/internal/team/manager.go:662.27,664.2 1 0
github.com/swarm-editor/swarm-editor/internal/team/manager.go:667.28,669.16 2 0
github.com/swarm-editor/swarm-editor/internal/team/manager.go:669.16,671.3 1 0
github.com/swarm-editor/swarm-editor/internal/team/manager.go:672.2,672.48 1 0
github.com/swarm-editor/swarm-editor/internal/team/manager.go:676.34,677.24 1 1
github.com/swarm-editor/swarm-editor/internal/team/manager.go:677.24,679.3 1 0
github.com/swarm-editor/swarm-editor/internal/team/manager.go:681.2,682.16 2 1
github.com/swarm-editor/swarm-editor/internal/team/manager.go:682.16,684.3 1 0
github.com/swarm-editor/swarm-editor/internal/team/manager.go:686.2,686.29 1 1
github.com/swarm-editor/swarm-editor/internal/team/manager.go:686.29,687.43 1 0
github.com/swarm-editor/swarm-editor/internal/team/manager.go:687.43,688.12 1 0
github.com/swarm-editor/swarm-editor/internal/team/manager.go:691.3,693.17 3 0
github.com/swarm-editor/swarm-editor/internal/team/manager.go:693.17,694.12 1 0
github.com/swarm-editor/swarm-editor/internal/team/manager.go:697.3,698.53 2 0
github.com/swarm-editor/swarm-editor/internal/team/manager.go:698.53,699.12 1 0
github.com/swarm-editor/swarm-editor/internal/team/manager.go:704.3,704.47 1 0
github.com/swarm-editor/swarm-editor/internal/team/manager.go:704.47,706.12 2 0
github.com/swarm-editor/swarm-editor/internal/team/manager.go:710.3,710.26 1 0
github.com/swarm-editor/swarm-editor/internal/team/manager.go:710.26,712.4 1 0
github.com/swarm-editor/swarm-editor/internal/team/manager.go:713.3,713.25 1 0
github.com/swarm-editor/swarm-editor/internal/team/manager.go:713.25,715.4 1 0
github.com/swarm-editor/swarm-editor/internal/team/manager.go:716.3,716.29 1 0
github.com/swarm-editor/swarm-editor/internal/team/manager.go:716.29,718.4 1 0
github.com/swarm-editor/swarm-editor/internal/team/manager.go:720.3,723.38 2 0
github.com/swarm-editor/swarm-editor/internal/team/manager.go:723.38,725.4 1 0
github.com/swarm-editor/swarm-editor/internal/team/manager.go:726.3,726.36 1 0
github.com/swarm-editor/swarm-editor/internal/team/manager.go:726.36,728.4 1 0
github.com/swarm-editor/swarm-editor/internal/team/manager.go:733.48,734.24 1 1
github.com/swarm-editor/swarm-editor/internal/team/manager.go:734.24,736.3 1 0
github.com/swarm-editor/swarm-editor/internal/team/manager.go:738.2,739.16 2 1
github.com/swarm-editor/swarm-editor/internal/team/manager.go:739.16,741.3 1 0
github.com/swarm-editor/swarm-editor/internal/team/manager.go:743.2,746.58 3 1
github.com/swarm-editor/swarm-editor/internal/team/manager.go:746.58,748.3 1 0
github.com/swarm-editor/swarm-editor/internal/team/manager.go:749.2,749.49 1 1
github.com/swarm-editor/swarm-editor/internal/team/manager.go:749.49,753.3 2 0
github.com/swarm-editor/swarm-editor/internal/team/manager.go:755.2,755.12 1 1
github.com/swarm-editor/swarm-editor/internal/team/manager.go:759.55,760.24 1 1
github.com/swarm-editor/swarm-editor/internal/team/manager.go:760.24,762.3 1 0
github.com/swarm-editor/swarm-editor/internal/team/manager.go:765.2,765.74 1 1
github.com/swarm-editor/swarm-editor/internal/team/manager.go:765.74,767.3 1 0
github.com/swarm-editor/swarm-editor/internal/team/manager.go:769.2,770.24 2 1
github.com/swarm-editor/swarm-editor/internal/team/manager.go:774.65,776.2 1 1
github.com/swarm-editor/swarm-editor/internal/team/manager.go:779.86,789.43 7 1
github.com/swarm-editor/swarm-editor/internal/team/manager.go:789.43,791.3 1 0
github.com/swarm-editor/swarm-editor/internal/team/manager.go:793.2,793.18 1 1
github.com/swarm-editor/swarm-editor/internal/team/manager.go:799.52,804.2 4 1
github.com/swarm-editor/swarm-editor/internal/team/manager.go:807.41,812.9 4 1
github.com/swarm-editor/swarm-editor/internal/team/manager.go:812.9,814.3 1 0
github.com/swarm-editor/swarm-editor/internal/team/manager.go:817.2,819.37 3 1
github.com/swarm-editor/swarm-editor/internal/team/manager.go:819.37,821.3 1 1
github.com/swarm-editor/swarm-editor/internal/team/manager.go:822.2,823.35 2 1
github.com/swarm-editor/swarm-editor/internal/team/manager.go:823.35,825.3 1 0
github.com/swarm-editor/swarm-editor/internal/team/manager.go:826.2,830.37 3 1
github.com/swarm-editor/swarm-editor/internal/team/manager.go:830.37,831.40 1 1
github.com/swarm-editor/swarm-editor/internal/team/manager.go:831.40,833.24 2 1
github.com/swarm-editor/swarm-editor/internal/team/manager.go:833.24,835.5 1 1
github.com/swarm-editor/swarm-editor/internal/team/manager.go:835.10,837.5 1 0
github.com/swarm-editor/swarm-editor/internal/team/manager.go:842.2,842.35 1 1
github.com/swarm-editor/swarm-editor/internal/team/manager.go:842.35,843.40 1 1
github.com/swarm-editor/swarm-editor/internal/team/manager.go:843.40,845.24 2 1
github.com/swarm-editor/swarm-editor/internal/team/manager.go:845.24,847.5 1 1
github.com/swarm-editor/swarm-editor/internal/team/manager.go:847.10,849.5 1 0
github.com/swarm-editor/swarm-editor/internal/team/manager.go:854.2,857.45 2 1
github.com/swarm-editor/swarm-editor/internal/team/manager.go:857.45,859.3 1 0
github.com/swarm-editor/swarm-editor/internal/team/manager.go:863.39,868.31 4 1
github.com/swarm-editor/swarm-editor/internal/team/manager.go:868.31,870.3 1 1
github.com/swarm-editor/swarm-editor/internal/team/manager.go:871.2,871.15 1 1
github.com/swarm-editor/swarm-editor/internal/team/manager.go:875.55,880.31 4 1
github.com/swarm-editor/swarm-editor/internal/team/manager.go:880.31,881.42 1 1
github.com/swarm-editor/swarm-editor/internal/team/manager.go:881.42,883.4 1 1
github.com/swarm-editor/swarm-editor/internal/team/manager.go:885.2,885.15 1 1
github.com/swarm-editor/swarm-editor/internal/team/manager.go:889.74,890.14 1 1
github.com/swarm-editor/swarm-editor/internal/team/manager.go:890.14,892.3 1 1
github.com/swarm-editor/swarm-editor/internal/team/manager.go:894.2,898.9 4 1
github.com/swarm-editor/swarm-editor/internal/team/manager.go:898.9,900.3 1 1
github.com/swarm-editor/swarm-editor/internal/team/manager.go:904.2,904.25 1 1
github.com/swarm-editor/swarm-editor/internal/team/manager.go:908.81,913.9 4 1
github.com/swarm-editor/swarm-editor/internal/team/manager.go:913.9,915.3 1 1
github.com/swarm-editor/swarm-editor/internal/team/manager.go:919.2,922.24 4 1
github.com/swarm-editor/swarm-editor/internal/team/manager.go:922.24,928.3 1 0
github.com/swarm-editor/swarm-editor/internal/team/manager.go:930.2,930.12 1 1
github.com/swarm-editor/swarm-editor/internal/team/manager.go:934.64,938.2 3 1
github.com/swarm-editor/swarm-editor/internal/team/manager.go:941.46,946.31 4 1
github.com/swarm-editor/swarm-editor/internal/team/manager.go:946.31,948.3 1 1
github.com/swarm-editor/swarm-editor/internal/team/manager.go:949.2,949.15 1 1
github.com/swarm-editor/swarm-editor/internal/team/manager.go:953.84,956.9 3 1
github.com/swarm-editor/swarm-editor/internal/team/manager.go:956.9,959.3 2 1
github.com/swarm-editor/swarm-editor/internal/team/manager.go:960.2,964.9 3 1
github.com/swarm-editor/swarm-editor/internal/team/manager.go:964.9,966.3 1 1
github.com/swarm-editor/swarm-editor/internal/team/manager.go:968.2,968.47 1 1
github.com/swarm-editor/swarm-editor/internal/team/manager.go:972.105,977.9 4 1
github.com/swarm-editor/swarm-editor/internal/team/manager.go:977.9,979.3 1 0
github.com/swarm-editor/swarm-editor/internal/team/manager.go:982.2,982.69 1 1
github.com/swarm-editor/swarm-editor/internal/team/manager.go:982.69,984.3 1 1
github.com/swarm-editor/swarm-editor/internal/team/manager.go:987.2,987.49 1 1
github.com/swarm-editor/swarm-editor/internal/team/manager.go:987.49,989.3 1 0
github.com/swarm-editor/swarm-editor/internal/team/manager.go:992.2,996.47 2 1
github.com/swarm-editor/swarm-editor/internal/team/manager.go:996.47,998.3 1 0
github.com/swarm-editor/swarm-editor/internal/team/manager.go:1001.2,1004.43 2 1
github.com/swarm-editor/swarm-editor/internal/team/manager.go:1004.43,1006.3 1 0
github.com/swarm-editor/swarm-editor/internal/team/manager.go:1008.2,1008.12 1 1
github.com/swarm-editor/swarm-editor/internal/team/manager.go:1012.86,1017.9 4 1
github.com/swarm-editor/swarm-editor/internal/team/manager.go:1017.9,1019.3 1 0
github.com/swarm-editor/swarm-editor/internal/team/manager.go:1022.2,1022.26 1 1
github.com/swarm-editor/swarm-editor/internal/team/manager.go:1022.26,1024.3 1 0
github.com/swarm-editor/swarm-editor/internal/team/manager.go:1027.2,1027.71 1 1
github.com/swarm-editor/swarm-editor/internal/team/manager.go:1027.71,1029.3 1 0
github.com/swarm-editor/swarm-editor/internal/team/manager.go:1032.2,1032.50 1 1
github.com/swarm-editor/swarm-editor/internal/team/manager.go:1032.50,1034.3 1 0
github.com/swarm-editor/swarm-editor/internal/team/manager.go:1037.2,1037.37 1 1
github.com/swarm-editor/swarm-editor/internal/team/manager.go:1037.37,1039.23 2 1
github.com/swarm-editor/swarm-editor/internal/team/manager.go:1039.23,1041.4 1 1
github.com/swarm-editor/swarm-editor/internal/team/manager.go:1041.9,1043.4 1 0
github.com/swarm-editor/swarm-editor/internal/team/manager.go:1047.2,1047.43 1 1
github.com/swarm-editor/swarm-editor/internal/team/manager.go:1047.43,1049.3 1 0
github.com/swarm-editor/swarm-editor/internal/team/manager.go:1051.2,1051.12 1 1
github.com/swarm-editor/swarm-editor/internal/team/manager.go:1055.81,1060.9 4 1
github.com/swarm-editor/swarm-editor/internal/team/manager.go:1060.9,1062.3 1 0
github.com/swarm-editor/swarm-editor/internal/team/manager.go:1065.2,1065.68 1 1
github.com/swarm-editor/swarm-editor/internal/team/manager.go:1065.68,1067.3 1 0
github.com/swarm-editor/swarm-editor/internal/team/manager.go:1071.2,1073.19 3 1
github.com/swarm-editor/swarm-editor/internal/team/manager.go:1073.19,1075.3 1 1
github.com/swarm-editor/swarm-editor/internal/team/manager.go:1076.2,1077.18 2 1
github.com/swarm-editor/swarm-editor/internal/team/manager.go:1077.18,1079.3 1 0
github.com/swarm-editor/swarm-editor/internal/team/manager.go:1082.2,1085.43 2 1
github.com/swarm-editor/swarm-editor/internal/team/manager.go:1085.43,1087.3 1 0
github.com/swarm-editor/swarm-editor/internal/team/manager.go:1089.2,1089.12 1 1
github.com/swarm-editor/swarm-editor/internal/team/manager.go:1093.86,1098.9 4 1
github.com/swarm-editor/swarm-editor/internal/team/manager.go:1098.9,1100.3 1 0
github.com/swarm-editor/swarm-editor/internal/team/manager.go:1103.2,1103.70 1 1
github.com/swarm-editor/swarm-editor/internal/team/manager.go:1103.70,1105.3 1 0
github.com/swarm-editor/swarm-editor/internal/team/manager.go:1108.2,1113.39 4 1
github.com/swarm-editor/swarm-editor/internal/team/manager.go:1113.39,1115.23 2 1
github.com/swarm-editor/swarm-editor/internal/team/manager.go:1115.23,1117.4 1 1
github.com/swarm-editor/swarm-editor/internal/team/manager.go:1117.9,1119.4 1 0
github.com/swarm-editor/swarm-editor/internal/team/manager.go:1123.2,1123.43 1 1
github.com/swarm-editor/swarm-editor/internal/team/manager.go:1123.43,1125.3 1 0
github.com/swarm-editor/swarm-editor/internal/team/manager.go:1127.2,1127.12 1 1
github.com/swarm-editor/swarm-editor/internal/team/manager.go:1132.102,1136.9 4 1
github.com/swarm-editor/swarm-editor/internal/team/manager.go:1136.9,1138.3 1 1
github.com/swarm-editor/swarm-editor/internal/team/manager.go:1139.2,1139.47 1 1
github.com/swarm-editor/swarm-editor/internal/team/manager.go:1145.75,1148.57 3 1
github.com/swarm-editor/swarm-editor/internal/team/manager.go:1148.57,1150.3 1 0
github.com/swarm-editor/swarm-editor/internal/team/manager.go:1154.73,1156.14 2 1
github.com/swarm-editor/swarm-editor/internal/team/manager.go:1156.14,1159.3 2 1
github.com/swarm-editor/swarm-editor/internal/team/manager.go:1161.2,1162.9 2 1
github.com/swarm-editor/swarm-editor/internal/team/manager.go:1162.9,1165.3 2 1
github.com/swarm-editor/swarm-editor/internal/team/manager.go:1167.2,1168.56 2 1
github.com/swarm-editor/swarm-editor/internal/team/manager.go:1168.56,1170.3 1 0
github.com/swarm-editor/swarm-editor/internal/team/manager.go:1174.76,1183.61 3 1
github.com/swarm-editor/swarm-editor/internal/team/manager.go:1183.61,1186.3 2 1
github.com/swarm-editor/swarm-editor/internal/team/manager.go:1188.2,1188.39 1 1
github.com/swarm-editor/swarm-editor/internal/team/manager.go:1188.39,1191.3 2 1
github.com/swarm-editor/swarm-editor/internal/team/manager.go:1193.2,1194.16 2 1
github.com/swarm-editor/swarm-editor/internal/team/manager.go:1194.16,1197.3 2 0
github.com/swarm-editor/swarm-editor/internal/team/manager.go:1199.2,1201.56 3 1
github.com/swarm-editor/swarm-editor/internal/team/manager.go:1201.56,1203.3 1 0
github.com/swarm-editor/swarm-editor/internal/team/manager.go:1207.75,1209.18 2 1
github.com/swarm-editor/swarm-editor/internal/team/manager.go:1209.18,1212.3 2 1
github.com/swarm-editor/swarm-editor/internal/team/manager.go:1214.2,1222.61 3 1
github.com/swarm-editor/swarm-editor/internal/team/manager.go:1222.61,1225.3 2 1
github.com/swarm-editor/swarm-editor/internal/team/manager.go:1227.2,1227.93 1 1
github.com/swarm-editor/swarm-editor/internal/team/manager.go:1227.93,1228.42 1 1
github.com/swarm-editor/swarm-editor/internal/team/manager.go:1228.42,1230.4 1 1
github.com/swarm-editor/swarm-editor/internal/team/manager.go:1230.9,1232.4 1 0
github.com/swarm-editor/swarm-editor/internal/team/manager.go:1233.3,1233.9 1 1
github.com/swarm-editor/swarm-editor/internal/team/manager.go:1236.2,1236.30 1 1
github.com/swarm-editor/swarm-editor/internal/team/manager.go:1240.78,1245.53 4 1
github.com/swarm-editor/swarm-editor/internal/team/manager.go:1245.53,1248.3 2 1
github.com/swarm-editor/swarm-editor/internal/team/manager.go:1250.2,1250.80 1 1
github.com/swarm-editor/swarm-editor/internal/team/manager.go:1250.80,1251.42 1 0
github.com/swarm-editor/swarm-editor/internal/team/manager.go:1251.42,1253.4 1 0
github.com/swarm-editor/swarm-editor/internal/team/manager.go:1253.9,1255.4 1 0
github.com/swarm-editor/swarm-editor/internal/team/manager.go:1256.3,1256.9 1 0
github.com/swarm-editor/swarm-editor/internal/team/manager.go:1259.2,1259.30 1 1
github.com/swarm-editor/swarm-editor/internal/team/manager.go:1263.74,1265.18 2 1
github.com/swarm-editor/swarm-editor/internal/team/manager.go:1265.18,1268.3 2 1
github.com/swarm-editor/swarm-editor/internal/team/manager.go:1270.2,1277.61 3 1
github.com/swarm-editor/swarm-editor/internal/team/manager.go:1277.61,1280.3 2 1
github.com/swarm-editor/swarm-editor/internal/team/manager.go:1282.2,1282.83 1 1
github.com/swarm-editor/swarm-editor/internal/team/manager.go:1282.83,1283.42 1 0
github.com/swarm-editor/swarm-editor/internal/team/manager.go:1283.42,1285.4 1 0
github.com/swarm-editor/swarm-editor/internal/team/manager.go:1285.9,1287.4 1 0
github.com/swarm-editor/swarm-editor/internal/team/manager.go:1288.3,1288.9 1 0
github.com/swarm-editor/swarm-editor/internal/team/manager.go:1291.2,1291.30 1 1
github.com/swarm-editor/swarm-editor/internal/team/manager.go:1295.77,1300.54 4 1
github.com/swarm-editor/swarm-editor/internal/team/manager.go:1300.54,1303.3 2 1
github.com/swarm-editor/swarm-editor/internal/team/manager.go:1305.2,1305.80 1 1
github.com/swarm-editor/swarm-editor/internal/team/manager.go:1305.80,1306.42 1 0
github.com/swarm-editor/swarm-editor/internal/team/manager.go:1306.42,1308.4 1 0
github.com/swarm-editor/swarm-editor/internal/team/manager.go:1308.9,1310.4 1 0
github.com/swarm-editor/swarm-editor/internal/team/manager.go:1311.3,1311.9 1 0
github.com/swarm-editor/swarm-editor/internal/team/manager.go:1314.2,1314.30 1 1
github.com/swarm-editor/swarm-editor/internal/team/manager.go:1318.78,1320.18 2 1
github.com/swarm-editor/swarm-editor/internal/team/manager.go:1320.18,1323.3 2 1
github.com/swarm-editor/swarm-editor/internal/team/manager.go:1325.2,1326.9 2 1
github.com/swarm-editor/swarm-editor/internal/team/manager.go:1326.9,1329.3 2 1
github.com/swarm-editor/swarm-editor/internal/team/manager.go:1331.2,1332.67 2 1
github.com/swarm-editor/swarm-editor/internal/team/manager.go:1332.67,1334.3 1 0
github.com/swarm-editor/swarm-editor/internal/team/manager.go:1338.76,1342.37 3 1
github.com/swarm-editor/swarm-editor/internal/team/manager.go:1342.37,1345.3 2 1
github.com/swarm-editor/swarm-editor/internal/team/manager.go:1347.2,1348.9 2 1
github.com/swarm-editor/swarm-editor/internal/team/manager.go:1348.9,1351.3 2 1
github.com/swarm-editor/swarm-editor/internal/team/manager.go:1354.2,1354.29 1 1
github.com/swarm-editor/swarm-editor/internal/team/manager.go:1354.29,1357.3 2 1
github.com/swarm-editor/swarm-editor/internal/team/manager.go:1359.2,1360.30 2 1
github.com/swarm-editor/swarm-editor/internal/team/manager.go:1364.32,1366.40 2 1
github.com/swarm-editor/swarm-editor/internal/team/manager.go:1366.40,1369.3 1 0
github.com/swarm-editor/swarm-editor/internal/team/manager.go:1370.2,1370.30 1 1
github.com/swarm-editor/swarm-editor/internal/team/manager.go:1373.30,1375.2 1 1
github.com/swarm-editor/swarm-editor/internal/team/manager.go:1377.35,1379.2 1 1
github.com/swarm-editor/swarm-editor/internal/team/manager.go:1381.32,1383.2 1 1
github.com/swarm-editor/swarm-editor/internal/team/manager.go:1385.33,1387.2 1 1
github.com/swarm-editor/swarm-editor/internal/team/manager.go:1391.66,1392.26 1 1
github.com/swarm-editor/swarm-editor/internal/team/manager.go:1392.26,1393.16 1 1
github.com/swarm-editor/swarm-editor/internal/team/manager.go:1393.16,1399.4 4 1
github.com/swarm-editor/swarm-editor/internal/team/manager.go:1401.2,1401.14 1 1
github.com/swarm-editor/swarm-editor/internal/team/manager.go:1409.36,1410.35 1 1
github.com/swarm-editor/swarm-editor/internal/team/manager.go:1410.35,1412.3 1 1
github.com/swarm-editor/swarm-editor/internal/team/manager.go:1413.2,1413.43 1 1
github.com/swarm-editor/swarm-editor/internal/team/permissions.go:56.65,58.9 2 1
github.com/swarm-editor/swarm-editor/internal/team/permissions.go:58.9,60.3 1 1
github.com/swarm-editor/swarm-editor/internal/team/permissions.go:62.2,62.32 1 1
github.com/swarm-editor/swarm-editor/internal/team/permissions.go:62.32,63.22 1 1
github.com/swarm-editor/swarm-editor/internal/team/permissions.go:63.22,65.4 1 1
github.com/swarm-editor/swarm-editor/internal/team/permissions.go:67.2,67.14 1 1
github.com/swarm-editor/swarm-editor/internal/team/permissions.go:71.51,73.9 2 1
github.com/swarm-editor/swarm-editor/internal/team/permissions.go:73.9,75.3 1 1
github.com/swarm-editor/swarm-editor/internal/team/permissions.go:76.2,76.20 1 1
github.com/swarm-editor/swarm-editor/internal/team/permissions.go:80.36,91.2 1 1
github.com/swarm-editor/swarm-editor/internal/team/permissions.go:144.69,145.18 1 1
github.com/swarm-editor/swarm-editor/internal/team/permissions.go:145.18,147.3 1 1
github.com/swarm-editor/swarm-editor/internal/team/permissions.go:148.2,158.11 5 1
github.com/swarm-editor/swarm-editor/internal/team/permissions.go:162.37,165.2 2 0
github.com/swarm-editor/swarm-editor/internal/team/permissions.go:168.66,173.6 4 1
github.com/swarm-editor/swarm-editor/internal/team/permissions.go:173.6,174.10 1 1
github.com/swarm-editor/swarm-editor/internal/team/permissions.go:175.21,176.10 1 0
github.com/swarm-editor/swarm-editor/internal/team/permissions.go:177.19,180.37 3 0
github.com/swarm-editor/swarm-editor/internal/team/permissions.go:180.37,181.64 1 0
github.com/swarm-editor/swarm-editor/internal/team/permissions.go:181.64,184.6 2 0
github.com/swarm-editor/swarm-editor/internal/team/permissions.go:186.5,186.85 1 0
github.com/swarm-editor/swarm-editor/internal/team/permissions.go:186.85,188.40 2 0
github.com/swarm-editor/swarm-editor/internal/team/permissions.go:188.40,191.7 2 0
github.com/swarm-editor/swarm-editor/internal/team/permissions.go:194.4,194.18 1 0
github.com/swarm-editor/swarm-editor/internal/team/permissions.go:200.145,224.22 8 1
github.com/swarm-editor/swarm-editor/internal/team/permissions.go:224.22,225.46 1 1
github.com/swarm-editor/swarm-editor/internal/team/permissions.go:225.46,226.17 1 1
github.com/swarm-editor/swarm-editor/internal/team/permissions.go:226.17,227.33 1 1
github.com/swarm-editor/swarm-editor/internal/team/permissions.go:227.33,229.6 1 0
github.com/swarm-editor/swarm-editor/internal/team/permissions.go:231.4,231.17 1 1
github.com/swarm-editor/swarm-editor/internal/team/permissions.go:236.2,236.9 1 1
github.com/swarm-editor/swarm-editor/internal/team/permissions.go:237.24,237.24 0 1
github.com/swarm-editor/swarm-editor/internal/team/permissions.go:238.10,238.10 0 0
github.com/swarm-editor/swarm-editor/internal/team/permissions.go:242.2,242.12 1 1
github.com/swarm-editor/swarm-editor/internal/team/permissions.go:246.92,252.9 5 1
github.com/swarm-editor/swarm-editor/internal/team/permissions.go:252.9,254.3 1 0
github.com/swarm-editor/swarm-editor/internal/team/permissions.go:256.2,259.9 3 1
github.com/swarm-editor/swarm-editor/internal/team/permissions.go:260.26,261.12 1 1
github.com/swarm-editor/swarm-editor/internal/team/permissions.go:261.12,263.4 1 0
github.com/swarm-editor/swarm-editor/internal/team/permissions.go:264.3,264.20 1 1
github.com/swarm-editor/swarm-editor/internal/team/permissions.go:265.17,271.11 2 1
github.com/swarm-editor/swarm-editor/internal/team/permissions.go:276.113,281.9 4 1
github.com/swarm-editor/swarm-editor/internal/team/permissions.go:281.9,283.3 1 1
github.com/swarm-editor/swarm-editor/internal/team/permissions.go:285.2,285.33 1 1
github.com/swarm-editor/swarm-editor/internal/team/permissions.go:285.33,287.3 1 1
github.com/swarm-editor/swarm-editor/internal/team/permissions.go:289.2,291.15 3 1
github.com/swarm-editor/swarm-editor/internal/team/permissions.go:291.15,293.3 1 1
github.com/swarm-editor/swarm-editor/internal/team/permissions.go:294.2,299.43 4 1
github.com/swarm-editor/swarm-editor/internal/team/permissions.go:299.43,306.10 2 1
github.com/swarm-editor/swarm-editor/internal/team/permissions.go:307.19,307.19 0 1
github.com/swarm-editor/swarm-editor/internal/team/permissions.go:308.11,308.11 0 0
github.com/swarm-editor/swarm-editor/internal/team/permissions.go:311.3,312.34 2 1
github.com/swarm-editor/swarm-editor/internal/team/permissions.go:316.2,318.23 2 1
github.com/swarm-editor/swarm-editor/internal/team/permissions.go:318.23,319.46 1 0
github.com/swarm-editor/swarm-editor/internal/team/permissions.go:319.46,320.17 1 0
github.com/swarm-editor/swarm-editor/internal/team/permissions.go:320.17,321.33 1 0
github.com/swarm-editor/swarm-editor/internal/team/permissions.go:321.33,323.6 1 0
github.com/swarm-editor/swarm-editor/internal/team/permissions.go:325.4,325.17 1 0
github.com/swarm-editor/swarm-editor/internal/team/permissions.go:329.2,329.12 1 1
github.com/swarm-editor/swarm-editor/internal/team/permissions.go:333.86,337.9 4 1
github.com/swarm-editor/swarm-editor/internal/team/permissions.go:337.9,339.3 1 0
github.com/swarm-editor/swarm-editor/internal/team/permissions.go:340.2,340.34 1 1
github.com/swarm-editor/swarm-editor/internal/team/permissions.go:344.85,347.24 2 1
github.com/swarm-editor/swarm-editor/internal/team/permissions.go:347.24,349.3 1 0
github.com/swarm-editor/swarm-editor/internal/team/permissions.go:350.2,350.12 1 1
github.com/swarm-editor/swarm-editor/internal/team/permissions.go:354.72,359.34 4 1
github.com/swarm-editor/swarm-editor/internal/team/permissions.go:359.34,360.34 1 1
github.com/swarm-editor/swarm-editor/internal/team/permissions.go:360.34,362.4 1 1
github.com/swarm-editor/swarm-editor/internal/team/permissions.go:364.2,364.16 1 1
github.com/swarm-editor/swarm-editor/internal/team/permissions.go:368.68,373.9 4 1
github.com/swarm-editor/swarm-editor/internal/team/permissions.go:373.9,375.3 1 0
github.com/swarm-editor/swarm-editor/internal/team/permissions.go:377.2,377.33 1 1
github.com/swarm-editor/swarm-editor/internal/team/permissions.go:377.33,379.3 1 0
github.com/swarm-editor/swarm-editor/internal/team/permissions.go:381.2,386.43 4 1
github.com/swarm-editor/swarm-editor/internal/team/permissions.go:386.43,389.3 2 1
github.com/swarm-editor/swarm-editor/internal/team/permissions.go:391.2,391.12 1 1
github.com/swarm-editor/swarm-editor/internal/team/permissions.go:395.69,399.2 3 1
github.com/swarm-editor/swarm-editor/internal/team/permissions.go:402.70,406.2 3 1
github.com/swarm-editor/swarm-editor/internal/team/permissions.go:409.73,411.2 1 1
github.com/swarm-editor/swarm-editor/internal/team/permissions.go:414.62,418.74 3 1
github.com/swarm-editor/swarm-editor/internal/team/permissions.go:418.74,422.3 3 1
github.com/swarm-editor/swarm-editor/internal/team/permissions.go:426.33,430.2 3 1
github.com/swarm-editor/swarm-editor/internal/team/permissions.go:434.54,435.14 1 1
github.com/swarm-editor/swarm-editor/internal/team/permissions.go:435.14,437.3 1 1
github.com/swarm-editor/swarm-editor/internal/team/permissions.go:438.2,439.22 2 1
github.com/swarm-editor/swarm-editor/internal/team/permissions.go:439.22,440.26 1 1
github.com/swarm-editor/swarm-editor/internal/team/permissions.go:441.23,442.31 1 1
github.com/swarm-editor/swarm-editor/internal/team/permissions.go:443.14,445.29 2 1
github.com/swarm-editor/swarm-editor/internal/team/permissions.go:445.29,446.29 1 1
github.com/swarm-editor/swarm-editor/internal/team/permissions.go:447.25,448.34 1 1
github.com/swarm-editor/swarm-editor/internal/team/permissions.go:449.13,450.18 1 1
github.com/swarm-editor/swarm-editor/internal/team/permissions.go:453.4,453.17 1 1
github.com/swarm-editor/swarm-editor/internal/team/permissions.go:454.11,455.13 1 1
github.com/swarm-editor/swarm-editor/internal/team/permissions.go:458.2,458.11 1 1
github.com/swarm-editor/swarm-editor/internal/team/team_scheduler.go:117.128,118.29 1 1
github.com/swarm-editor/swarm-editor/internal/team/team_scheduler.go:118.29,120.3 1 1
github.com/swarm-editor/swarm-editor/internal/team/team_scheduler.go:121.2,121.29 1 1
github.com/swarm-editor/swarm-editor/internal/team/team_scheduler.go:121.29,123.3 1 1
github.com/swarm-editor/swarm-editor/internal/team/team_scheduler.go:125.2,136.3 1 1
github.com/swarm-editor/swarm-editor/internal/team/team_scheduler.go:140.58,144.15 3 1
github.com/swarm-editor/swarm-editor/internal/team/team_scheduler.go:144.15,146.3 1 0
github.com/swarm-editor/swarm-editor/internal/team/team_scheduler.go:148.2,156.12 6 1
github.com/swarm-editor/swarm-editor/internal/team/team_scheduler.go:160.32,162.16 2 1
github.com/swarm-editor/swarm-editor/internal/team/team_scheduler.go:162.16,165.3 2 0
github.com/swarm-editor/swarm-editor/internal/team/team_scheduler.go:166.2,168.21 3 1
github.com/swarm-editor/swarm-editor/internal/team/team_scheduler.go:168.21,170.3 1 1
github.com/swarm-editor/swarm-editor/internal/team/team_scheduler.go:171.2,174.49 3 1
github.com/swarm-editor/swarm-editor/internal/team/team_scheduler.go:178.63,180.17 1 1
github.com/swarm-editor/swarm-editor/internal/team/team_scheduler.go:180.17,182.3 1 0
github.com/swarm-editor/swarm-editor/internal/team/team_scheduler.go:183.2,183.19 1 1
github.com/swarm-editor/swarm-editor/internal/team/team_scheduler.go:183.19,185.3 1 0
github.com/swarm-editor/swarm-editor/internal/team/team_scheduler.go:187.2,194.12 6 1
github.com/swarm-editor/swarm-editor/internal/team/team_scheduler.go:198.42,204.6 4 1
github.com/swarm-editor/swarm-editor/internal/team/team_scheduler.go:204.6,205.10 1 1
github.com/swarm-editor/swarm-editor/internal/team/team_scheduler.go:206.23,207.10 1 1
github.com/swarm-editor/swarm-editor/internal/team/team_scheduler.go:208.19,209.20 1 0
github.com/swarm-editor/swarm-editor/internal/team/team_scheduler.go:215.40,218.49 2 1
github.com/swarm-editor/swarm-editor/internal/team/team_scheduler.go:218.49,221.3 2 0
github.com/swarm-editor/swarm-editor/internal/team/team_scheduler.go:223.2,224.17 2 1
github.com/swarm-editor/swarm-editor/internal/team/team_scheduler.go:224.17,227.3 2 0
github.com/swarm-editor/swarm-editor/internal/team/team_scheduler.go:229.2,230.22 2 1
github.com/swarm-editor/swarm-editor/internal/team/team_scheduler.go:230.22,233.3 2 0
github.com/swarm-editor/swarm-editor/internal/team/team_scheduler.go:235.2,239.21 3 1
github.com/swarm-editor/swarm-editor/internal/team/team_scheduler.go:239.21,241.3 1 0
github.com/swarm-editor/swarm-editor/internal/team/team_scheduler.go:245.54,246.30 1 1
github.com/swarm-editor/swarm-editor/internal/team/team_scheduler.go:246.30,248.3 1 0
github.com/swarm-editor/swarm-editor/internal/team/team_scheduler.go:250.2,251.38 2 1
github.com/swarm-editor/swarm-editor/internal/team/team_scheduler.go:251.38,252.34 1 1
github.com/swarm-editor/swarm-editor/internal/team/team_scheduler.go:252.34,253.12 1 0
github.com/swarm-editor/swarm-editor/internal/team/team_scheduler.go:256.3,256.57 1 1
github.com/swarm-editor/swarm-editor/internal/team/team_scheduler.go:256.57,258.4 1 1
github.com/swarm-editor/swarm-editor/internal/team/team_scheduler.go:261.2,261.16 1 1
github.com/swarm-editor/swarm-editor/internal/team/team_scheduler.go:265.70,266.42 1 1
github.com/swarm-editor/swarm-editor/internal/team/team_scheduler.go:266.42,268.39 2 1
github.com/swarm-editor/swarm-editor/internal/team/team_scheduler.go:268.39,270.4 1 1
github.com/swarm-editor/swarm-editor/internal/team/team_scheduler.go:272.2,272.13 1 1
github.com/swarm-editor/swarm-editor/internal/team/team_scheduler.go:276.68,278.31 2 1
github.com/swarm-editor/swarm-editor/internal/team/team_scheduler.go:278.31,280.3 1 0
github.com/swarm-editor/swarm-editor/internal/team/team_scheduler.go:282.2,282.23 1 1
github.com/swarm-editor/swarm-editor/internal/team/team_scheduler.go:283.34,284.53 1 1
github.com/swarm-editor/swarm-editor/internal/team/team_scheduler.go:285.32,286.51 1 1
github.com/swarm-editor/swarm-editor/internal/team/team_scheduler.go:287.29,288.48 1 1
github.com/swarm-editor/swarm-editor/internal/team/team_scheduler.go:289.35,290.54 1 1
github.com/swarm-editor/swarm-editor/internal/team/team_scheduler.go:291.29,292.48 1 1
github.com/swarm-editor/swarm-editor/internal/team/team_scheduler.go:293.10,294.48 1 1
github.com/swarm-editor/swarm-editor/internal/team/team_scheduler.go:299.78,305.41 4 1
github.com/swarm-editor/swarm-editor/internal/team/team_scheduler.go:305.41,307.56 1 1
github.com/swarm-editor/swarm-editor/internal/team/team_scheduler.go:307.56,308.12 1 1
github.com/swarm-editor/swarm-editor/internal/team/team_scheduler.go:312.3,313.40 2 1
github.com/swarm-editor/swarm-editor/internal/team/team_scheduler.go:313.40,315.4 1 1
github.com/swarm-editor/swarm-editor/internal/team/team_scheduler.go:318.2,318.18 1 1
github.com/swarm-editor/swarm-editor/internal/team/team_scheduler.go:322.91,323.22 1 1
github.com/swarm-editor/swarm-editor/internal/team/team_scheduler.go:323.22,325.3 1 0
github.com/swarm-editor/swarm-editor/internal/team/team_scheduler.go:328.2,334.28 3 1
github.com/swarm-editor/swarm-editor/internal/team/team_scheduler.go:334.28,337.3 2 1
github.com/swarm-editor/swarm-editor/internal/team/team_scheduler.go:339.2,339.41 1 1
github.com/swarm-editor/swarm-editor/internal/team/team_scheduler.go:339.41,341.3 1 1
github.com/swarm-editor/swarm-editor/internal/team/team_scheduler.go:343.2,343.31 1 1
github.com/swarm-editor/swarm-editor/internal/team/team_scheduler.go:347.89,348.22 1 1
github.com/swarm-editor/swarm-editor/internal/team/team_scheduler.go:348.22,350.3 1 0
github.com/swarm-editor/swarm-editor/internal/team/team_scheduler.go:353.2,356.28 3 1
github.com/swarm-editor/swarm-editor/internal/team/team_scheduler.go:356.28,358.22 2 1
github.com/swarm-editor/swarm-editor/internal/team/team_scheduler.go:358.22,361.4 2 1
github.com/swarm-editor/swarm-editor/internal/team/team_scheduler.go:364.2,364.20 1 1
github.com/swarm-editor/swarm-editor/internal/team/team_scheduler.go:364.20,366.3 1 0
github.com/swarm-editor/swarm-editor/internal/team/team_scheduler.go:368.2,368.27 1 1
github.com/swarm-editor/swarm-editor/internal/team/team_scheduler.go:372.86,373.22 1 1
github.com/swarm-editor/swarm-editor/internal/team/team_scheduler.go:373.22,375.3 1 0
github.com/swarm-editor/swarm-editor/internal/team/team_scheduler.go:377.2,383.28 3 1
github.com/swarm-editor/swarm-editor/internal/team/team_scheduler.go:383.28,386.3 2 1
github.com/swarm-editor/swarm-editor/internal/team/team_scheduler.go:388.2,388.41 1 1
github.com/swarm-editor/swarm-editor/internal/team/team_scheduler.go:388.41,390.3 1 1
github.com/swarm-editor/swarm-editor/internal/team/team_scheduler.go:392.2,392.31 1 1
github.com/swarm-editor/swarm-editor/internal/team/team_scheduler.go:396.92,397.22 1 1
github.com/swarm-editor/swarm-editor/internal/team/team_scheduler.go:397.22,399.3 1 0
github.com/swarm-editor/swarm-editor/internal/team/team_scheduler.go:402.2,409.28 3 1
github.com/swarm-editor/swarm-editor/internal/team/team_scheduler.go:409.28,413.3 3 1
github.com/swarm-editor/swarm-editor/internal/team/team_scheduler.go:416.2,416.41 1 1
github.com/swarm-editor/swarm-editor/internal/team/team_scheduler.go:416.41,418.3 1 1
github.com/swarm-editor/swarm-editor/internal/team/team_scheduler.go:421.2,422.25 2 1
github.com/swarm-editor/swarm-editor/internal/team/team_scheduler.go:422.25,424.3 1 0
github.com/swarm-editor/swarm-editor/internal/team/team_scheduler.go:426.2,427.23 2 1
github.com/swarm-editor/swarm-editor/internal/team/team_scheduler.go:427.23,429.3 1 1
github.com/swarm-editor/swarm-editor/internal/team/team_scheduler.go:431.2,431.15 1 1
github.com/swarm-editor/swarm-editor/internal/team/team_scheduler.go:435.86,436.22 1 1
github.com/swarm-editor/swarm-editor/internal/team/team_scheduler.go:436.22,438.3 1 0
github.com/swarm-editor/swarm-editor/internal/team/team_scheduler.go:441.2,447.28 3 1
github.com/swarm-editor/swarm-editor/internal/team/team_scheduler.go:447.28,452.3 3 1
github.com/swarm-editor/swarm-editor/internal/team/team_scheduler.go:454.2,454.39 1 1
github.com/swarm-editor/swarm-editor/internal/team/team_scheduler.go:454.39,456.3 1 1
github.com/swarm-editor/swarm-editor/internal/team/team_scheduler.go:459.2,459.21 1 1
github.com/swarm-editor/swarm-editor/internal/team/team_scheduler.go:459.21,461.3 1 1
github.com/swarm-editor/swarm-editor/internal/team/team_scheduler.go:463.2,463.12 1 0
github.com/swarm-editor/swarm-editor/internal/team/team_scheduler.go:467.90,471.52 2 1
github.com/swarm-editor/swarm-editor/internal/team/team_scheduler.go:471.52,473.3 1 1
github.com/swarm-editor/swarm-editor/internal/team/team_scheduler.go:473.8,475.3 1 1
github.com/swarm-editor/swarm-editor/internal/team/team_scheduler.go:478.2,482.24 3 1
github.com/swarm-editor/swarm-editor/internal/team/team_scheduler.go:482.24,484.74 1 1
github.com/swarm-editor/swarm-editor/internal/team/team_scheduler.go:484.74,486.4 1 1
github.com/swarm-editor/swarm-editor/internal/team/team_scheduler.go:489.2,489.14 1 1
github.com/swarm-editor/swarm-editor/internal/team/team_scheduler.go:494.68,495.49 1 1
github.com/swarm-editor/swarm-editor/internal/team/team_scheduler.go:495.49,497.36 2 1
github.com/swarm-editor/swarm-editor/internal/team/team_scheduler.go:497.36,499.4 1 1
github.com/swarm-editor/swarm-editor/internal/team/team_scheduler.go:500.3,500.26 1 1
github.com/swarm-editor/swarm-editor/internal/team/team_scheduler.go:500.26,502.4 1 1
github.com/swarm-editor/swarm-editor/internal/team/team_scheduler.go:504.2,504.12 1 1
github.com/swarm-editor/swarm-editor/internal/team/team_scheduler.go:509.81,522.28 6 1
github.com/swarm-editor/swarm-editor/internal/team/team_scheduler.go:522.28,524.3 1 1
github.com/swarm-editor/swarm-editor/internal/team/team_scheduler.go:527.2,527.33 1 1
github.com/swarm-editor/swarm-editor/internal/team/team_scheduler.go:527.33,537.27 3 1
github.com/swarm-editor/swarm-editor/internal/team/team_scheduler.go:537.27,538.17 1 1
github.com/swarm-editor/swarm-editor/internal/team/team_scheduler.go:538.17,540.33 2 1
github.com/swarm-editor/swarm-editor/internal/team/team_scheduler.go:540.33,542.6 1 0
github.com/swarm-editor/swarm-editor/internal/team/team_scheduler.go:544.4,544.43 1 1
github.com/swarm-editor/swarm-editor/internal/team/team_scheduler.go:544.43,546.5 1 1
github.com/swarm-editor/swarm-editor/internal/team/team_scheduler.go:551.2,551.48 1 1
github.com/swarm-editor/swarm-editor/internal/team/team_scheduler.go:551.48,555.17 4 1
github.com/swarm-editor/swarm-editor/internal/team/team_scheduler.go:555.17,555.40 1 1
github.com/swarm-editor/swarm-editor/internal/team/team_scheduler.go:557.2,557.12 1 1
github.com/swarm-editor/swarm-editor/internal/team/team_scheduler.go:564.82,568.9 3 1
github.com/swarm-editor/swarm-editor/internal/team/team_scheduler.go:568.9,571.3 2 0
github.com/swarm-editor/swarm-editor/internal/team/team_scheduler.go:573.2,582.47 6 1
github.com/swarm-editor/swarm-editor/internal/team/team_scheduler.go:582.47,584.3 1 1
github.com/swarm-editor/swarm-editor/internal/team/team_scheduler.go:587.2,587.37 1 1
github.com/swarm-editor/swarm-editor/internal/team/team_scheduler.go:587.37,589.26 2 1
github.com/swarm-editor/swarm-editor/internal/team/team_scheduler.go:589.26,591.4 1 1
github.com/swarm-editor/swarm-editor/internal/team/team_scheduler.go:594.3,594.25 1 1
github.com/swarm-editor/swarm-editor/internal/team/team_scheduler.go:594.25,596.4 1 1
github.com/swarm-editor/swarm-editor/internal/team/team_scheduler.go:596.9,598.4 1 0
github.com/swarm-editor/swarm-editor/internal/team/team_scheduler.go:602.2,602.30 1 1
github.com/swarm-editor/swarm-editor/internal/team/team_scheduler.go:602.30,603.39 1 1
github.com/swarm-editor/swarm-editor/internal/team/team_scheduler.go:603.39,604.40 1 1
github.com/swarm-editor/swarm-editor/internal/team/team_scheduler.go:604.40,605.15 1 1
github.com/swarm-editor/swarm-editor/internal/team/team_scheduler.go:605.15,606.34 1 1
github.com/swarm-editor/swarm-editor/internal/team/team_scheduler.go:606.34,608.7 1 1
github.com/swarm-editor/swarm-editor/internal/team/team_scheduler.go:610.6,610.28 1 1
github.com/swarm-editor/swarm-editor/internal/team/team_scheduler.go:610.28,612.7 1 1
github.com/swarm-editor/swarm-editor/internal/team/team_scheduler.go:619.2,623.23 3 1
github.com/swarm-editor/swarm-editor/internal/team/team_scheduler.go:623.23,625.3 1 1
github.com/swarm-editor/swarm-editor/internal/team/team_scheduler.go:630.58,633.21 2 1
github.com/swarm-editor/swarm-editor/internal/team/team_scheduler.go:633.21,635.3 1 0
github.com/swarm-editor/swarm-editor/internal/team/team_scheduler.go:638.2,643.41 3 1
github.com/swarm-editor/swarm-editor/internal/team/team_scheduler.go:643.41,645.3 1 1
github.com/swarm-editor/swarm-editor/internal/team/team_scheduler.go:648.2,648.40 1 1
github.com/swarm-editor/swarm-editor/internal/team/team_scheduler.go:648.40,650.3 1 1
github.com/swarm-editor/swarm-editor/internal/team/team_scheduler.go:653.2,653.53 1 1
github.com/swarm-editor/swarm-editor/internal/team/team_scheduler.go:653.53,655.3 1 1
github.com/swarm-editor/swarm-editor/internal/team/team_scheduler.go:659.86,664.9 4 1
github.com/swarm-editor/swarm-editor/internal/team/team_scheduler.go:664.9,666.3 1 0
github.com/swarm-editor/swarm-editor/internal/team/team_scheduler.go:669.2,679.37 4 1
github.com/swarm-editor/swarm-editor/internal/team/team_scheduler.go:679.37,680.22 1 1
github.com/swarm-editor/swarm-editor/internal/team/team_scheduler.go:680.22,682.4 1 0
github.com/swarm-editor/swarm-editor/internal/team/team_scheduler.go:684.2,689.32 4 1
github.com/swarm-editor/swarm-editor/internal/team/team_scheduler.go:689.32,691.3 1 1
github.com/swarm-editor/swarm-editor/internal/team/team_scheduler.go:692.2,694.12 2 1
github.com/swarm-editor/swarm-editor/internal/team/team_scheduler.go:698.52,705.35 5 1
github.com/swarm-editor/swarm-editor/internal/team/team_scheduler.go:705.35,707.3 1 0
github.com/swarm-editor/swarm-editor/internal/team/team_scheduler.go:708.2,708.26 1 1
github.com/swarm-editor/swarm-editor/internal/team/team_scheduler.go:708.26,710.3 1 0
github.com/swarm-editor/swarm-editor/internal/team/team_scheduler.go:712.2,712.41 1 1
github.com/swarm-editor/swarm-editor/internal/team/team_scheduler.go:712.41,714.3 1 0
github.com/swarm-editor/swarm-editor/internal/team/team_scheduler.go:715.2,715.29 1 1
github.com/swarm-editor/swarm-editor/internal/team/team_scheduler.go:715.29,717.3 1 0
github.com/swarm-editor/swarm-editor/internal/team/team_scheduler.go:719.2,726.3 1 1
github.com/swarm-editor/swarm-editor/internal/team/team_scheduler.go:740.75,747.2 5 1
github.com/swarm-editor/swarm-editor/internal/team/team_scheduler.go:752.73,756.2 3 1
github.com/swarm-editor/swarm-editor/internal/team/team_scheduler.go:759.93,763.2 3 1
github.com/swarm-editor/swarm-editor/internal/team/team_scheduler.go:790.92,796.2 1 1
github.com/swarm-editor/swarm-editor/internal/team/team_scheduler.go:799.134,801.9 1 1
github.com/swarm-editor/swarm-editor/internal/team/team_scheduler.go:802.20,803.19 1 0
github.com/swarm-editor/swarm-editor/internal/team/team_scheduler.go:804.10,804.10 0 1
github.com/swarm-editor/swarm-editor/internal/team/team_scheduler.go:807.2,813.41 5 1
github.com/swarm-editor/swarm-editor/internal/team/team_scheduler.go:813.41,814.22 1 1
github.com/swarm-editor/swarm-editor/internal/team/team_scheduler.go:814.22,815.12 1 1
github.com/swarm-editor/swarm-editor/internal/team/team_scheduler.go:819.3,821.15 2 1
github.com/swarm-editor/swarm-editor/internal/team/team_scheduler.go:821.15,823.4 1 1
github.com/swarm-editor/swarm-editor/internal/team/team_scheduler.go:825.2,827.23 2 1
github.com/swarm-editor/swarm-editor/internal/team/team_scheduler.go:827.23,829.3 1 1
github.com/swarm-editor/swarm-editor/internal/team/team_scheduler.go:832.2,832.35 1 1
github.com/swarm-editor/swarm-editor/internal/team/team_scheduler.go:832.35,842.27 3 1
github.com/swarm-editor/swarm-editor/internal/team/team_scheduler.go:842.27,843.17 1 1
github.com/swarm-editor/swarm-editor/internal/team/team_scheduler.go:843.17,844.33 1 1
github.com/swarm-editor/swarm-editor/internal/team/team_scheduler.go:844.33,846.6 1 0
github.com/swarm-editor/swarm-editor/internal/team/team_scheduler.go:847.5,847.16 1 1
github.com/swarm-editor/swarm-editor/internal/team/team_scheduler.go:850.4,850.11 1 1
github.com/swarm-editor/swarm-editor/internal/team/team_scheduler.go:851.22,852.11 1 0
github.com/swarm-editor/swarm-editor/internal/team/team_scheduler.go:853.12,853.12 0 1
github.com/swarm-editor/swarm-editor/internal/team/team_scheduler.go:855.4,855.43 1 1
github.com/swarm-editor/swarm-editor/internal/team/team_scheduler.go:855.43,857.5 1 0
github.com/swarm-editor/swarm-editor/internal/team/team_scheduler.go:861.2,861.12 1 1
github.com/swarm-editor/swarm-editor/internal/team/team_scheduler.go:865.121,881.33 5 1
github.com/swarm-editor/swarm-editor/internal/team/team_scheduler.go:881.33,889.27 3 1
github.com/swarm-editor/swarm-editor/internal/team/team_scheduler.go:889.27,890.17 1 1
github.com/swarm-editor/swarm-editor/internal/team/team_scheduler.go:890.17,891.33 1 1
github.com/swarm-editor/swarm-editor/internal/team/team_scheduler.go:891.33,893.6 1 0
github.com/swarm-editor/swarm-editor/internal/team/team_scheduler.go:894.5,894.16 1 1
github.com/swarm-editor/swarm-editor/internal/team/team_scheduler.go:896.4,896.43 1 1
github.com/swarm-editor/swarm-editor/internal/team/team_scheduler.go:896.43,898.5 1 0
github.com/swarm-editor/swarm-editor/internal/team/team_scheduler.go:902.2,902.15 1 1
github.com/swarm-editor/swarm-editor/internal/team/team_scheduler.go:906.77,910.57 3 1
github.com/swarm-editor/swarm-editor/internal/team/team_scheduler.go:910.57,913.3 2 1
github.com/swarm-editor/swarm-editor/internal/team/team_scheduler.go:918.44,920.2 1 1
github.com/swarm-editor/swarm-editor/internal/team/team_scheduler.go:923.68,924.30 1 1
github.com/swarm-editor/swarm-editor/internal/team/team_scheduler.go:924.30,926.3 1 1
github.com/swarm-editor/swarm-editor/internal/team/team_scheduler.go:927.2,927.28 1 1
github.com/swarm-editor/swarm-editor/internal/team/team_scheduler.go:927.28,929.3 1 1
github.com/swarm-editor/swarm-editor/internal/team/team_scheduler.go:932.2,933.37 2 1
github.com/swarm-editor/swarm-editor/internal/team/team_scheduler.go:933.37,935.3 1 1
github.com/swarm-editor/swarm-editor/internal/team/team_scheduler.go:938.2,938.42 1 1
github.com/swarm-editor/swarm-editor/internal/team/team_scheduler.go:938.42,939.26 1 1
github.com/swarm-editor/swarm-editor/internal/team/team_scheduler.go:939.26,941.4 1 1
github.com/swarm-editor/swarm-editor/internal/team/team_scheduler.go:944.2,944.13 1 1
